[    0.000000] microcode: microcode updated early to revision 0x21, date = 2019-02-13
[    0.000000] Linux version 4.15.18 (root@ele-a2459-04) (gcc version 7.4.0 (Ubuntu 7.4.0-1ubuntu1~18.04.1)) #2 SMP PREEMPT Fri Oct 25 11:32:16 EDT 2019 (Ubuntu 4.15.0-23.25-generic 4.15.18)
[    0.000000] Command line: BOOT_IMAGE=/boot/vmlinuz-4.15.18 root=UUID=08f513db-4ecd-40da-a6f2-bfe581a76ff5 ro quiet splash vt.handoff=1
[    0.000000] KERNEL supported cpus:
[    0.000000]   Intel GenuineIntel
[    0.000000]   AMD AuthenticAMD
[    0.000000]   Centaur CentaurHauls
[    0.000000] x86/fpu: Supporting XSAVE feature 0x001: 'x87 floating point registers'
[    0.000000] x86/fpu: Supporting XSAVE feature 0x002: 'SSE registers'
[    0.000000] x86/fpu: Supporting XSAVE feature 0x004: 'AVX registers'
[    0.000000] x86/fpu: xstate_offset[2]:  576, xstate_sizes[2]:  256
[    0.000000] x86/fpu: Enabled xstate features 0x7, context size is 832 bytes, using 'standard' format.
[    0.000000] e820: BIOS-provided physical RAM map:
[    0.000000] BIOS-e820: [mem 0x0000000000000000-0x000000000009f7ff] usable
[    0.000000] BIOS-e820: [mem 0x000000000009f800-0x000000000009ffff] reserved
[    0.000000] BIOS-e820: [mem 0x00000000000e0000-0x00000000000fffff] reserved
[    0.000000] BIOS-e820: [mem 0x0000000000100000-0x00000000de357fff] usable
[    0.000000] BIOS-e820: [mem 0x00000000de358000-0x00000000de93afff] reserved
[    0.000000] BIOS-e820: [mem 0x00000000de93b000-0x00000000deb69fff] ACPI NVS
[    0.000000] BIOS-e820: [mem 0x00000000deb6a000-0x00000000deb7bfff] ACPI data
[    0.000000] BIOS-e820: [mem 0x00000000deb7c000-0x00000000debbafff] ACPI NVS
[    0.000000] BIOS-e820: [mem 0x00000000debbb000-0x00000000debbffff] ACPI data
[    0.000000] BIOS-e820: [mem 0x00000000debc0000-0x00000000dec02fff] ACPI NVS
[    0.000000] BIOS-e820: [mem 0x00000000dec03000-0x00000000deffffff] usable
[    0.000000] BIOS-e820: [mem 0x00000000f8000000-0x00000000fbffffff] reserved
[    0.000000] BIOS-e820: [mem 0x00000000fec00000-0x00000000fec00fff] reserved
[    0.000000] BIOS-e820: [mem 0x00000000fed00000-0x00000000fed03fff] reserved
[    0.000000] BIOS-e820: [mem 0x00000000fed1c000-0x00000000fed44fff] reserved
[    0.000000] BIOS-e820: [mem 0x00000000fed90000-0x00000000fed93fff] reserved
[    0.000000] BIOS-e820: [mem 0x00000000fee00000-0x00000000fee00fff] reserved
[    0.000000] BIOS-e820: [mem 0x00000000ff000000-0x00000000ffffffff] reserved
[    0.000000] BIOS-e820: [mem 0x0000000100000000-0x000000021dffffff] usable
[    0.000000] NX (Execute Disable) protection: active
[    0.000000] random: fast init done
[    0.000000] SMBIOS 2.7 present.
[    0.000000] DMI: Hewlett-Packard HP Compaq Elite 8300 CMT/3396, BIOS K01 v02.05 05/07/2012
[    0.000000] e820: update [mem 0x00000000-0x00000fff] usable ==> reserved
[    0.000000] e820: remove [mem 0x000a0000-0x000fffff] usable
[    0.000000] e820: last_pfn = 0x21e000 max_arch_pfn = 0x400000000
[    0.000000] MTRR default type: uncachable
[    0.000000] MTRR fixed ranges enabled:
[    0.000000]   00000-9FFFF write-back
[    0.000000]   A0000-BFFFF uncachable
[    0.000000]   C0000-D3FFF write-protect
[    0.000000]   D4000-E7FFF uncachable
[    0.000000]   E8000-FFFFF write-protect
[    0.000000] MTRR variable ranges enabled:
[    0.000000]   0 base 000000000 mask E00000000 write-back
[    0.000000]   1 base 200000000 mask FE0000000 write-back
[    0.000000]   2 base 0E0000000 mask FE0000000 uncachable
[    0.000000]   3 base 21E000000 mask FFE000000 uncachable
[    0.000000]   4 disabled
[    0.000000]   5 disabled
[    0.000000]   6 disabled
[    0.000000]   7 disabled
[    0.000000]   8 disabled
[    0.000000]   9 disabled
[    0.000000] x86/PAT: Configuration [0-7]: WB  WC  UC- UC  WB  WP  UC- WT  
[    0.000000] total RAM covered: 8160M
[    0.000000] Found optimal setting for mtrr clean up
[    0.000000]  gran_size: 64K 	chunk_size: 64M 	num_reg: 6  	lose cover RAM: 0G
[    0.000000] e820: update [mem 0xe0000000-0xffffffff] usable ==> reserved
[    0.000000] e820: last_pfn = 0xdf000 max_arch_pfn = 0x400000000
[    0.000000] found SMP MP-table at [mem 0x000f4cd0-0x000f4cdf] mapped at [        (ptrval)]
[    0.000000] Scanning 1 areas for low memory corruption
[    0.000000] Base memory trampoline at [        (ptrval)] 99000 size 24576
[    0.000000] BRK [0x2d345000, 0x2d345fff] PGTABLE
[    0.000000] BRK [0x2d346000, 0x2d346fff] PGTABLE
[    0.000000] BRK [0x2d347000, 0x2d347fff] PGTABLE
[    0.000000] BRK [0x2d348000, 0x2d348fff] PGTABLE
[    0.000000] BRK [0x2d349000, 0x2d349fff] PGTABLE
[    0.000000] BRK [0x2d34a000, 0x2d34afff] PGTABLE
[    0.000000] BRK [0x2d34b000, 0x2d34bfff] PGTABLE
[    0.000000] BRK [0x2d34c000, 0x2d34cfff] PGTABLE
[    0.000000] BRK [0x2d34d000, 0x2d34dfff] PGTABLE
[    0.000000] BRK [0x2d34e000, 0x2d34efff] PGTABLE
[    0.000000] RAMDISK: [mem 0x311d1000-0x348dffff]
[    0.000000] ACPI: Early table checksum verification disabled
[    0.000000] ACPI: RSDP 0x00000000000F9810 000024 (v02 HPQOEM)
[    0.000000] ACPI: XSDT 0x00000000DEB6A080 00007C (v01 HPQOEM SLIC-BPC 01072009 AMI  00010013)
[    0.000000] ACPI: FACP 0x00000000DEB73FD8 0000F4 (v04 HPQOEM SLIC-BPC 01072009 AMI  00010013)
[    0.000000] ACPI: DSDT 0x00000000DEB6A188 009E4A (v02 HPQOEM SLIC-BPC 00000017 INTL 20051117)
[    0.000000] ACPI: FACS 0x00000000DEBB2F80 000040
[    0.000000] ACPI: APIC 0x00000000DEB740D0 0000BC (v03 HPQOEM SLIC-BPC 01072009 AMI  00010013)
[    0.000000] ACPI: MCFG 0x00000000DEB74190 00003C (v01 HPQOEM SLIC-BPC 01072009 MSFT 00000097)
[    0.000000] ACPI: HPET 0x00000000DEB741D0 000038 (v01 HPQOEM SLIC-BPC 01072009 AMI. 00000005)
[    0.000000] ACPI: SSDT 0x00000000DEB74208 000460 (v01 IdeRef IdeTable 00001000 INTL 20091112)
[    0.000000] ACPI: SSDT 0x00000000DEB74668 00544C (v01 COMPAQ WMI      00000001 MSFT 03000001)
[    0.000000] ACPI: SSDT 0x00000000DEB79AB8 0009AA (v01 PmRef  Cpu0Ist  00003000 INTL 20051117)
[    0.000000] ACPI: SSDT 0x00000000DEB7A468 000A92 (v01 PmRef  CpuPm    00003000 INTL 20051117)
[    0.000000] ACPI: TCPA 0x00000000DEB7AF00 000032 (v02 APTIO4 NAPAASF  00000001 MSFT 01000013)
[    0.000000] ACPI: ASF! 0x00000000DEB7AF38 0000A5 (v32 INTEL   HCG     00000001 TFSM 000F4240)
[    0.000000] ACPI: BGRT 0x00000000DEB7AFE0 00003C (v00 HPQOEM SLIC-BPC 01072009 AMI  00010013)
[    0.000000] ACPI: Local APIC address 0xfee00000
[    0.000000] No NUMA configuration found
[    0.000000] Faking a node at [mem 0x0000000000000000-0x000000021dffffff]
[    0.000000] NODE_DATA(0) allocated [mem 0x21dfd1000-0x21dffbfff]
[    0.000000] tsc: Fast TSC calibration using PIT
[    0.000000] Zone ranges:
[    0.000000]   DMA      [mem 0x0000000000001000-0x0000000000ffffff]
[    0.000000]   DMA32    [mem 0x0000000001000000-0x00000000ffffffff]
[    0.000000]   Normal   [mem 0x0000000100000000-0x000000021dffffff]
[    0.000000]   Device   empty
[    0.000000] Movable zone start for each node
[    0.000000] Early memory node ranges
[    0.000000]   node   0: [mem 0x0000000000001000-0x000000000009efff]
[    0.000000]   node   0: [mem 0x0000000000100000-0x00000000de357fff]
[    0.000000]   node   0: [mem 0x00000000dec03000-0x00000000deffffff]
[    0.000000]   node   0: [mem 0x0000000100000000-0x000000021dffffff]
[    0.000000] Initmem setup node 0 [mem 0x0000000000001000-0x000000021dffffff]
[    0.000000] On node 0 totalpages: 2082547
[    0.000000]   DMA zone: 64 pages used for memmap
[    0.000000]   DMA zone: 21 pages reserved
[    0.000000]   DMA zone: 3998 pages, LIFO batch:0
[    0.000000]   DMA32 zone: 14174 pages used for memmap
[    0.000000]   DMA32 zone: 907093 pages, LIFO batch:31
[    0.000000]   Normal zone: 18304 pages used for memmap
[    0.000000]   Normal zone: 1171456 pages, LIFO batch:31
[    0.000000] Reserved but unavailable: 98 pages
[    0.000000] ACPI: PM-Timer IO Port: 0x408
[    0.000000] ACPI: Local APIC address 0xfee00000
[    0.000000] ACPI: LAPIC_NMI (acpi_id[0x00] high edge lint[0x1])
[    0.000000] ACPI: LAPIC_NMI (acpi_id[0x02] high edge lint[0x1])
[    0.000000] ACPI: LAPIC_NMI (acpi_id[0x04] high edge lint[0x1])
[    0.000000] ACPI: LAPIC_NMI (acpi_id[0x06] high edge lint[0x1])
[    0.000000] ACPI: LAPIC_NMI (acpi_id[0x01] high edge lint[0x1])
[    0.000000] ACPI: LAPIC_NMI (acpi_id[0x03] high edge lint[0x1])
[    0.000000] ACPI: LAPIC_NMI (acpi_id[0x05] high edge lint[0x1])
[    0.000000] ACPI: LAPIC_NMI (acpi_id[0x07] high edge lint[0x1])
[    0.000000] IOAPIC[0]: apic_id 2, version 32, address 0xfec00000, GSI 0-23
[    0.000000] ACPI: INT_SRC_OVR (bus 0 bus_irq 0 global_irq 2 dfl dfl)
[    0.000000] ACPI: INT_SRC_OVR (bus 0 bus_irq 9 global_irq 9 high level)
[    0.000000] ACPI: IRQ0 used by override.
[    0.000000] ACPI: IRQ9 used by override.
[    0.000000] Using ACPI (MADT) for SMP configuration information
[    0.000000] ACPI: HPET id: 0x8086a701 base: 0xfed00000
[    0.000000] smpboot: Allowing 8 CPUs, 0 hotplug CPUs
[    0.000000] PM: Registered nosave memory: [mem 0x00000000-0x00000fff]
[    0.000000] PM: Registered nosave memory: [mem 0x0009f000-0x0009ffff]
[    0.000000] PM: Registered nosave memory: [mem 0x000a0000-0x000dffff]
[    0.000000] PM: Registered nosave memory: [mem 0x000e0000-0x000fffff]
[    0.000000] PM: Registered nosave memory: [mem 0xde358000-0xde93afff]
[    0.000000] PM: Registered nosave memory: [mem 0xde93b000-0xdeb69fff]
[    0.000000] PM: Registered nosave memory: [mem 0xdeb6a000-0xdeb7bfff]
[    0.000000] PM: Registered nosave memory: [mem 0xdeb7c000-0xdebbafff]
[    0.000000] PM: Registered nosave memory: [mem 0xdebbb000-0xdebbffff]
[    0.000000] PM: Registered nosave memory: [mem 0xdebc0000-0xdec02fff]
[    0.000000] PM: Registered nosave memory: [mem 0xdf000000-0xf7ffffff]
[    0.000000] PM: Registered nosave memory: [mem 0xf8000000-0xfbffffff]
[    0.000000] PM: Registered nosave memory: [mem 0xfc000000-0xfebfffff]
[    0.000000] PM: Registered nosave memory: [mem 0xfec00000-0xfec00fff]
[    0.000000] PM: Registered nosave memory: [mem 0xfec01000-0xfecfffff]
[    0.000000] PM: Registered nosave memory: [mem 0xfed00000-0xfed03fff]
[    0.000000] PM: Registered nosave memory: [mem 0xfed04000-0xfed1bfff]
[    0.000000] PM: Registered nosave memory: [mem 0xfed1c000-0xfed44fff]
[    0.000000] PM: Registered nosave memory: [mem 0xfed45000-0xfed8ffff]
[    0.000000] PM: Registered nosave memory: [mem 0xfed90000-0xfed93fff]
[    0.000000] PM: Registered nosave memory: [mem 0xfed94000-0xfedfffff]
[    0.000000] PM: Registered nosave memory: [mem 0xfee00000-0xfee00fff]
[    0.000000] PM: Registered nosave memory: [mem 0xfee01000-0xfeffffff]
[    0.000000] PM: Registered nosave memory: [mem 0xff000000-0xffffffff]
[    0.000000] e820: [mem 0xdf000000-0xf7ffffff] available for PCI devices
[    0.000000] Booting paravirtualized kernel on bare hardware
[    0.000000] clocksource: refined-jiffies: mask: 0xffffffff max_cycles: 0xffffffff, max_idle_ns: 1910969940391419 ns
[    0.000000] setup_percpu: NR_CPUS:8192 nr_cpumask_bits:8 nr_cpu_ids:8 nr_node_ids:1
[    0.000000] percpu: Embedded 494 pages/cpu @        (ptrval) s1986560 r8192 d28672 u2097152
[    0.000000] pcpu-alloc: s1986560 r8192 d28672 u2097152 alloc=1*2097152
[    0.000000] pcpu-alloc: [0] 0 [0] 1 [0] 2 [0] 3 [0] 4 [0] 5 [0] 6 [0] 7 
[    0.000000] Built 1 zonelists, mobility grouping on.  Total pages: 2049984
[    0.000000] Policy zone: Normal
[    0.000000] Kernel command line: BOOT_IMAGE=/boot/vmlinuz-4.15.18 root=UUID=08f513db-4ecd-40da-a6f2-bfe581a76ff5 ro quiet splash vt.handoff=1
[    0.000000] Calgary: detecting Calgary via BIOS EBDA area
[    0.000000] Calgary: Unable to locate Rio Grande table in EBDA - bailing!
[    0.000000] Memory: 8014240K/8330188K available (14348K kernel code, 4153K rwdata, 4332K rodata, 4208K init, 15328K bss, 315948K reserved, 0K cma-reserved)
[    0.000000] SLUB: HWalign=64, Order=0-3, MinObjects=0, CPUs=8, Nodes=1
[    0.000000] Kernel/User page tables isolation: enabled
[    0.000000] ftrace: allocating 39000 entries in 153 pages
[    0.000000] kmemleak: Kernel memory leak detector disabled
[    0.000000] Running RCU self tests
[    0.000000] Preemptible hierarchical RCU implementation.
[    0.000000] 	RCU lockdep checking is enabled.
[    0.000000] 	RCU restricting CPUs from NR_CPUS=8192 to nr_cpu_ids=8.
[    0.000000] 	Tasks RCU enabled.
[    0.000000] RCU: Adjusting geometry for rcu_fanout_leaf=16, nr_cpu_ids=8
[    0.000000] NR_IRQS: 524544, nr_irqs: 488, preallocated irqs: 16
[    0.000000] vt handoff: transparent VT on vt#1
[    0.000000] Console: colour dummy device 80x25
[    0.000000] console [tty0] enabled
[    0.000000] Lock dependency validator: Copyright (c) 2006 Red Hat, Inc., Ingo Molnar
[    0.000000] ... MAX_LOCKDEP_SUBCLASSES:  8
[    0.000000] ... MAX_LOCK_DEPTH:          48
[    0.000000] ... MAX_LOCKDEP_KEYS:        8191
[    0.000000] ... CLASSHASH_SIZE:          4096
[    0.000000] ... MAX_LOCKDEP_ENTRIES:     32768
[    0.000000] ... MAX_LOCKDEP_CHAINS:      65536
[    0.000000] ... CHAINHASH_SIZE:          32768
[    0.000000]  memory used by lock dependency info: 7903 kB
[    0.000000]  per task-struct memory footprint: 2688 bytes
[    0.000000] kmemleak: Early log buffer exceeded (2258), please increase DEBUG_KMEMLEAK_EARLY_LOG_SIZE
[    0.000000] ACPI: Core revision 20170831
[    0.000000] ACPI: 5 ACPI AML tables successfully acquired and loaded
[    0.000000] clocksource: hpet: mask: 0xffffffff max_cycles: 0xffffffff, max_idle_ns: 133484882848 ns
[    0.000000] hpet clockevent registered
[    0.000000] APIC: Switch to symmetric I/O mode setup
[    0.000000] x2apic: IRQ remapping doesn't support X2APIC mode
[    0.000000] ..TIMER: vector=0x30 apic1=0 pin1=2 apic2=-1 pin2=-1
[    0.005000] tsc: Fast TSC calibration using PIT
[    0.006000] tsc: Detected 3392.191 MHz processor
[    0.006000] Calibrating delay loop (skipped), value calculated using timer frequency.. 6784.38 BogoMIPS (lpj=3392191)
[    0.007003] pid_max: default: 32768 minimum: 301
[    0.007056] Security Framework initialized
[    0.007058] Yama: becoming mindful.
[    0.007087] AppArmor: AppArmor initialized
[    0.008374] Dentry cache hash table entries: 1048576 (order: 11, 8388608 bytes)
[    0.009014] Inode-cache hash table entries: 524288 (order: 10, 4194304 bytes)
[    0.009048] Mount-cache hash table entries: 16384 (order: 5, 131072 bytes)
[    0.009070] Mountpoint-cache hash table entries: 16384 (order: 5, 131072 bytes)
[    0.009516] CPU: Physical Processor ID: 0
[    0.009518] CPU: Processor Core ID: 0
[    0.009524] ENERGY_PERF_BIAS: Set to 'normal', was 'performance'
[    0.009525] ENERGY_PERF_BIAS: View and update with x86_energy_perf_policy(8)
[    0.009529] mce: CPU supports 9 MCE banks
[    0.009543] CPU0: Thermal monitoring enabled (TM1)
[    0.009556] process: using mwait in idle threads
[    0.009559] Last level iTLB entries: 4KB 512, 2MB 8, 4MB 8
[    0.009561] Last level dTLB entries: 4KB 512, 2MB 32, 4MB 32, 1GB 0
[    0.009564] Spectre V2 : Mitigation: Full generic retpoline
[    0.009565] Spectre V2 : Spectre v2 mitigation: Enabling Indirect Branch Prediction Barrier
[    0.009567] Spectre V2 : Enabling Restricted Speculation for firmware calls
[    0.009569] Speculative Store Bypass: Mitigation: Speculative Store Bypass disabled via prctl and seccomp
[    0.009720] Freeing SMP alternatives memory: 36K
[    0.010664] TSC deadline timer enabled
[    0.010670] smpboot: CPU0: Intel(R) Core(TM) i7-3770 CPU @ 3.40GHz (family: 0x6, model: 0x3a, stepping: 0x9)
[    0.014052] Performance Events: PEBS fmt1+, IvyBridge events, 16-deep LBR, full-width counters, Intel PMU driver.
[    0.014082] ... version:                3
[    0.014083] ... bit width:              48
[    0.014085] ... generic registers:      4
[    0.014087] ... value mask:             0000ffffffffffff
[    0.014089] ... max period:             00007fffffffffff
[    0.014090] ... fixed-purpose events:   3
[    0.014092] ... event mask:             000000070000000f
[    0.016017] Hierarchical SRCU implementation.
[    0.020342] NMI watchdog: Enabled. Permanently consumes one hw-PMU counter.
[    0.022016] smp: Bringing up secondary CPUs ...
[    0.030078] x86: Booting SMP configuration:
[    0.030083] .... node  #0, CPUs:      #1 #2 #3 #4 #5 #6 #7
[    0.086112] smp: Brought up 1 node, 8 CPUs
[    0.086116] smpboot: Max logical packages: 1
[    0.086119] smpboot: Total of 8 processors activated (54275.05 BogoMIPS)
[    0.087869] devtmpfs: initialized
[    0.088060] x86/mm: Memory block size: 128MB
[    0.090680] evm: security.selinux
[    0.090682] evm: security.SMACK64
[    0.090684] evm: security.SMACK64EXEC
[    0.090686] evm: security.SMACK64TRANSMUTE
[    0.090687] evm: security.SMACK64MMAP
[    0.090689] evm: security.apparmor
[    0.090691] evm: security.ima
[    0.090693] evm: security.capability
[    0.090827] PM: Registering ACPI NVS region [mem 0xde93b000-0xdeb69fff] (2289664 bytes)
[    0.091000] PM: Registering ACPI NVS region [mem 0xdeb7c000-0xdebbafff] (258048 bytes)
[    0.091031] PM: Registering ACPI NVS region [mem 0xdebc0000-0xdec02fff] (274432 bytes)
[    0.091062] reboot: HP Compaq Laptop series board detected. Selecting BIOS-method for reboots.
[    0.091920] clocksource: jiffies: mask: 0xffffffff max_cycles: 0xffffffff, max_idle_ns: 1911260446275000 ns
[    0.091948] futex hash table entries: 2048 (order: 6, 262144 bytes)
[    0.092246] pinctrl core: initialized pinctrl subsystem
[    0.092589] RTC time: 15:27:43, date: 11/19/19
[    0.092860] NET: Registered protocol family 16
[    0.093124] audit: initializing netlink subsys (disabled)
[    0.093181] audit: type=2000 audit(1574177263.093:1): state=initialized audit_enabled=0 res=1
[    0.093586] cpuidle: using governor ladder
[    0.093678] ACPI: bus type PCI registered
[    0.093681] acpiphp: ACPI Hot Plug PCI Controller Driver version: 0.5
[    0.093828] PCI: MMCONFIG for domain 0000 [bus 00-3f] at [mem 0xf8000000-0xfbffffff] (base 0xf8000000)
[    0.093833] PCI: MMCONFIG at [mem 0xf8000000-0xfbffffff] reserved in E820
[    0.093847] PCI: Using configuration type 1 for base access
[    0.093966] core: PMU erratum BJ122, BV98, HSD29 worked around, HT is on
[    0.099224] HugeTLB registered 2.00 MiB page size, pre-allocated 0 pages
[    0.100100] ACPI: Added _OSI(Module Device)
[    0.100100] ACPI: Added _OSI(Processor Device)
[    0.100100] ACPI: Added _OSI(3.0 _SCP Extensions)
[    0.100100] ACPI: Added _OSI(Processor Aggregator Device)
[    0.100100] ACPI: Executed 1 blocks of module-level executable AML code
[    0.122982] ACPI: Dynamic OEM Table Load:
[    0.123000] ACPI: SSDT 0xFFFF92F692986000 00083B (v01 PmRef  Cpu0Cst  00003001 INTL 20051117)
[    0.123952] ACPI: Dynamic OEM Table Load:
[    0.123967] ACPI: SSDT 0xFFFF92F69297E800 000303 (v01 PmRef  ApIst    00003000 INTL 20051117)
[    0.124666] ACPI: Dynamic OEM Table Load:
[    0.124682] ACPI: SSDT 0xFFFF92F692C6E800 000119 (v01 PmRef  ApCst    00003000 INTL 20051117)
[    0.130383] ACPI: Interpreter enabled
[    0.130429] ACPI: (supports S0 S3 S4 S5)
[    0.130432] ACPI: Using IOAPIC for interrupt routing
[    0.130491] PCI: Using host bridge windows from ACPI; if necessary, use "pci=nocrs" and report a bug
[    0.131444] ACPI: Enabled 14 GPEs in block 00 to 3F
[    0.162495] ACPI: Power Resource [FN00] (off)
[    0.162805] ACPI: Power Resource [FN01] (off)
[    0.163097] ACPI: Power Resource [FN02] (off)
[    0.163380] ACPI: Power Resource [FN03] (off)
[    0.163661] ACPI: Power Resource [FN04] (off)
[    0.166428] ACPI: PCI Root Bridge [PCI0] (domain 0000 [bus 00-3e])
[    0.166436] acpi PNP0A08:00: _OSC: OS supports [ExtendedConfig ASPM ClockPM Segments MSI]
[    0.167234] acpi PNP0A08:00: _OSC: platform does not support [PCIeHotplug PME]
[    0.167760] acpi PNP0A08:00: _OSC: OS now controls [AER PCIeCapability]
[    0.169528] PCI host bridge to bus 0000:00
[    0.169532] pci_bus 0000:00: root bus resource [io  0x0000-0x0cf7 window]
[    0.169534] pci_bus 0000:00: root bus resource [io  0x0d00-0xffff window]
[    0.169537] pci_bus 0000:00: root bus resource [mem 0x000a0000-0x000bffff window]
[    0.169540] pci_bus 0000:00: root bus resource [mem 0x000d4000-0x000d7fff window]
[    0.169542] pci_bus 0000:00: root bus resource [mem 0x000d8000-0x000dbfff window]
[    0.169545] pci_bus 0000:00: root bus resource [mem 0x000dc000-0x000dffff window]
[    0.169548] pci_bus 0000:00: root bus resource [mem 0x000e0000-0x000e3fff window]
[    0.169550] pci_bus 0000:00: root bus resource [mem 0x000e4000-0x000e7fff window]
[    0.169553] pci_bus 0000:00: root bus resource [mem 0xe0000000-0xfeafffff window]
[    0.169557] pci_bus 0000:00: root bus resource [bus 00-3e]
[    0.169578] pci 0000:00:00.0: [8086:0150] type 00 class 0x060000
[    0.169910] pci 0000:00:01.0: [8086:0151] type 01 class 0x060400
[    0.169968] pci 0000:00:01.0: PME# supported from D0 D3hot D3cold
[    0.170364] pci 0000:00:14.0: [8086:1e31] type 00 class 0x0c0330
[    0.170394] pci 0000:00:14.0: reg 0x10: [mem 0xf7720000-0xf772ffff 64bit]
[    0.170483] pci 0000:00:14.0: PME# supported from D3hot D3cold
[    0.170782] pci 0000:00:16.0: [8086:1e3a] type 00 class 0x078000
[    0.170812] pci 0000:00:16.0: reg 0x10: [mem 0xf773b000-0xf773b00f 64bit]
[    0.170904] pci 0000:00:16.0: PME# supported from D0 D3hot D3cold
[    0.171195] pci 0000:00:16.3: [8086:1e3d] type 00 class 0x070002
[    0.171220] pci 0000:00:16.3: reg 0x10: [io  0xf100-0xf107]
[    0.171231] pci 0000:00:16.3: reg 0x14: [mem 0xf7739000-0xf7739fff]
[    0.171588] pci 0000:00:19.0: [8086:1502] type 00 class 0x020000
[    0.171611] pci 0000:00:19.0: reg 0x10: [mem 0xf7700000-0xf771ffff]
[    0.171622] pci 0000:00:19.0: reg 0x14: [mem 0xf7738000-0xf7738fff]
[    0.171633] pci 0000:00:19.0: reg 0x18: [io  0xf020-0xf03f]
[    0.171710] pci 0000:00:19.0: PME# supported from D0 D3hot D3cold
[    0.172009] pci 0000:00:1a.0: [8086:1e2d] type 00 class 0x0c0320
[    0.172038] pci 0000:00:1a.0: reg 0x10: [mem 0xf7737000-0xf77373ff]
[    0.172141] pci 0000:00:1a.0: PME# supported from D0 D3hot D3cold
[    0.172440] pci 0000:00:1b.0: [8086:1e20] type 00 class 0x040300
[    0.172466] pci 0000:00:1b.0: reg 0x10: [mem 0xf7730000-0xf7733fff 64bit]
[    0.172561] pci 0000:00:1b.0: PME# supported from D0 D3hot D3cold
[    0.172873] pci 0000:00:1c.0: [8086:1e10] type 01 class 0x060400
[    0.173022] pci 0000:00:1c.0: PME# supported from D0 D3hot D3cold
[    0.173345] pci 0000:00:1c.4: [8086:1e18] type 01 class 0x060400
[    0.173450] pci 0000:00:1c.4: PME# supported from D0 D3hot D3cold
[    0.173767] pci 0000:00:1d.0: [8086:1e26] type 00 class 0x0c0320
[    0.173793] pci 0000:00:1d.0: reg 0x10: [mem 0xf7736000-0xf77363ff]
[    0.173896] pci 0000:00:1d.0: PME# supported from D0 D3hot D3cold
[    0.174196] pci 0000:00:1e.0: [8086:244e] type 01 class 0x060401
[    0.174552] pci 0000:00:1f.0: [8086:1e47] type 00 class 0x060100
[    0.174952] pci 0000:00:1f.2: [8086:1e00] type 00 class 0x01018f
[    0.174973] pci 0000:00:1f.2: reg 0x10: [io  0xf0f0-0xf0f7]
[    0.174983] pci 0000:00:1f.2: reg 0x14: [io  0xf0e0-0xf0e3]
[    0.174992] pci 0000:00:1f.2: reg 0x18: [io  0xf0d0-0xf0d7]
[    0.175000] pci 0000:00:1f.2: reg 0x1c: [io  0xf0c0-0xf0c3]
[    0.175013] pci 0000:00:1f.2: reg 0x20: [io  0xf0b0-0xf0bf]
[    0.175026] pci 0000:00:1f.2: reg 0x24: [io  0xf0a0-0xf0af]
[    0.175347] pci 0000:00:1f.3: [8086:1e22] type 00 class 0x0c0500
[    0.175370] pci 0000:00:1f.3: reg 0x10: [mem 0xf7735000-0xf77350ff 64bit]
[    0.175395] pci 0000:00:1f.3: reg 0x20: [io  0xf000-0xf01f]
[    0.175705] pci 0000:00:1f.5: [8086:1e08] type 00 class 0x010185
[    0.175726] pci 0000:00:1f.5: reg 0x10: [io  0xf090-0xf097]
[    0.175735] pci 0000:00:1f.5: reg 0x14: [io  0xf080-0xf083]
[    0.175745] pci 0000:00:1f.5: reg 0x18: [io  0xf070-0xf077]
[    0.175755] pci 0000:00:1f.5: reg 0x1c: [io  0xf060-0xf063]
[    0.175764] pci 0000:00:1f.5: reg 0x20: [io  0xf050-0xf05f]
[    0.175774] pci 0000:00:1f.5: reg 0x24: [io  0xf040-0xf04f]
[    0.176217] pci 0000:01:00.0: [1002:677b] type 00 class 0x030000
[    0.176242] pci 0000:01:00.0: reg 0x10: [mem 0xe0000000-0xefffffff 64bit pref]
[    0.176255] pci 0000:01:00.0: reg 0x18: [mem 0xf7620000-0xf763ffff 64bit]
[    0.176264] pci 0000:01:00.0: reg 0x20: [io  0xe000-0xe0ff]
[    0.176279] pci 0000:01:00.0: reg 0x30: [mem 0xf7600000-0xf761ffff pref]
[    0.176287] pci 0000:01:00.0: enabling Extended Tags
[    0.176341] pci 0000:01:00.0: supports D1 D2
[    0.176504] pci 0000:01:00.1: [1002:aa98] type 00 class 0x040300
[    0.176528] pci 0000:01:00.1: reg 0x10: [mem 0xf7640000-0xf7643fff 64bit]
[    0.176568] pci 0000:01:00.1: enabling Extended Tags
[    0.176621] pci 0000:01:00.1: supports D1 D2
[    0.179051] pci 0000:00:01.0: PCI bridge to [bus 01]
[    0.179067] pci 0000:00:01.0:   bridge window [io  0xe000-0xefff]
[    0.179070] pci 0000:00:01.0:   bridge window [mem 0xf7600000-0xf76fffff]
[    0.179075] pci 0000:00:01.0:   bridge window [mem 0xe0000000-0xefffffff 64bit pref]
[    0.179204] pci 0000:00:1c.0: PCI bridge to [bus 02]
[    0.179365] pci 0000:03:00.0: [8086:10d3] type 00 class 0x020000
[    0.179428] pci 0000:03:00.0: reg 0x10: [mem 0xf75c0000-0xf75dffff]
[    0.179454] pci 0000:03:00.0: reg 0x14: [mem 0xf7500000-0xf757ffff]
[    0.179480] pci 0000:03:00.0: reg 0x18: [io  0xd000-0xd01f]
[    0.179505] pci 0000:03:00.0: reg 0x1c: [mem 0xf75e0000-0xf75e3fff]
[    0.179579] pci 0000:03:00.0: reg 0x30: [mem 0xf7580000-0xf75bffff pref]
[    0.179749] pci 0000:03:00.0: PME# supported from D0 D3hot D3cold
[    0.183038] pci 0000:00:1c.4: PCI bridge to [bus 03]
[    0.183043] pci 0000:00:1c.4:   bridge window [io  0xd000-0xdfff]
[    0.183048] pci 0000:00:1c.4:   bridge window [mem 0xf7500000-0xf75fffff]
[    0.183130] pci 0000:04:00.0: [9710:9865] type 00 class 0x070002
[    0.183155] pci 0000:04:00.0: reg 0x10: [io  0xc030-0xc037]
[    0.183167] pci 0000:04:00.0: reg 0x14: [mem 0xf7407000-0xf7407fff]
[    0.183197] pci 0000:04:00.0: reg 0x20: [mem 0xf7406000-0xf7406fff]
[    0.183261] pci 0000:04:00.0: supports D1 D2
[    0.183263] pci 0000:04:00.0: PME# supported from D0 D1 D2 D3hot D3cold
[    0.183358] pci 0000:04:00.1: [9710:9865] type 00 class 0x070002
[    0.183382] pci 0000:04:00.1: reg 0x10: [io  0xc020-0xc027]
[    0.183394] pci 0000:04:00.1: reg 0x14: [mem 0xf7405000-0xf7405fff]
[    0.183424] pci 0000:04:00.1: reg 0x20: [mem 0xf7404000-0xf7404fff]
[    0.183486] pci 0000:04:00.1: supports D1 D2
[    0.183489] pci 0000:04:00.1: PME# supported from D0 D1 D2 D3hot D3cold
[    0.183582] pci 0000:04:00.2: [ffff:9865] type 00 class 0x070103
[    0.183606] pci 0000:04:00.2: reg 0x10: [io  0xc010-0xc017]
[    0.183618] pci 0000:04:00.2: reg 0x14: [io  0xc000-0xc007]
[    0.183630] pci 0000:04:00.2: reg 0x18: [mem 0xf7403000-0xf7403fff]
[    0.183651] pci 0000:04:00.2: reg 0x20: [mem 0xf7402000-0xf7402fff]
[    0.183713] pci 0000:04:00.2: supports D1 D2
[    0.183715] pci 0000:04:00.2: PME# supported from D0 D1 D2 D3hot D3cold
[    0.183815] pci 0000:04:01.0: [154a:0008] type 00 class 0xff0000
[    0.183835] pci 0000:04:01.0: reg 0x10: [mem 0xf7401000-0xf740103f]
[    0.183847] pci 0000:04:01.0: reg 0x14: [mem 0xf6000000-0xf6ffffff]
[    0.183858] pci 0000:04:01.0: reg 0x18: [mem 0xf7400000-0xf7400fff]
[    0.183869] pci 0000:04:01.0: reg 0x1c: [mem 0xf5000000-0xf5ffffff]
[    0.183881] pci 0000:04:01.0: reg 0x20: [mem 0xf7000000-0xf73fffff]
[    0.184037] pci 0000:00:1e.0: PCI bridge to [bus 04] (subtractive decode)
[    0.184042] pci 0000:00:1e.0:   bridge window [io  0xc000-0xcfff]
[    0.184047] pci 0000:00:1e.0:   bridge window [mem 0xf5000000-0xf74fffff]
[    0.184055] pci 0000:00:1e.0:   bridge window [io  0x0000-0x0cf7 window] (subtractive decode)
[    0.184058] pci 0000:00:1e.0:   bridge window [io  0x0d00-0xffff window] (subtractive decode)
[    0.184060] pci 0000:00:1e.0:   bridge window [mem 0x000a0000-0x000bffff window] (subtractive decode)
[    0.184063] pci 0000:00:1e.0:   bridge window [mem 0x000d4000-0x000d7fff window] (subtractive decode)
[    0.184066] pci 0000:00:1e.0:   bridge window [mem 0x000d8000-0x000dbfff window] (subtractive decode)
[    0.184068] pci 0000:00:1e.0:   bridge window [mem 0x000dc000-0x000dffff window] (subtractive decode)
[    0.184071] pci 0000:00:1e.0:   bridge window [mem 0x000e0000-0x000e3fff window] (subtractive decode)
[    0.184074] pci 0000:00:1e.0:   bridge window [mem 0x000e4000-0x000e7fff window] (subtractive decode)
[    0.184076] pci 0000:00:1e.0:   bridge window [mem 0xe0000000-0xfeafffff window] (subtractive decode)
[    0.186302] ACPI: PCI Interrupt Link [LNKA] (IRQs 3 4 5 6 10 *11 12 14 15)
[    0.186490] ACPI: PCI Interrupt Link [LNKB] (IRQs 3 4 5 6 *10 11 12 14 15)
[    0.186670] ACPI: PCI Interrupt Link [LNKC] (IRQs 3 4 5 6 *10 11 12 14 15)
[    0.186849] ACPI: PCI Interrupt Link [LNKD] (IRQs 3 4 *5 6 10 11 12 14 15)
[    0.187035] ACPI: PCI Interrupt Link [LNKE] (IRQs 3 4 5 6 10 *11 12 14 15)
[    0.187216] ACPI: PCI Interrupt Link [LNKF] (IRQs 3 4 5 6 10 *11 12 14 15)
[    0.187396] ACPI: PCI Interrupt Link [LNKG] (IRQs 3 4 5 6 *10 11 12 14 15)
[    0.187577] ACPI: PCI Interrupt Link [LNKH] (IRQs 3 4 *5 6 10 11 12 14 15)
[    0.189104] SCSI subsystem initialized
[    0.190002] libata version 3.00 loaded.
[    0.190222] pci 0000:01:00.0: vgaarb: setting as boot VGA device
[    0.190222] pci 0000:01:00.0: vgaarb: VGA device added: decodes=io+mem,owns=io+mem,locks=none
[    0.190222] pci 0000:01:00.0: vgaarb: bridge control possible
[    0.190222] vgaarb: loaded
[    0.190222] ACPI: bus type USB registered
[    0.190222] usbcore: registered new interface driver usbfs
[    0.190222] usbcore: registered new interface driver hub
[    0.190405] usbcore: registered new device driver usb
[    0.190533] EDAC MC: Ver: 3.0.0
[    0.190934] PCI: Using ACPI for IRQ routing
[    0.191969] PCI: pci_cache_line_size set to 64 bytes
[    0.192055] e820: reserve RAM buffer [mem 0x0009f800-0x0009ffff]
[    0.192060] e820: reserve RAM buffer [mem 0xde358000-0xdfffffff]
[    0.192063] e820: reserve RAM buffer [mem 0xdf000000-0xdfffffff]
[    0.192066] e820: reserve RAM buffer [mem 0x21e000000-0x21fffffff]
[    0.192385] NetLabel: Initializing
[    0.192387] NetLabel:  domain hash size = 128
[    0.192389] NetLabel:  protocols = UNLABELED CIPSOv4 CALIPSO
[    0.192424] NetLabel:  unlabeled traffic allowed by default
[    0.193491] hpet0: at MMIO 0xfed00000, IRQs 2, 8, 0, 0, 0, 0, 0, 0
[    0.193509] hpet0: 8 comparators, 64-bit 14.318180 MHz counter
[    0.196084] clocksource: Switched to clocksource hpet
[    0.244175] VFS: Disk quotas dquot_6.6.0
[    0.244205] VFS: Dquot-cache hash table entries: 512 (order 0, 4096 bytes)
[    0.244694] AppArmor: AppArmor Filesystem Enabled
[    0.244754] pnp: PnP ACPI init
[    0.244996] system 00:00: [mem 0xfed40000-0xfed44fff] has been reserved
[    0.245034] system 00:00: Plug and Play ACPI device, IDs PNP0c01 (active)
[    0.245256] system 00:01: [io  0x0680-0x069f] has been reserved
[    0.245260] system 00:01: [io  0x0200-0x020f] has been reserved
[    0.245263] system 00:01: [io  0xffff] has been reserved
[    0.245267] system 00:01: [io  0xffff] has been reserved
[    0.245270] system 00:01: [io  0x0400-0x0453] has been reserved
[    0.245274] system 00:01: [io  0x0458-0x047f] has been reserved
[    0.245277] system 00:01: [io  0x0500-0x057f] has been reserved
[    0.245281] system 00:01: [io  0x164e-0x164f] has been reserved
[    0.245291] system 00:01: Plug and Play ACPI device, IDs PNP0c02 (active)
[    0.245357] pnp 00:02: Plug and Play ACPI device, IDs PNP0b00 (active)
[    0.245515] system 00:03: [io  0x0454-0x0457] has been reserved
[    0.245525] system 00:03: Plug and Play ACPI device, IDs INT3f0d PNP0c02 (active)
[    0.245906] system 00:04: [io  0x0a20-0x0a3f] has been reserved
[    0.245909] system 00:04: [io  0x0a10-0x0a1f] has been reserved
[    0.245919] system 00:04: Plug and Play ACPI device, IDs PNP0c02 (active)
[    0.246047] pnp 00:05: Plug and Play ACPI device, IDs PNP0303 PNP030b (active)
[    0.246184] pnp 00:06: Plug and Play ACPI device, IDs PNP0f03 PNP0f13 (active)
[    0.246335] system 00:07: [io  0x04d0-0x04d1] has been reserved
[    0.246344] system 00:07: Plug and Play ACPI device, IDs PNP0c02 (active)
[    0.246847] pnp 00:08: [dma 0 disabled]
[    0.246973] pnp 00:08: Plug and Play ACPI device, IDs PNP0501 (active)
[    0.247476] pnp 00:09: [dma 0 disabled]
[    0.247601] pnp 00:09: Plug and Play ACPI device, IDs PNP0501 (active)
[    0.247984] pnp 00:0a: Plug and Play ACPI device, IDs IFX0102 PNP0c31 (active)
[    0.248723] system 00:0b: [mem 0xfed1c000-0xfed1ffff] has been reserved
[    0.248727] system 00:0b: [mem 0xfed10000-0xfed17fff] has been reserved
[    0.248731] system 00:0b: [mem 0xfed18000-0xfed18fff] has been reserved
[    0.248734] system 00:0b: [mem 0xfed19000-0xfed19fff] has been reserved
[    0.248738] system 00:0b: [mem 0xf8000000-0xfbffffff] has been reserved
[    0.248742] system 00:0b: [mem 0xfed20000-0xfed3ffff] has been reserved
[    0.248745] system 00:0b: [mem 0xfed90000-0xfed93fff] has been reserved
[    0.248749] system 00:0b: [mem 0xfed45000-0xfed8ffff] has been reserved
[    0.248752] system 00:0b: [mem 0xff000000-0xffffffff] has been reserved
[    0.248756] system 00:0b: [mem 0xfee00000-0xfeefffff] could not be reserved
[    0.248760] system 00:0b: [mem 0xf0000000-0xf0000fff] has been reserved
[    0.248770] system 00:0b: Plug and Play ACPI device, IDs PNP0c02 (active)
[    0.249241] pnp: PnP ACPI: found 12 devices
[    0.258022] clocksource: acpi_pm: mask: 0xffffff max_cycles: 0xffffff, max_idle_ns: 2085701024 ns
[    0.258066] pci 0000:00:01.0: PCI bridge to [bus 01]
[    0.258070] pci 0000:00:01.0:   bridge window [io  0xe000-0xefff]
[    0.258074] pci 0000:00:01.0:   bridge window [mem 0xf7600000-0xf76fffff]
[    0.258078] pci 0000:00:01.0:   bridge window [mem 0xe0000000-0xefffffff 64bit pref]
[    0.258083] pci 0000:00:1c.0: PCI bridge to [bus 02]
[    0.258101] pci 0000:00:1c.4: PCI bridge to [bus 03]
[    0.258105] pci 0000:00:1c.4:   bridge window [io  0xd000-0xdfff]
[    0.258111] pci 0000:00:1c.4:   bridge window [mem 0xf7500000-0xf75fffff]
[    0.258121] pci 0000:00:1e.0: PCI bridge to [bus 04]
[    0.258125] pci 0000:00:1e.0:   bridge window [io  0xc000-0xcfff]
[    0.258131] pci 0000:00:1e.0:   bridge window [mem 0xf5000000-0xf74fffff]
[    0.258141] pci_bus 0000:00: resource 4 [io  0x0000-0x0cf7 window]
[    0.258143] pci_bus 0000:00: resource 5 [io  0x0d00-0xffff window]
[    0.258146] pci_bus 0000:00: resource 6 [mem 0x000a0000-0x000bffff window]
[    0.258148] pci_bus 0000:00: resource 7 [mem 0x000d4000-0x000d7fff window]
[    0.258151] pci_bus 0000:00: resource 8 [mem 0x000d8000-0x000dbfff window]
[    0.258153] pci_bus 0000:00: resource 9 [mem 0x000dc000-0x000dffff window]
[    0.258155] pci_bus 0000:00: resource 10 [mem 0x000e0000-0x000e3fff window]
[    0.258158] pci_bus 0000:00: resource 11 [mem 0x000e4000-0x000e7fff window]
[    0.258160] pci_bus 0000:00: resource 12 [mem 0xe0000000-0xfeafffff window]
[    0.258163] pci_bus 0000:01: resource 0 [io  0xe000-0xefff]
[    0.258165] pci_bus 0000:01: resource 1 [mem 0xf7600000-0xf76fffff]
[    0.258167] pci_bus 0000:01: resource 2 [mem 0xe0000000-0xefffffff 64bit pref]
[    0.258170] pci_bus 0000:03: resource 0 [io  0xd000-0xdfff]
[    0.258172] pci_bus 0000:03: resource 1 [mem 0xf7500000-0xf75fffff]
[    0.258175] pci_bus 0000:04: resource 0 [io  0xc000-0xcfff]
[    0.258177] pci_bus 0000:04: resource 1 [mem 0xf5000000-0xf74fffff]
[    0.258180] pci_bus 0000:04: resource 4 [io  0x0000-0x0cf7 window]
[    0.258182] pci_bus 0000:04: resource 5 [io  0x0d00-0xffff window]
[    0.258184] pci_bus 0000:04: resource 6 [mem 0x000a0000-0x000bffff window]
[    0.258187] pci_bus 0000:04: resource 7 [mem 0x000d4000-0x000d7fff window]
[    0.258189] pci_bus 0000:04: resource 8 [mem 0x000d8000-0x000dbfff window]
[    0.258191] pci_bus 0000:04: resource 9 [mem 0x000dc000-0x000dffff window]
[    0.258194] pci_bus 0000:04: resource 10 [mem 0x000e0000-0x000e3fff window]
[    0.258196] pci_bus 0000:04: resource 11 [mem 0x000e4000-0x000e7fff window]
[    0.258198] pci_bus 0000:04: resource 12 [mem 0xe0000000-0xfeafffff window]
[    0.258530] NET: Registered protocol family 2
[    0.258993] TCP established hash table entries: 65536 (order: 7, 524288 bytes)
[    0.259408] TCP bind hash table entries: 65536 (order: 10, 5242880 bytes)
[    0.262352] TCP: Hash tables configured (established 65536 bind 65536)
[    0.262490] UDP hash table entries: 4096 (order: 7, 786432 bytes)
[    0.262930] UDP-Lite hash table entries: 4096 (order: 7, 786432 bytes)
[    0.263618] NET: Registered protocol family 1
[    0.298399] pci 0000:01:00.0: Video device with shadowed ROM at [mem 0x000c0000-0x000dffff]
[    0.298420] PCI: CLS 64 bytes, default 64
[    0.298579] Unpacking initramfs...
[    1.012146] Freeing initrd memory: 56380K
[    1.012152] PCI-DMA: Using software bounce buffering for IO (SWIOTLB)
[    1.012155] software IO TLB [mem 0xda358000-0xde358000] (64MB) mapped at [000000002621685a-00000000bcb54dfe]
[    1.012739] Scanning for low memory corruption every 60 seconds
[    1.012984] cryptomgr_test (83) used greatest stack depth: 14800 bytes left
[    1.014617] Initialise system trusted keyrings
[    1.014677] Key type blacklist registered
[    1.014745] workingset: timestamp_bits=36 max_order=21 bucket_order=0
[    1.019793] zbud: loaded
[    1.021321] squashfs: version 4.0 (2009/01/31) Phillip Lougher
[    1.021827] fuse init (API version 7.26)
[    1.022510] cryptomgr_test (90) used greatest stack depth: 14696 bytes left
[    1.024201] Key type asymmetric registered
[    1.024212] Asymmetric key parser 'x509' registered
[    1.024236] Block layer SCSI generic (bsg) driver version 0.4 loaded (major 246)
[    1.024338] io scheduler noop registered
[    1.024340] io scheduler deadline registered
[    1.024424] io scheduler cfq registered (default)
[    1.026516] vesafb: mode is 1400x1050x32, linelength=5632, pages=0
[    1.026518] vesafb: scrolling: redraw
[    1.026521] vesafb: Truecolor: size=0:8:8:8, shift=0:16:8:0
[    1.026535] vesafb: framebuffer at 0xe0000000, mapped to 0x000000002ccc9c28, using 5824k, total 5824k
[    1.026823] Console: switching to colour frame buffer device 175x65
[    1.026855] fb0: VESA VGA frame buffer device
[    1.026887] intel_idle: MWAIT substates: 0x1120
[    1.026890] intel_idle: v0.4.1 model 0x3A
[    1.027662] intel_idle: lapic_timer_reliable_states 0xffffffff
[    1.027971] input: Power Button as /devices/LNXSYSTM:00/LNXSYBUS:00/PNP0C0C:00/input/input0
[    1.028124] ACPI: Power Button [PWRB]
[    1.028231] input: Power Button as /devices/LNXSYSTM:00/LNXPWRBN:00/input/input1
[    1.028265] ACPI: Power Button [PWRF]
[    1.030657] (NULL device *): hwmon_device_register() is deprecated. Please convert the driver to use hwmon_device_register_with_info().
[    1.031219] thermal LNXTHERM:00: registered as thermal_zone0
[    1.031222] ACPI: Thermal Zone [TZ00] (28 C)
[    1.032141] thermal LNXTHERM:01: registered as thermal_zone1
[    1.032144] ACPI: Thermal Zone [TZ01] (30 C)
[    1.032961] Linux agpgart interface v0.103
[    1.059797] tpm_tis 00:0a: 1.2 TPM (device-id 0xB, rev-id 16)
[    1.177116] tpm tpm0: A TPM error (7) occurred attempting to read a pcr value
[    1.177129] tpm tpm0: TPM is disabled/deactivated (0x7)
[    1.185461] loop: module loaded
[    1.185767] ata_piix 0000:00:1f.2: version 2.13
[    1.186147] ata_piix 0000:00:1f.2: MAP [ P0 P2 P1 P3 ]
[    1.344370] scsi host0: ata_piix
[    1.344681] scsi host1: ata_piix
[    1.344783] ata1: SATA max UDMA/133 cmd 0xf0f0 ctl 0xf0e0 bmdma 0xf0b0 irq 19
[    1.344788] ata2: SATA max UDMA/133 cmd 0xf0d0 ctl 0xf0c0 bmdma 0xf0b8 irq 19
[    1.345176] ata_piix 0000:00:1f.5: MAP [ P0 -- P1 -- ]
[    1.503095] ata_piix 0000:00:1f.5: SCR access via SIDPR is available but doesn't work
[    1.503925] scsi host2: ata_piix
[    1.504213] scsi host3: ata_piix
[    1.504308] ata3: SATA max UDMA/133 cmd 0xf090 ctl 0xf080 bmdma 0xf050 irq 19
[    1.504310] ata4: SATA max UDMA/133 cmd 0xf070 ctl 0xf060 bmdma 0xf058 irq 19
[    1.504551] libphy: Fixed MDIO Bus: probed
[    1.504553] tun: Universal TUN/TAP device driver, 1.6
[    1.504661] PPP generic driver version 2.4.2
[    1.504791] ehci_hcd: USB 2.0 'Enhanced' Host Controller (EHCI) Driver
[    1.504800] ehci-pci: EHCI PCI platform driver
[    1.505244] ehci-pci 0000:00:1a.0: EHCI Host Controller
[    1.505293] ehci-pci 0000:00:1a.0: new USB bus registered, assigned bus number 1
[    1.505326] ehci-pci 0000:00:1a.0: debug port 2
[    1.509242] ehci-pci 0000:00:1a.0: cache line size of 64 is not supported
[    1.509282] ehci-pci 0000:00:1a.0: irq 16, io mem 0xf7737000
[    1.516092] ehci-pci 0000:00:1a.0: USB 2.0 started, EHCI 1.00
[    1.516292] usb usb1: New USB device found, idVendor=1d6b, idProduct=0002
[    1.516297] usb usb1: New USB device strings: Mfr=3, Product=2, SerialNumber=1
[    1.516300] usb usb1: Product: EHCI Host Controller
[    1.516302] usb usb1: Manufacturer: Linux 4.15.18 ehci_hcd
[    1.516305] usb usb1: SerialNumber: 0000:00:1a.0
[    1.516785] hub 1-0:1.0: USB hub found
[    1.516817] hub 1-0:1.0: 3 ports detected
[    1.517850] ehci-pci 0000:00:1d.0: EHCI Host Controller
[    1.517862] ehci-pci 0000:00:1d.0: new USB bus registered, assigned bus number 2
[    1.517877] ehci-pci 0000:00:1d.0: debug port 2
[    1.521785] ehci-pci 0000:00:1d.0: cache line size of 64 is not supported
[    1.521813] ehci-pci 0000:00:1d.0: irq 23, io mem 0xf7736000
[    1.528079] ehci-pci 0000:00:1d.0: USB 2.0 started, EHCI 1.00
[    1.528208] usb usb2: New USB device found, idVendor=1d6b, idProduct=0002
[    1.528211] usb usb2: New USB device strings: Mfr=3, Product=2, SerialNumber=1
[    1.528214] usb usb2: Product: EHCI Host Controller
[    1.528216] usb usb2: Manufacturer: Linux 4.15.18 ehci_hcd
[    1.528219] usb usb2: SerialNumber: 0000:00:1d.0
[    1.528559] hub 2-0:1.0: USB hub found
[    1.528578] hub 2-0:1.0: 3 ports detected
[    1.529068] ehci-platform: EHCI generic platform driver
[    1.529089] ohci_hcd: USB 1.1 'Open' Host Controller (OHCI) Driver
[    1.529098] ohci-pci: OHCI PCI platform driver
[    1.529125] ohci-platform: OHCI generic platform driver
[    1.529141] uhci_hcd: USB Universal Host Controller Interface driver
[    1.529555] xhci_hcd 0000:00:14.0: xHCI Host Controller
[    1.529566] xhci_hcd 0000:00:14.0: new USB bus registered, assigned bus number 3
[    1.530682] xhci_hcd 0000:00:14.0: hcc params 0x20007181 hci version 0x100 quirks 0x0000b930
[    1.530689] xhci_hcd 0000:00:14.0: cache line size of 64 is not supported
[    1.531055] usb usb3: New USB device found, idVendor=1d6b, idProduct=0002
[    1.531059] usb usb3: New USB device strings: Mfr=3, Product=2, SerialNumber=1
[    1.531061] usb usb3: Product: xHCI Host Controller
[    1.531063] usb usb3: Manufacturer: Linux 4.15.18 xhci-hcd
[    1.531066] usb usb3: SerialNumber: 0000:00:14.0
[    1.531417] hub 3-0:1.0: USB hub found
[    1.531452] hub 3-0:1.0: 4 ports detected
[    1.532616] xhci_hcd 0000:00:14.0: xHCI Host Controller
[    1.532625] xhci_hcd 0000:00:14.0: new USB bus registered, assigned bus number 4
[    1.532753] usb usb4: New USB device found, idVendor=1d6b, idProduct=0003
[    1.532757] usb usb4: New USB device strings: Mfr=3, Product=2, SerialNumber=1
[    1.532760] usb usb4: Product: xHCI Host Controller
[    1.532762] usb usb4: Manufacturer: Linux 4.15.18 xhci-hcd
[    1.532764] usb usb4: SerialNumber: 0000:00:14.0
[    1.533132] hub 4-0:1.0: USB hub found
[    1.533164] hub 4-0:1.0: 4 ports detected
[    1.534446] i8042: PNP: PS/2 Controller [PNP0303:PS2K,PNP0f03:PS2M] at 0x60,0x64 irq 1,12
[    1.537884] serio: i8042 KBD port at 0x60,0x64 irq 1
[    1.538056] serio: i8042 AUX port at 0x60,0x64 irq 12
[    1.538409] mousedev: PS/2 mouse device common for all mice
[    1.538865] rtc_cmos 00:02: RTC can wake from S4
[    1.539112] rtc_cmos 00:02: rtc core: registered rtc_cmos as rtc0
[    1.539146] rtc_cmos 00:02: alarms up to one month, y3k, 242 bytes nvram, hpet irqs
[    1.539166] i2c /dev entries driver
[    1.539293] device-mapper: uevent: version 1.0.3
[    1.539487] device-mapper: ioctl: 4.37.0-ioctl (2017-09-20) initialised: dm-devel@redhat.com
[    1.539495] intel_pstate: Intel P-state driver initializing
[    1.540450] ledtrig-cpu: registered to indicate activity on CPUs
[    1.541322] NET: Registered protocol family 10
[    1.543825] modprobe (146) used greatest stack depth: 13544 bytes left
[    1.548691] Segment Routing with IPv6
[    1.548711] NET: Registered protocol family 17
[    1.548823] Key type dns_resolver registered
[    1.549742] RAS: Correctable Errors collector initialized.
[    1.549823] microcode: sig=0x306a9, pf=0x2, revision=0x21
[    1.550060] microcode: Microcode Update Driver: v2.2.
[    1.550079] sched_clock: Marking stable (1550051796, 0)->(1562626996, -12575200)
[    1.550799] registered taskstats version 1
[    1.550818] Loading compiled-in X.509 certificates
[    1.554369] Loaded X.509 cert 'Build time autogenerated kernel key: a899a7beda85ddcaf0aa710b34b24e84bebd9499'
[    1.554435] zswap: loaded using pool lzo/zbud
[    1.560287] Key type big_key registered
[    1.560293] Key type trusted registered
[    1.561620] modprobe (167) used greatest stack depth: 13416 bytes left
[    1.563120] Key type encrypted registered
[    1.563127] AppArmor: AppArmor sha1 policy hashing enabled
[    1.584420] tpm tpm0: A TPM error (7) occurred attempting to read a pcr value
[    1.584427] ima: No TPM chip found, activating TPM-bypass! (rc=7)
[    1.584481] evm: HMAC attrs: 0x1
[    1.585046]   Magic number: 11:974:487
[    1.585195] rtc_cmos 00:02: setting system clock to 2019-11-19 15:27:45 UTC (1574177265)
[    1.585324] BIOS EDD facility v0.16 2004-Jun-25, 0 devices found
[    1.585326] EDD information not available.
[    1.841100] usb 1-1: new high-speed USB device number 2 using ehci-pci
[    1.850073] usb 2-1: new high-speed USB device number 2 using ehci-pci
[    1.857083] usb 3-1: new high-speed USB device number 2 using xhci_hcd
[    1.970819] usb 1-1: New USB device found, idVendor=8087, idProduct=0024
[    1.970825] usb 1-1: New USB device strings: Mfr=0, Product=0, SerialNumber=0
[    1.971415] hub 1-1:1.0: USB hub found
[    1.971683] hub 1-1:1.0: 6 ports detected
[    1.979840] usb 2-1: New USB device found, idVendor=8087, idProduct=0024
[    1.979843] usb 2-1: New USB device strings: Mfr=0, Product=0, SerialNumber=0
[    1.980372] hub 2-1:1.0: USB hub found
[    1.980558] hub 2-1:1.0: 8 ports detected
[    1.985402] usb 3-1: New USB device found, idVendor=05e3, idProduct=0610
[    1.985409] usb 3-1: New USB device strings: Mfr=0, Product=1, SerialNumber=0
[    1.985414] usb 3-1: Product: USB2.0 Hub
[    1.985925] hub 3-1:1.0: USB hub found
[    1.986175] hub 3-1:1.0: 4 ports detected
[    2.015129] tsc: Refined TSC clocksource calibration: 3392.293 MHz
[    2.015141] clocksource: tsc: mask: 0xffffffffffffffff max_cycles: 0x30e5de2a436, max_idle_ns: 440795285127 ns
[    2.111150] ata1.00: SATA link up 6.0 Gbps (SStatus 133 SControl 330)
[    2.111166] ata1.01: SATA link up 1.5 Gbps (SStatus 113 SControl 330)
[    2.132843] ata1.00: ATA-9: WDC WD10EZEX-60ZF5A0, 80.00A80, max UDMA/100
[    2.132846] ata1.00: 1953525168 sectors, multi 16: LBA48 NCQ (depth 0/32)
[    2.132851] ata1.01: ATAPI: hp      DVD A  DH16ACSHR, JHG6, max UDMA/100
[    2.135489] ata1.00: configured for UDMA/100
[    2.157607] ata1.01: configured for UDMA/100
[    2.159319] scsi 0:0:0:0: Direct-Access     ATA      WDC WD10EZEX-60Z 0A80 PQ: 0 ANSI: 5
[    2.160229] sd 0:0:0:0: Attached scsi generic sg0 type 0
[    2.160310] sd 0:0:0:0: [sda] 1953525168 512-byte logical blocks: (1.00 TB/932 GiB)
[    2.160319] sd 0:0:0:0: [sda] 4096-byte physical blocks
[    2.160390] sd 0:0:0:0: [sda] Write Protect is off
[    2.160393] sd 0:0:0:0: [sda] Mode Sense: 00 3a 00 00
[    2.160488] sd 0:0:0:0: [sda] Write cache: enabled, read cache: enabled, doesn't support DPO or FUA
[    2.164937] scsi 0:0:1:0: CD-ROM            hp       DVD A  DH16ACSHR JHG6 PQ: 0 ANSI: 5
[    2.208437] sr 0:0:1:0: [sr0] scsi3-mmc drive: 40x/40x writer dvd-ram cd/rw xa/form2 cdda tray
[    2.208443] cdrom: Uniform CD-ROM driver Revision: 3.20
[    2.208916] sr 0:0:1:0: Attached scsi CD-ROM sr0
[    2.209161] sr 0:0:1:0: Attached scsi generic sg1 type 5
[    2.241587]  sda: sda1 sda2 sda3
[    2.245300] sd 0:0:0:0: [sda] Attached SCSI disk
[    2.247074] usb 1-1.5: new low-speed USB device number 3 using ehci-pci
[    2.264076] usb 3-1.1: new high-speed USB device number 3 using xhci_hcd
[    2.341731] usb 3-1.1: New USB device found, idVendor=05e3, idProduct=0610
[    2.341734] usb 3-1.1: New USB device strings: Mfr=0, Product=1, SerialNumber=0
[    2.341736] usb 3-1.1: Product: USB2.0 Hub
[    2.342449] hub 3-1.1:1.0: USB hub found
[    2.342708] hub 3-1.1:1.0: 4 ports detected
[    2.343869] usb 1-1.5: New USB device found, idVendor=03f0, idProduct=0024
[    2.343872] usb 1-1.5: New USB device strings: Mfr=1, Product=2, SerialNumber=0
[    2.343874] usb 1-1.5: Product: HP Basic USB Keyboard
[    2.343876] usb 1-1.5: Manufacturer: CHICONY
[    2.383086] ata2.00: failed to resume link (SControl 30)
[    2.409094] usb 1-1.6: new low-speed USB device number 4 using ehci-pci
[    2.492895] usb 1-1.6: New USB device found, idVendor=03f0, idProduct=134a
[    2.492903] usb 1-1.6: New USB device strings: Mfr=1, Product=2, SerialNumber=0
[    2.492907] usb 1-1.6: Product: HP USB Optical Mouse
[    2.492921] usb 1-1.6: Manufacturer: PixArt
[    2.618095] usb 3-1.1.3: new low-speed USB device number 4 using xhci_hcd
[    2.701956] usb 3-1.1.3: New USB device found, idVendor=0529, idProduct=0001
[    2.701964] usb 3-1.1.3: New USB device strings: Mfr=1, Product=2, SerialNumber=0
[    2.701969] usb 3-1.1.3: Product: HASP HL 3.25
[    2.701973] usb 3-1.1.3: Manufacturer: AKS
[    3.023328] clocksource: Switched to clocksource tsc
[    3.423081] ata2.01: failed to resume link (SControl 30)
[    3.434344] ata2.00: SATA link down (SStatus 4 SControl 30)
[    3.434357] ata2.01: SATA link down (SStatus 4 SControl 30)
[    3.438784] Freeing unused kernel memory: 4208K
[    3.438813] Write protecting the kernel read-only data: 22528k
[    3.439995] Freeing unused kernel memory: 2008K
[    3.443073] Freeing unused kernel memory: 1812K
[    3.448056] x86/mm: Checked W+X mappings: passed, no W+X pages found.
[    3.448057] x86/mm: Checking user space page tables
[    3.452774] x86/mm: Checked W+X mappings: passed, no W+X pages found.
[    3.459689] exe (188) used greatest stack depth: 13088 bytes left
[    3.632469] ACPI: Video Device [PEG0] (multi-head: yes  rom: no  post: no)
[    3.633454] input: Video Bus as /devices/LNXSYSTM:00/LNXSYBUS:00/PNP0A08:00/LNXVIDEO:00/input/input4
[    3.633989] ACPI: Video Device [VGA] (multi-head: yes  rom: no  post: no)
[    3.636336] acpi device:1a: registered as cooling_device13
[    3.636625] input: Video Bus as /devices/LNXSYSTM:00/LNXSYBUS:00/PNP0A08:00/LNXVIDEO:00/LNXVIDEO:01/input/input5
[    3.636862] [Firmware Bug]: Duplicate ACPI video bus devices for the same VGA controller, please try module parameter "video.allow_duplicates=1"if the current driver doesn't work.
[    3.659991] pps_core: LinuxPPS API ver. 1 registered
[    3.659995] pps_core: Software ver. 5.3.6 - Copyright 2005-2007 Rodolfo Giometti <giometti@linux.it>
[    3.661659] PTP clock support registered
[    3.666228] e1000e: Intel(R) PRO/1000 Network Driver - 3.2.6-k
[    3.666231] e1000e: Copyright(c) 1999 - 2015 Intel Corporation.
[    3.667036] e1000e 0000:00:19.0: Interrupt Throttling Rate (ints/sec) set to dynamic conservative mode
[    3.692743] hidraw: raw HID events driver (C) Jiri Kosina
[    3.704337] [drm] radeon kernel modesetting enabled.
[    3.704453] checking generic (e0000000 5b0000) vs hw (e0000000 10000000)
[    3.704457] fb: switching to radeondrmfb from VESA VGA
[    3.704554] Console: switching to colour dummy device 80x25
[    3.704966] usbcore: registered new interface driver usbhid
[    3.704970] usbhid: USB HID core driver
[    3.706977] [drm] initializing kernel modesetting (CAICOS 0x1002:0x677B 0x103C:0x90B7 0x00).
[    3.707143] resource sanity check: requesting [mem 0x000c0000-0x000dffff], which spans more than PCI Bus 0000:00 [mem 0x000d4000-0x000d7fff window]
[    3.707151] caller pci_map_rom+0x5d/0xf0 mapping multiple BARs
[    3.707208] ATOM BIOS: HP
[    3.707700] radeon 0000:01:00.0: VRAM: 1024M 0x0000000000000000 - 0x000000003FFFFFFF (1024M used)
[    3.707705] radeon 0000:01:00.0: GTT: 1024M 0x0000000040000000 - 0x000000007FFFFFFF
[    3.707713] [drm] Detected VRAM RAM=1024M, BAR=256M
[    3.707716] [drm] RAM width 64bits DDR
[    3.709285] [TTM] Zone  kernel: Available graphics memory: 4039342 kiB
[    3.709293] [TTM] Zone   dma32: Available graphics memory: 2097152 kiB
[    3.709296] [TTM] Initializing pool allocator
[    3.709337] [TTM] Initializing DMA pool allocator
[    3.709651] [drm] radeon: 1024M of VRAM memory ready
[    3.709657] [drm] radeon: 1024M of GTT memory ready.
[    3.709732] [drm] Loading CAICOS Microcode
[    3.710279] [drm] Internal thermal controller with fan control
[    3.714888] [drm] radeon: dpm initialized
[    3.715145] [drm] GART: num cpu pages 262144, num gpu pages 262144
[    3.716521] [drm] enabling PCIE gen 2 link speeds, disable with radeon.pcie_gen2=0
[    3.734628] [drm] PCIE GART of 1024M enabled (table at 0x0000000000162000).
[    3.734880] radeon 0000:01:00.0: WB enabled
[    3.734886] radeon 0000:01:00.0: fence driver on ring 0 use gpu addr 0x0000000040000c00 and cpu addr 0x000000001a4838f9
[    3.734890] radeon 0000:01:00.0: fence driver on ring 3 use gpu addr 0x0000000040000c0c and cpu addr 0x00000000caac365a
[    3.735658] radeon 0000:01:00.0: fence driver on ring 5 use gpu addr 0x0000000000072118 and cpu addr 0x0000000022d55136
[    3.735670] [drm] Supports vblank timestamp caching Rev 2 (21.10.2013).
[    3.735673] [drm] Driver supports precise vblank timestamp query.
[    3.735676] radeon 0000:01:00.0: radeon: MSI limited to 32-bit
[    3.735906] radeon 0000:01:00.0: radeon: using MSI.
[    3.736033] [drm] radeon: irq initialized.
[    3.753469] [drm] ring test on 0 succeeded in 2 usecs
[    3.753483] [drm] ring test on 3 succeeded in 6 usecs
[    3.771015] e1000e 0000:00:19.0 0000:00:19.0 (uninitialized): registered PHC clock
[    3.797072] input: CHICONY HP Basic USB Keyboard as /devices/pci0000:00/0000:00:1a.0/usb1/1-1/1-1.5/1-1.5:1.0/0003:03F0:0024.0001/input/input7
[    3.849595] hid-generic 0003:03F0:0024.0001: input,hidraw0: USB HID v1.11 Keyboard [CHICONY HP Basic USB Keyboard] on usb-0000:00:1a.0-1.5/input0
[    3.849777] input: PixArt HP USB Optical Mouse as /devices/pci0000:00/0000:00:1a.0/usb1/1-1/1-1.6/1-1.6:1.0/0003:03F0:134A.0002/input/input8
[    3.850224] hid-generic 0003:03F0:134A.0002: input,hidraw1: USB HID v1.11 Mouse [PixArt HP USB Optical Mouse] on usb-0000:00:1a.0-1.6/input0
[    3.855068] e1000e 0000:00:19.0 eth0: (PCI Express:2.5GT/s:Width x1) b4:b5:2f:c9:74:44
[    3.855114] e1000e 0000:00:19.0 eth0: Intel(R) PRO/1000 Network Connection
[    3.855146] e1000e 0000:00:19.0 eth0: MAC: 10, PHY: 11, PBA No: 0100FF-0FF
[    3.855518] e1000e 0000:03:00.0: Interrupt Throttling Rate (ints/sec) set to dynamic conservative mode
[    3.896727] e1000e 0000:03:00.0 0000:03:00.0 (uninitialized): registered PHC clock
[    3.930648] [drm] ring test on 5 succeeded in 2 usecs
[    3.930658] [drm] UVD initialized successfully.
[    3.931321] [drm] ib test on ring 0 succeeded in 0 usecs
[    3.931390] [drm] ib test on ring 3 succeeded in 0 usecs
[    3.942648] e1000e 0000:03:00.0 eth1: (PCI Express:2.5GT/s:Width x1) 68:05:ca:0e:df:b5
[    3.942651] e1000e 0000:03:00.0 eth1: Intel(R) PRO/1000 Network Connection
[    3.942720] e1000e 0000:03:00.0 eth1: MAC: 3, PHY: 8, PBA No: G17304-005
[    3.945614] e1000e 0000:00:19.0 eno1: renamed from eth0
[    4.090793] e1000e 0000:03:00.0 enp3s0: renamed from eth1
[    4.584241] [drm] ib test on ring 5 succeeded
[    4.587230] [drm] Radeon Display Connectors
[    4.587232] [drm] Connector 0:
[    4.587234] [drm]   DP-1
[    4.587235] [drm]   HPD2
[    4.587238] [drm]   DDC: 0x6460 0x6460 0x6464 0x6464 0x6468 0x6468 0x646c 0x646c
[    4.587239] [drm]   Encoders:
[    4.587241] [drm]     DFP1: INTERNAL_UNIPHY1
[    4.587242] [drm] Connector 1:
[    4.587244] [drm]   DVI-I-1
[    4.587245] [drm]   HPD4
[    4.587247] [drm]   DDC: 0x6450 0x6450 0x6454 0x6454 0x6458 0x6458 0x645c 0x645c
[    4.587248] [drm]   Encoders:
[    4.587250] [drm]     DFP2: INTERNAL_UNIPHY
[    4.587251] [drm]     CRT1: INTERNAL_KLDSCP_DAC1
[    4.655096] [drm] fb mappable at 0xE0363000
[    4.655102] [drm] vram apper at 0xE0000000
[    4.655104] [drm] size 8294400
[    4.655105] [drm] fb depth is 24
[    4.655107] [drm]    pitch is 7680
[    4.655433] fbcon: radeondrmfb (fb0) is primary device
[    4.655608] Console: switching to colour frame buffer device 240x67
[    4.655636] radeon 0000:01:00.0: fb0: radeondrmfb frame buffer device
[    4.659217] [drm] Initialized radeon 2.50.0 20080528 for 0000:01:00.0 on minor 0
[    4.696852] systemd-udevd (241) used greatest stack depth: 13056 bytes left
[    4.696865] systemd-udevd (224) used greatest stack depth: 12784 bytes left
[    4.697192] systemd-udevd (231) used greatest stack depth: 12400 bytes left
[    4.697515] systemd-udevd (221) used greatest stack depth: 12384 bytes left
[    4.697585] systemd-udevd (227) used greatest stack depth: 11456 bytes left
[    4.908596] random: crng init done
[    7.115948] EXT4-fs (sda3): mounted filesystem with ordered data mode. Opts: (null)
[    8.317248] ip_tables: (C) 2000-2006 Netfilter Core Team
[    8.361575] systemd[1]: systemd 237 running in system mode. (+PAM +AUDIT +SELINUX +IMA +APPARMOR +SMACK +SYSVINIT +UTMP +LIBCRYPTSETUP +GCRYPT +GNUTLS +ACL +XZ +LZ4 +SECCOMP +BLKID +ELFUTILS +KMOD -IDN2 +IDN -PCRE2 default-hierarchy=hybrid)
[    8.374389] systemd[1]: Detected architecture x86-64.
[    8.380594] systemd[1]: Set hostname to <ele-a2459-27>.
[    9.942362] systemd[1]: Created slice User and Session Slice.
[    9.942908] systemd[1]: Set up automount Arbitrary Executable File Formats File System Automount Point.
[    9.943092] systemd[1]: Started Forward Password Requests to Wall Directory Watch.
[    9.943106] systemd[1]: Reached target User and Group Name Lookups.
[    9.943118] systemd[1]: Reached target System Time Synchronized.
[    9.943468] systemd[1]: Created slice System Slice.
[    9.943646] systemd[1]: Listening on RPCbind Server Activation Socket.
[   10.465341] lp: driver loaded but no devices found
[   10.487364] ppdev: user-space parallel port driver
[   10.513968] PCI parallel port detected: 9710:9865, I/O at 0xc030(0x0), IRQ 20
[   10.514301] PCI parallel port detected: 9710:9865, I/O at 0xc020(0x0), IRQ 21
[   10.540142] EXT4-fs (sda3): re-mounted. Opts: errors=remount-ro
[   10.895680] RPC: Registered named UNIX socket transport module.
[   10.895686] RPC: Registered udp transport module.
[   10.895688] RPC: Registered tcp transport module.
[   10.895690] RPC: Registered tcp NFSv4.1 backchannel transport module.
[   10.991146] systemd-journald[306]: Received request to flush runtime journal from PID 1
[   17.981748] systemd-journald[306]: File /var/log/journal/63b8c08fc5234ba3b39d2cab7e3ccdc5/system.journal corrupted or uncleanly shut down, renaming and replacing.
[   17.989633] Adding 2097148k swap on /swapfile.  Priority:-2 extents:6 across:2260988k FS
[   18.972034] shpchp: Standard Hot Plug PCI Controller Driver version: 0.4
[   19.030747] ACPI Warning: SystemIO range 0x0000000000000428-0x000000000000042F conflicts with OpRegion 0x0000000000000400-0x000000000000047F (\PMIO) (20170831/utaddress-247)
[   19.030759] ACPI: If an ACPI driver is available for this device, you should use it instead of the native driver
[   19.030764] ACPI Warning: SystemIO range 0x0000000000000540-0x000000000000054F conflicts with OpRegion 0x0000000000000500-0x0000000000000563 (\GPIO) (20170831/utaddress-247)
[   19.030772] ACPI: If an ACPI driver is available for this device, you should use it instead of the native driver
[   19.030775] ACPI Warning: SystemIO range 0x0000000000000530-0x000000000000053F conflicts with OpRegion 0x0000000000000500-0x0000000000000563 (\GPIO) (20170831/utaddress-247)
[   19.030782] ACPI: If an ACPI driver is available for this device, you should use it instead of the native driver
[   19.030785] ACPI Warning: SystemIO range 0x0000000000000500-0x000000000000052F conflicts with OpRegion 0x0000000000000500-0x0000000000000563 (\GPIO) (20170831/utaddress-247)
[   19.030792] ACPI: If an ACPI driver is available for this device, you should use it instead of the native driver
[   19.030793] lpc_ich: Resource conflict(s) found affecting gpio_ich
[   19.246559] Serial: 8250/16550 driver, 32 ports, IRQ sharing enabled
[   19.267357] 00:08: ttyS0 at I/O 0x3f8 (irq = 4, base_baud = 115200) is a 16550A
[   19.288486] 00:09: ttyS1 at I/O 0x2f8 (irq = 3, base_baud = 115200) is a 16550A
[   19.726464] 0000:00:16.3: ttyS4 at I/O 0xf100 (irq = 19, base_baud = 115200) is a 16550A
[   19.748197] 0000:04:00.0: ttyS5 at I/O 0xc030 (irq = 20, base_baud = 115200) is a ST16650V2
[   19.769856] 0000:04:00.1: ttyS6 at I/O 0xc020 (irq = 21, base_baud = 115200) is a ST16650V2
[   19.808078] radeon_dp_aux_transfer_native: 74 callbacks suppressed
[   19.847700] input: HP WMI hotkeys as /devices/virtual/input/input9
[   19.866340] RAPL PMU: API unit is 2^-32 Joules, 3 fixed counters, 163840 ms ovfl timer
[   19.866344] RAPL PMU: hw unit of domain pp0-core 2^-16 Joules
[   19.866348] RAPL PMU: hw unit of domain package 2^-16 Joules
[   19.866350] RAPL PMU: hw unit of domain pp1-gpu 2^-16 Joules
[   19.942992] audit: type=1400 audit(1574177283.856:2): apparmor="STATUS" operation="profile_load" profile="unconfined" name="/usr/bin/man" pid=573 comm="apparmor_parser"
[   19.943048] audit: type=1400 audit(1574177283.856:3): apparmor="STATUS" operation="profile_load" profile="unconfined" name="man_filter" pid=573 comm="apparmor_parser"
[   19.943061] audit: type=1400 audit(1574177283.857:4): apparmor="STATUS" operation="profile_load" profile="unconfined" name="man_groff" pid=573 comm="apparmor_parser"
[   19.943177] audit: type=1400 audit(1574177283.857:5): apparmor="STATUS" operation="profile_load" profile="unconfined" name="libreoffice-senddoc" pid=575 comm="apparmor_parser"
[   19.944322] audit: type=1400 audit(1574177283.858:6): apparmor="STATUS" operation="profile_load" profile="unconfined" name="libreoffice-xpdfimport" pid=577 comm="apparmor_parser"
[   19.944506] audit: type=1400 audit(1574177283.858:7): apparmor="STATUS" operation="profile_load" profile="unconfined" name="/sbin/dhclient" pid=570 comm="apparmor_parser"
[   19.944518] audit: type=1400 audit(1574177283.858:8): apparmor="STATUS" operation="profile_load" profile="unconfined" name="/usr/lib/NetworkManager/nm-dhcp-client.action" pid=570 comm="apparmor_parser"
[   19.944529] audit: type=1400 audit(1574177283.858:9): apparmor="STATUS" operation="profile_load" profile="unconfined" name="/usr/lib/NetworkManager/nm-dhcp-helper" pid=570 comm="apparmor_parser"
[   19.944540] audit: type=1400 audit(1574177283.858:10): apparmor="STATUS" operation="profile_load" profile="unconfined" name="/usr/lib/connman/scripts/dhclient-script" pid=570 comm="apparmor_parser"
[   19.946647] audit: type=1400 audit(1574177283.860:11): apparmor="STATUS" operation="profile_load" profile="unconfined" name="/usr/sbin/ippusbxd" pid=581 comm="apparmor_parser"
[   20.607744] snd_hda_intel 0000:01:00.1: Handle vga_switcheroo audio client
[   20.642679] input: HDA ATI HDMI HDMI/DP,pcm=3 as /devices/pci0000:00/0000:00:01.0/0000:01:00.1/sound/card1/input10
[   20.669167] snd_hda_codec_realtek hdaudioC0D0: ALC221: SKU not ready 0x411111f0
[   20.669533] snd_hda_codec_realtek hdaudioC0D0: autoconfig for ALC221: line_outs=1 (0x14/0x0/0x0/0x0/0x0) type:line
[   20.669535] snd_hda_codec_realtek hdaudioC0D0:    speaker_outs=1 (0x17/0x0/0x0/0x0/0x0)
[   20.669538] snd_hda_codec_realtek hdaudioC0D0:    hp_outs=1 (0x21/0x0/0x0/0x0/0x0)
[   20.669540] snd_hda_codec_realtek hdaudioC0D0:    mono: mono_out=0x0
[   20.669541] snd_hda_codec_realtek hdaudioC0D0:    inputs:
[   20.669544] snd_hda_codec_realtek hdaudioC0D0:      Mic=0x1a
[   20.669555] snd_hda_codec_realtek hdaudioC0D0:      Line=0x1b
[   21.711574] input: HDA Intel PCH Mic as /devices/pci0000:00/0000:00:1b.0/sound/card0/input11
[   21.711748] input: HDA Intel PCH Line as /devices/pci0000:00/0000:00:1b.0/sound/card0/input12
[   21.711941] input: HDA Intel PCH Line Out as /devices/pci0000:00/0000:00:1b.0/sound/card0/input13
[   21.712945] input: HDA Intel PCH Front Headphone as /devices/pci0000:00/0000:00:1b.0/sound/card0/input14
[   21.816042] AVX version of gcm_enc/dec engaged.
[   21.816055] AES CTR mode by8 optimization enabled
[   22.229672] kvm: disabled by bios
[   22.252993] kvm: disabled by bios
[   22.273454] kvm: disabled by bios
[   22.296670] kvm: disabled by bios
[   22.313448] kvm: disabled by bios
[   22.813100] intel_rapl: Found RAPL domain package
[   22.813134] intel_rapl: Found RAPL domain core
[   22.813139] intel_rapl: RAPL package 0 domain package locked by BIOS
[   23.875017] do_IRQ: 6.34 No irq handler for vector
[   28.146935] IPv6: ADDRCONF(NETDEV_UP): eno1: link is not ready
[   28.360581] IPv6: ADDRCONF(NETDEV_UP): eno1: link is not ready
[   28.365064] IPv6: ADDRCONF(NETDEV_UP): enp3s0: link is not ready
[   28.424860] IPv6: ADDRCONF(NETDEV_UP): enp3s0: link is not ready
[   30.416080] radeon_dp_aux_transfer_native: 32 callbacks suppressed
[   31.935972] e1000e: eno1 NIC Link is Up 1000 Mbps Full Duplex, Flow Control: None
[   31.936053] IPv6: ADDRCONF(NETDEV_CHANGE): eno1: link becomes ready
[   51.324049] FS-Cache: Loaded
[   51.369037] FS-Cache: Netfs 'nfs' registered for caching
[   51.398332] NFS: Registering the id_resolver key type
[   51.398349] Key type id_resolver registered
[   51.398353] Key type id_legacy registered
[   51.495582] mount.nfs (1404) used greatest stack depth: 10696 bytes left
[   52.586649] radeon_dp_aux_transfer_native: 32 callbacks suppressed
[   57.955519] radeon_dp_aux_transfer_native: 116 callbacks suppressed
[   57.963098] rfkill: input handler disabled
[   64.289661] mount.nfs (1935) used greatest stack depth: 10480 bytes left
[   70.901738] serial 00:09: disabled
[   70.902877] serial 00:08: disabled
[   72.576112] SerialDriver: loading out-of-tree module taints kernel.
[   72.576203] SerialDriver: module verification failed: signature and/or required key missing - tainting kernel
[   72.577191] Starting 
[   72.577199] PORT 0 ADDR : 49184 
[   72.577203] PORT 0 IRQ : 21 
[   72.577557] Requesting IRQ (21) 
[   72.577594] Request IRQ Status (0) 
[   72.577601] Adding Serial Driver 0 (err. 0)
[   72.577612] Base ADDR : 49184 
[   72.577627] Base ADDR : 49184 
[   72.577634] Before SCR 7
[   72.577641] Base ADDR : 49184 
[   72.577647] After SCR 7
[   72.577659] PORT 1 ADDR : 49200 
[   72.577664] PORT 1 IRQ : 20 
[   72.577887] Requesting IRQ (20) 
[   72.577914] Request IRQ Status (0) 
[   72.577922] Adding Serial Driver 1 (err. 0)
[   72.577932] Base ADDR : 49200 
[   72.577947] Base ADDR : 49200 
[   72.577954] Before SCR 7
[   72.577961] Base ADDR : 49200 
[   72.577967] After SCR 7
[?1049h[22;0;0t[1;24r(B[m[4l[?7h[H[2JToutes les 0,1s: dmesg | tail -n 35[43Gele-a2459-27: Tue Nov 19 10:30:10 2019[3;1H[   51.324049] FS-Cache: Loaded[4d[   51.369037] FS-Cache: Netfs 'nfs' registered for caching[5d[   51.398332] NFS: Registering the id_resolver key type[6d[   51.398349] Key type id_resolver registered[7d[   51.398353] Key type id_legacy registered[8d[   51.495582] mount.nfs (1404) used greatest stack depth: 10696 bytes left[9d[   52.586649] radeon_dp_aux_transfer_native: 32 callbacks suppressed[10d[   57.955519] radeon_dp_aux_transfer_native: 116 callbacks suppressed[11d[   57.963098] rfkill: input handler disabled[12d[   64.289661] mount.nfs (1935) used greatest stack depth: 10480 bytes left[13d[   70.901738] serial 00:09: disabled[14d[   70.902877] serial 00:08: disabled[15d[   72.576112] SerialDriver: loading out-of-tree module taints kernel.[16d[   72.576203] SerialDriver: module verification failed: signature and/or requir[17;1Hed key missing - tainting kernel[18d[   72.577191] Starting[19d[   72.577199] PORT 0 ADDR : 49184[20d[   72.577203] PORT 0 IRQ : 21[21d[   72.577557] Requesting IRQ (21)[22d[   72.577594] Request IRQ Status (0)[23d[   72.577601] Adding Serial Driver 0 (err. 0)[24d[   72.577612] Base ADDR : 49184[80G[1;75H1[24;80H[1;75H2[24;80H[24;1H[?1049l[23;0;0t[?1l>[    0.000000] microcode: microcode updated early to revision 0x21, date = 2019-02-13
[    0.000000] Linux version 4.15.18 (root@ele-a2459-04) (gcc version 7.4.0 (Ubuntu 7.4.0-1ubuntu1~18.04.1)) #2 SMP PREEMPT Fri Oct 25 11:32:16 EDT 2019 (Ubuntu 4.15.0-23.25-generic 4.15.18)
[    0.000000] Command line: BOOT_IMAGE=/boot/vmlinuz-4.15.18 root=UUID=08f513db-4ecd-40da-a6f2-bfe581a76ff5 ro quiet splash vt.handoff=1
[    0.000000] KERNEL supported cpus:
[    0.000000]   Intel GenuineIntel
[    0.000000]   AMD AuthenticAMD
[    0.000000]   Centaur CentaurHauls
[    0.000000] x86/fpu: Supporting XSAVE feature 0x001: 'x87 floating point registers'
[    0.000000] x86/fpu: Supporting XSAVE feature 0x002: 'SSE registers'
[    0.000000] x86/fpu: Supporting XSAVE feature 0x004: 'AVX registers'
[    0.000000] x86/fpu: xstate_offset[2]:  576, xstate_sizes[2]:  256
[    0.000000] x86/fpu: Enabled xstate features 0x7, context size is 832 bytes, using 'standard' format.
[    0.000000] e820: BIOS-provided physical RAM map:
[    0.000000] BIOS-e820: [mem 0x0000000000000000-0x000000000009f7ff] usable
[    0.000000] BIOS-e820: [mem 0x000000000009f800-0x000000000009ffff] reserved
[    0.000000] BIOS-e820: [mem 0x00000000000e0000-0x00000000000fffff] reserved
[    0.000000] BIOS-e820: [mem 0x0000000000100000-0x00000000de357fff] usable
[    0.000000] BIOS-e820: [mem 0x00000000de358000-0x00000000de93afff] reserved
[    0.000000] BIOS-e820: [mem 0x00000000de93b000-0x00000000deb69fff] ACPI NVS
[    0.000000] BIOS-e820: [mem 0x00000000deb6a000-0x00000000deb7bfff] ACPI data
[    0.000000] BIOS-e820: [mem 0x00000000deb7c000-0x00000000debbafff] ACPI NVS
[    0.000000] BIOS-e820: [mem 0x00000000debbb000-0x00000000debbffff] ACPI data
[    0.000000] BIOS-e820: [mem 0x00000000debc0000-0x00000000dec02fff] ACPI NVS
[    0.000000] BIOS-e820: [mem 0x00000000dec03000-0x00000000deffffff] usable
[    0.000000] BIOS-e820: [mem 0x00000000f8000000-0x00000000fbffffff] reserved
[    0.000000] BIOS-e820: [mem 0x00000000fec00000-0x00000000fec00fff] reserved
[    0.000000] BIOS-e820: [mem 0x00000000fed00000-0x00000000fed03fff] reserved
[    0.000000] BIOS-e820: [mem 0x00000000fed1c000-0x00000000fed44fff] reserved
[    0.000000] BIOS-e820: [mem 0x00000000fed90000-0x00000000fed93fff] reserved
[    0.000000] BIOS-e820: [mem 0x00000000fee00000-0x00000000fee00fff] reserved
[    0.000000] BIOS-e820: [mem 0x00000000ff000000-0x00000000ffffffff] reserved
[    0.000000] BIOS-e820: [mem 0x0000000100000000-0x000000021dffffff] usable
[    0.000000] NX (Execute Disable) protection: active
[    0.000000] random: fast init done
[    0.000000] SMBIOS 2.7 present.
[    0.000000] DMI: Hewlett-Packard HP Compaq Elite 8300 CMT/3396, BIOS K01 v02.05 05/07/2012
[    0.000000] e820: update [mem 0x00000000-0x00000fff] usable ==> reserved
[    0.000000] e820: remove [mem 0x000a0000-0x000fffff] usable
[    0.000000] e820: last_pfn = 0x21e000 max_arch_pfn = 0x400000000
[    0.000000] MTRR default type: uncachable
[    0.000000] MTRR fixed ranges enabled:
[    0.000000]   00000-9FFFF write-back
[    0.000000]   A0000-BFFFF uncachable
[    0.000000]   C0000-D3FFF write-protect
[    0.000000]   D4000-E7FFF uncachable
[    0.000000]   E8000-FFFFF write-protect
[    0.000000] MTRR variable ranges enabled:
[    0.000000]   0 base 000000000 mask E00000000 write-back
[    0.000000]   1 base 200000000 mask FE0000000 write-back
[    0.000000]   2 base 0E0000000 mask FE0000000 uncachable
[    0.000000]   3 base 21E000000 mask FFE000000 uncachable
[    0.000000]   4 disabled
[    0.000000]   5 disabled
[    0.000000]   6 disabled
[    0.000000]   7 disabled
[    0.000000]   8 disabled
[    0.000000]   9 disabled
[    0.000000] x86/PAT: Configuration [0-7]: WB  WC  UC- UC  WB  WP  UC- WT  
[    0.000000] total RAM covered: 8160M
[    0.000000] Found optimal setting for mtrr clean up
[    0.000000]  gran_size: 64K 	chunk_size: 64M 	num_reg: 6  	lose cover RAM: 0G
[    0.000000] e820: update [mem 0xe0000000-0xffffffff] usable ==> reserved
[    0.000000] e820: last_pfn = 0xdf000 max_arch_pfn = 0x400000000
[    0.000000] found SMP MP-table at [mem 0x000f4cd0-0x000f4cdf] mapped at [        (ptrval)]
[    0.000000] Scanning 1 areas for low memory corruption
[    0.000000] Base memory trampoline at [        (ptrval)] 99000 size 24576
[    0.000000] BRK [0x2d345000, 0x2d345fff] PGTABLE
[    0.000000] BRK [0x2d346000, 0x2d346fff] PGTABLE
[    0.000000] BRK [0x2d347000, 0x2d347fff] PGTABLE
[    0.000000] BRK [0x2d348000, 0x2d348fff] PGTABLE
[    0.000000] BRK [0x2d349000, 0x2d349fff] PGTABLE
[    0.000000] BRK [0x2d34a000, 0x2d34afff] PGTABLE
[    0.000000] BRK [0x2d34b000, 0x2d34bfff] PGTABLE
[    0.000000] BRK [0x2d34c000, 0x2d34cfff] PGTABLE
[    0.000000] BRK [0x2d34d000, 0x2d34dfff] PGTABLE
[    0.000000] BRK [0x2d34e000, 0x2d34efff] PGTABLE
[    0.000000] RAMDISK: [mem 0x311d1000-0x348dffff]
[    0.000000] ACPI: Early table checksum verification disabled
[    0.000000] ACPI: RSDP 0x00000000000F9810 000024 (v02 HPQOEM)
[    0.000000] ACPI: XSDT 0x00000000DEB6A080 00007C (v01 HPQOEM SLIC-BPC 01072009 AMI  00010013)
[    0.000000] ACPI: FACP 0x00000000DEB73FD8 0000F4 (v04 HPQOEM SLIC-BPC 01072009 AMI  00010013)
[    0.000000] ACPI: DSDT 0x00000000DEB6A188 009E4A (v02 HPQOEM SLIC-BPC 00000017 INTL 20051117)
[    0.000000] ACPI: FACS 0x00000000DEBB2F80 000040
[    0.000000] ACPI: APIC 0x00000000DEB740D0 0000BC (v03 HPQOEM SLIC-BPC 01072009 AMI  00010013)
[    0.000000] ACPI: MCFG 0x00000000DEB74190 00003C (v01 HPQOEM SLIC-BPC 01072009 MSFT 00000097)
[    0.000000] ACPI: HPET 0x00000000DEB741D0 000038 (v01 HPQOEM SLIC-BPC 01072009 AMI. 00000005)
[    0.000000] ACPI: SSDT 0x00000000DEB74208 000460 (v01 IdeRef IdeTable 00001000 INTL 20091112)
[    0.000000] ACPI: SSDT 0x00000000DEB74668 00544C (v01 COMPAQ WMI      00000001 MSFT 03000001)
[    0.000000] ACPI: SSDT 0x00000000DEB79AB8 0009AA (v01 PmRef  Cpu0Ist  00003000 INTL 20051117)
[    0.000000] ACPI: SSDT 0x00000000DEB7A468 000A92 (v01 PmRef  CpuPm    00003000 INTL 20051117)
[    0.000000] ACPI: TCPA 0x00000000DEB7AF00 000032 (v02 APTIO4 NAPAASF  00000001 MSFT 01000013)
[    0.000000] ACPI: ASF! 0x00000000DEB7AF38 0000A5 (v32 INTEL   HCG     00000001 TFSM 000F4240)
[    0.000000] ACPI: BGRT 0x00000000DEB7AFE0 00003C (v00 HPQOEM SLIC-BPC 01072009 AMI  00010013)
[    0.000000] ACPI: Local APIC address 0xfee00000
[    0.000000] No NUMA configuration found
[    0.000000] Faking a node at [mem 0x0000000000000000-0x000000021dffffff]
[    0.000000] NODE_DATA(0) allocated [mem 0x21dfd1000-0x21dffbfff]
[    0.000000] tsc: Fast TSC calibration using PIT
[    0.000000] Zone ranges:
[    0.000000]   DMA      [mem 0x0000000000001000-0x0000000000ffffff]
[    0.000000]   DMA32    [mem 0x0000000001000000-0x00000000ffffffff]
[    0.000000]   Normal   [mem 0x0000000100000000-0x000000021dffffff]
[    0.000000]   Device   empty
[    0.000000] Movable zone start for each node
[    0.000000] Early memory node ranges
[    0.000000]   node   0: [mem 0x0000000000001000-0x000000000009efff]
[    0.000000]   node   0: [mem 0x0000000000100000-0x00000000de357fff]
[    0.000000]   node   0: [mem 0x00000000dec03000-0x00000000deffffff]
[    0.000000]   node   0: [mem 0x0000000100000000-0x000000021dffffff]
[    0.000000] Initmem setup node 0 [mem 0x0000000000001000-0x000000021dffffff]
[    0.000000] On node 0 totalpages: 2082547
[    0.000000]   DMA zone: 64 pages used for memmap
[    0.000000]   DMA zone: 21 pages reserved
[    0.000000]   DMA zone: 3998 pages, LIFO batch:0
[    0.000000]   DMA32 zone: 14174 pages used for memmap
[    0.000000]   DMA32 zone: 907093 pages, LIFO batch:31
[    0.000000]   Normal zone: 18304 pages used for memmap
[    0.000000]   Normal zone: 1171456 pages, LIFO batch:31
[    0.000000] Reserved but unavailable: 98 pages
[    0.000000] ACPI: PM-Timer IO Port: 0x408
[    0.000000] ACPI: Local APIC address 0xfee00000
[    0.000000] ACPI: LAPIC_NMI (acpi_id[0x00] high edge lint[0x1])
[    0.000000] ACPI: LAPIC_NMI (acpi_id[0x02] high edge lint[0x1])
[    0.000000] ACPI: LAPIC_NMI (acpi_id[0x04] high edge lint[0x1])
[    0.000000] ACPI: LAPIC_NMI (acpi_id[0x06] high edge lint[0x1])
[    0.000000] ACPI: LAPIC_NMI (acpi_id[0x01] high edge lint[0x1])
[    0.000000] ACPI: LAPIC_NMI (acpi_id[0x03] high edge lint[0x1])
[    0.000000] ACPI: LAPIC_NMI (acpi_id[0x05] high edge lint[0x1])
[    0.000000] ACPI: LAPIC_NMI (acpi_id[0x07] high edge lint[0x1])
[    0.000000] IOAPIC[0]: apic_id 2, version 32, address 0xfec00000, GSI 0-23
[    0.000000] ACPI: INT_SRC_OVR (bus 0 bus_irq 0 global_irq 2 dfl dfl)
[    0.000000] ACPI: INT_SRC_OVR (bus 0 bus_irq 9 global_irq 9 high level)
[    0.000000] ACPI: IRQ0 used by override.
[    0.000000] ACPI: IRQ9 used by override.
[    0.000000] Using ACPI (MADT) for SMP configuration information
[    0.000000] ACPI: HPET id: 0x8086a701 base: 0xfed00000
[    0.000000] smpboot: Allowing 8 CPUs, 0 hotplug CPUs
[    0.000000] PM: Registered nosave memory: [mem 0x00000000-0x00000fff]
[    0.000000] PM: Registered nosave memory: [mem 0x0009f000-0x0009ffff]
[    0.000000] PM: Registered nosave memory: [mem 0x000a0000-0x000dffff]
[    0.000000] PM: Registered nosave memory: [mem 0x000e0000-0x000fffff]
[    0.000000] PM: Registered nosave memory: [mem 0xde358000-0xde93afff]
[    0.000000] PM: Registered nosave memory: [mem 0xde93b000-0xdeb69fff]
[    0.000000] PM: Registered nosave memory: [mem 0xdeb6a000-0xdeb7bfff]
[    0.000000] PM: Registered nosave memory: [mem 0xdeb7c000-0xdebbafff]
[    0.000000] PM: Registered nosave memory: [mem 0xdebbb000-0xdebbffff]
[    0.000000] PM: Registered nosave memory: [mem 0xdebc0000-0xdec02fff]
[    0.000000] PM: Registered nosave memory: [mem 0xdf000000-0xf7ffffff]
[    0.000000] PM: Registered nosave memory: [mem 0xf8000000-0xfbffffff]
[    0.000000] PM: Registered nosave memory: [mem 0xfc000000-0xfebfffff]
[    0.000000] PM: Registered nosave memory: [mem 0xfec00000-0xfec00fff]
[    0.000000] PM: Registered nosave memory: [mem 0xfec01000-0xfecfffff]
[    0.000000] PM: Registered nosave memory: [mem 0xfed00000-0xfed03fff]
[    0.000000] PM: Registered nosave memory: [mem 0xfed04000-0xfed1bfff]
[    0.000000] PM: Registered nosave memory: [mem 0xfed1c000-0xfed44fff]
[    0.000000] PM: Registered nosave memory: [mem 0xfed45000-0xfed8ffff]
[    0.000000] PM: Registered nosave memory: [mem 0xfed90000-0xfed93fff]
[    0.000000] PM: Registered nosave memory: [mem 0xfed94000-0xfedfffff]
[    0.000000] PM: Registered nosave memory: [mem 0xfee00000-0xfee00fff]
[    0.000000] PM: Registered nosave memory: [mem 0xfee01000-0xfeffffff]
[    0.000000] PM: Registered nosave memory: [mem 0xff000000-0xffffffff]
[    0.000000] e820: [mem 0xdf000000-0xf7ffffff] available for PCI devices
[    0.000000] Booting paravirtualized kernel on bare hardware
[    0.000000] clocksource: refined-jiffies: mask: 0xffffffff max_cycles: 0xffffffff, max_idle_ns: 1910969940391419 ns
[    0.000000] setup_percpu: NR_CPUS:8192 nr_cpumask_bits:8 nr_cpu_ids:8 nr_node_ids:1
[    0.000000] percpu: Embedded 494 pages/cpu @        (ptrval) s1986560 r8192 d28672 u2097152
[    0.000000] pcpu-alloc: s1986560 r8192 d28672 u2097152 alloc=1*2097152
[    0.000000] pcpu-alloc: [0] 0 [0] 1 [0] 2 [0] 3 [0] 4 [0] 5 [0] 6 [0] 7 
[    0.000000] Built 1 zonelists, mobility grouping on.  Total pages: 2049984
[    0.000000] Policy zone: Normal
[    0.000000] Kernel command line: BOOT_IMAGE=/boot/vmlinuz-4.15.18 root=UUID=08f513db-4ecd-40da-a6f2-bfe581a76ff5 ro quiet splash vt.handoff=1
[    0.000000] Calgary: detecting Calgary via BIOS EBDA area
[    0.000000] Calgary: Unable to locate Rio Grande table in EBDA - bailing!
[    0.000000] Memory: 8014240K/8330188K available (14348K kernel code, 4153K rwdata, 4332K rodata, 4208K init, 15328K bss, 315948K reserved, 0K cma-reserved)
[    0.000000] SLUB: HWalign=64, Order=0-3, MinObjects=0, CPUs=8, Nodes=1
[    0.000000] Kernel/User page tables isolation: enabled
[    0.000000] ftrace: allocating 39000 entries in 153 pages
[    0.000000] kmemleak: Kernel memory leak detector disabled
[    0.000000] Running RCU self tests
[    0.000000] Preemptible hierarchical RCU implementation.
[    0.000000] 	RCU lockdep checking is enabled.
[    0.000000] 	RCU restricting CPUs from NR_CPUS=8192 to nr_cpu_ids=8.
[    0.000000] 	Tasks RCU enabled.
[    0.000000] RCU: Adjusting geometry for rcu_fanout_leaf=16, nr_cpu_ids=8
[    0.000000] NR_IRQS: 524544, nr_irqs: 488, preallocated irqs: 16
[    0.000000] vt handoff: transparent VT on vt#1
[    0.000000] Console: colour dummy device 80x25
[    0.000000] console [tty0] enabled
[    0.000000] Lock dependency validator: Copyright (c) 2006 Red Hat, Inc., Ingo Molnar
[    0.000000] ... MAX_LOCKDEP_SUBCLASSES:  8
[    0.000000] ... MAX_LOCK_DEPTH:          48
[    0.000000] ... MAX_LOCKDEP_KEYS:        8191
[    0.000000] ... CLASSHASH_SIZE:          4096
[    0.000000] ... MAX_LOCKDEP_ENTRIES:     32768
[    0.000000] ... MAX_LOCKDEP_CHAINS:      65536
[    0.000000] ... CHAINHASH_SIZE:          32768
[    0.000000]  memory used by lock dependency info: 7903 kB
[    0.000000]  per task-struct memory footprint: 2688 bytes
[    0.000000] kmemleak: Early log buffer exceeded (2258), please increase DEBUG_KMEMLEAK_EARLY_LOG_SIZE
[    0.000000] ACPI: Core revision 20170831
[    0.000000] ACPI: 5 ACPI AML tables successfully acquired and loaded
[    0.000000] clocksource: hpet: mask: 0xffffffff max_cycles: 0xffffffff, max_idle_ns: 133484882848 ns
[    0.000000] hpet clockevent registered
[    0.000000] APIC: Switch to symmetric I/O mode setup
[    0.000000] x2apic: IRQ remapping doesn't support X2APIC mode
[    0.000000] ..TIMER: vector=0x30 apic1=0 pin1=2 apic2=-1 pin2=-1
[    0.005000] tsc: Fast TSC calibration using PIT
[    0.006000] tsc: Detected 3392.191 MHz processor
[    0.006000] Calibrating delay loop (skipped), value calculated using timer frequency.. 6784.38 BogoMIPS (lpj=3392191)
[    0.007003] pid_max: default: 32768 minimum: 301
[    0.007056] Security Framework initialized
[    0.007058] Yama: becoming mindful.
[    0.007087] AppArmor: AppArmor initialized
[    0.008374] Dentry cache hash table entries: 1048576 (order: 11, 8388608 bytes)
[    0.009014] Inode-cache hash table entries: 524288 (order: 10, 4194304 bytes)
[    0.009048] Mount-cache hash table entries: 16384 (order: 5, 131072 bytes)
[    0.009070] Mountpoint-cache hash table entries: 16384 (order: 5, 131072 bytes)
[    0.009516] CPU: Physical Processor ID: 0
[    0.009518] CPU: Processor Core ID: 0
[    0.009524] ENERGY_PERF_BIAS: Set to 'normal', was 'performance'
[    0.009525] ENERGY_PERF_BIAS: View and update with x86_energy_perf_policy(8)
[    0.009529] mce: CPU supports 9 MCE banks
[    0.009543] CPU0: Thermal monitoring enabled (TM1)
[    0.009556] process: using mwait in idle threads
[    0.009559] Last level iTLB entries: 4KB 512, 2MB 8, 4MB 8
[    0.009561] Last level dTLB entries: 4KB 512, 2MB 32, 4MB 32, 1GB 0
[    0.009564] Spectre V2 : Mitigation: Full generic retpoline
[    0.009565] Spectre V2 : Spectre v2 mitigation: Enabling Indirect Branch Prediction Barrier
[    0.009567] Spectre V2 : Enabling Restricted Speculation for firmware calls
[    0.009569] Speculative Store Bypass: Mitigation: Speculative Store Bypass disabled via prctl and seccomp
[    0.009720] Freeing SMP alternatives memory: 36K
[    0.010664] TSC deadline timer enabled
[    0.010670] smpboot: CPU0: Intel(R) Core(TM) i7-3770 CPU @ 3.40GHz (family: 0x6, model: 0x3a, stepping: 0x9)
[    0.014052] Performance Events: PEBS fmt1+, IvyBridge events, 16-deep LBR, full-width counters, Intel PMU driver.
[    0.014082] ... version:                3
[    0.014083] ... bit width:              48
[    0.014085] ... generic registers:      4
[    0.014087] ... value mask:             0000ffffffffffff
[    0.014089] ... max period:             00007fffffffffff
[    0.014090] ... fixed-purpose events:   3
[    0.014092] ... event mask:             000000070000000f
[    0.016017] Hierarchical SRCU implementation.
[    0.020342] NMI watchdog: Enabled. Permanently consumes one hw-PMU counter.
[    0.022016] smp: Bringing up secondary CPUs ...
[    0.030078] x86: Booting SMP configuration:
[    0.030083] .... node  #0, CPUs:      #1 #2 #3 #4 #5 #6 #7
[    0.086112] smp: Brought up 1 node, 8 CPUs
[    0.086116] smpboot: Max logical packages: 1
[    0.086119] smpboot: Total of 8 processors activated (54275.05 BogoMIPS)
[    0.087869] devtmpfs: initialized
[    0.088060] x86/mm: Memory block size: 128MB
[    0.090680] evm: security.selinux
[    0.090682] evm: security.SMACK64
[    0.090684] evm: security.SMACK64EXEC
[    0.090686] evm: security.SMACK64TRANSMUTE
[    0.090687] evm: security.SMACK64MMAP
[    0.090689] evm: security.apparmor
[    0.090691] evm: security.ima
[    0.090693] evm: security.capability
[    0.090827] PM: Registering ACPI NVS region [mem 0xde93b000-0xdeb69fff] (2289664 bytes)
[    0.091000] PM: Registering ACPI NVS region [mem 0xdeb7c000-0xdebbafff] (258048 bytes)
[    0.091031] PM: Registering ACPI NVS region [mem 0xdebc0000-0xdec02fff] (274432 bytes)
[    0.091062] reboot: HP Compaq Laptop series board detected. Selecting BIOS-method for reboots.
[    0.091920] clocksource: jiffies: mask: 0xffffffff max_cycles: 0xffffffff, max_idle_ns: 1911260446275000 ns
[    0.091948] futex hash table entries: 2048 (order: 6, 262144 bytes)
[    0.092246] pinctrl core: initialized pinctrl subsystem
[    0.092589] RTC time: 15:27:43, date: 11/19/19
[    0.092860] NET: Registered protocol family 16
[    0.093124] audit: initializing netlink subsys (disabled)
[    0.093181] audit: type=2000 audit(1574177263.093:1): state=initialized audit_enabled=0 res=1
[    0.093586] cpuidle: using governor ladder
[    0.093678] ACPI: bus type PCI registered
[    0.093681] acpiphp: ACPI Hot Plug PCI Controller Driver version: 0.5
[    0.093828] PCI: MMCONFIG for domain 0000 [bus 00-3f] at [mem 0xf8000000-0xfbffffff] (base 0xf8000000)
[    0.093833] PCI: MMCONFIG at [mem 0xf8000000-0xfbffffff] reserved in E820
[    0.093847] PCI: Using configuration type 1 for base access
[    0.093966] core: PMU erratum BJ122, BV98, HSD29 worked around, HT is on
[    0.099224] HugeTLB registered 2.00 MiB page size, pre-allocated 0 pages
[    0.100100] ACPI: Added _OSI(Module Device)
[    0.100100] ACPI: Added _OSI(Processor Device)
[    0.100100] ACPI: Added _OSI(3.0 _SCP Extensions)
[    0.100100] ACPI: Added _OSI(Processor Aggregator Device)
[    0.100100] ACPI: Executed 1 blocks of module-level executable AML code
[    0.122982] ACPI: Dynamic OEM Table Load:
[    0.123000] ACPI: SSDT 0xFFFF92F692986000 00083B (v01 PmRef  Cpu0Cst  00003001 INTL 20051117)
[    0.123952] ACPI: Dynamic OEM Table Load:
[    0.123967] ACPI: SSDT 0xFFFF92F69297E800 000303 (v01 PmRef  ApIst    00003000 INTL 20051117)
[    0.124666] ACPI: Dynamic OEM Table Load:
[    0.124682] ACPI: SSDT 0xFFFF92F692C6E800 000119 (v01 PmRef  ApCst    00003000 INTL 20051117)
[    0.130383] ACPI: Interpreter enabled
[    0.130429] ACPI: (supports S0 S3 S4 S5)
[    0.130432] ACPI: Using IOAPIC for interrupt routing
[    0.130491] PCI: Using host bridge windows from ACPI; if necessary, use "pci=nocrs" and report a bug
[    0.131444] ACPI: Enabled 14 GPEs in block 00 to 3F
[    0.162495] ACPI: Power Resource [FN00] (off)
[    0.162805] ACPI: Power Resource [FN01] (off)
[    0.163097] ACPI: Power Resource [FN02] (off)
[    0.163380] ACPI: Power Resource [FN03] (off)
[    0.163661] ACPI: Power Resource [FN04] (off)
[    0.166428] ACPI: PCI Root Bridge [PCI0] (domain 0000 [bus 00-3e])
[    0.166436] acpi PNP0A08:00: _OSC: OS supports [ExtendedConfig ASPM ClockPM Segments MSI]
[    0.167234] acpi PNP0A08:00: _OSC: platform does not support [PCIeHotplug PME]
[    0.167760] acpi PNP0A08:00: _OSC: OS now controls [AER PCIeCapability]
[    0.169528] PCI host bridge to bus 0000:00
[    0.169532] pci_bus 0000:00: root bus resource [io  0x0000-0x0cf7 window]
[    0.169534] pci_bus 0000:00: root bus resource [io  0x0d00-0xffff window]
[    0.169537] pci_bus 0000:00: root bus resource [mem 0x000a0000-0x000bffff window]
[    0.169540] pci_bus 0000:00: root bus resource [mem 0x000d4000-0x000d7fff window]
[    0.169542] pci_bus 0000:00: root bus resource [mem 0x000d8000-0x000dbfff window]
[    0.169545] pci_bus 0000:00: root bus resource [mem 0x000dc000-0x000dffff window]
[    0.169548] pci_bus 0000:00: root bus resource [mem 0x000e0000-0x000e3fff window]
[    0.169550] pci_bus 0000:00: root bus resource [mem 0x000e4000-0x000e7fff window]
[    0.169553] pci_bus 0000:00: root bus resource [mem 0xe0000000-0xfeafffff window]
[    0.169557] pci_bus 0000:00: root bus resource [bus 00-3e]
[    0.169578] pci 0000:00:00.0: [8086:0150] type 00 class 0x060000
[    0.169910] pci 0000:00:01.0: [8086:0151] type 01 class 0x060400
[    0.169968] pci 0000:00:01.0: PME# supported from D0 D3hot D3cold
[    0.170364] pci 0000:00:14.0: [8086:1e31] type 00 class 0x0c0330
[    0.170394] pci 0000:00:14.0: reg 0x10: [mem 0xf7720000-0xf772ffff 64bit]
[    0.170483] pci 0000:00:14.0: PME# supported from D3hot D3cold
[    0.170782] pci 0000:00:16.0: [8086:1e3a] type 00 class 0x078000
[    0.170812] pci 0000:00:16.0: reg 0x10: [mem 0xf773b000-0xf773b00f 64bit]
[    0.170904] pci 0000:00:16.0: PME# supported from D0 D3hot D3cold
[    0.171195] pci 0000:00:16.3: [8086:1e3d] type 00 class 0x070002
[    0.171220] pci 0000:00:16.3: reg 0x10: [io  0xf100-0xf107]
[    0.171231] pci 0000:00:16.3: reg 0x14: [mem 0xf7739000-0xf7739fff]
[    0.171588] pci 0000:00:19.0: [8086:1502] type 00 class 0x020000
[    0.171611] pci 0000:00:19.0: reg 0x10: [mem 0xf7700000-0xf771ffff]
[    0.171622] pci 0000:00:19.0: reg 0x14: [mem 0xf7738000-0xf7738fff]
[    0.171633] pci 0000:00:19.0: reg 0x18: [io  0xf020-0xf03f]
[    0.171710] pci 0000:00:19.0: PME# supported from D0 D3hot D3cold
[    0.172009] pci 0000:00:1a.0: [8086:1e2d] type 00 class 0x0c0320
[    0.172038] pci 0000:00:1a.0: reg 0x10: [mem 0xf7737000-0xf77373ff]
[    0.172141] pci 0000:00:1a.0: PME# supported from D0 D3hot D3cold
[    0.172440] pci 0000:00:1b.0: [8086:1e20] type 00 class 0x040300
[    0.172466] pci 0000:00:1b.0: reg 0x10: [mem 0xf7730000-0xf7733fff 64bit]
[    0.172561] pci 0000:00:1b.0: PME# supported from D0 D3hot D3cold
[    0.172873] pci 0000:00:1c.0: [8086:1e10] type 01 class 0x060400
[    0.173022] pci 0000:00:1c.0: PME# supported from D0 D3hot D3cold
[    0.173345] pci 0000:00:1c.4: [8086:1e18] type 01 class 0x060400
[    0.173450] pci 0000:00:1c.4: PME# supported from D0 D3hot D3cold
[    0.173767] pci 0000:00:1d.0: [8086:1e26] type 00 class 0x0c0320
[    0.173793] pci 0000:00:1d.0: reg 0x10: [mem 0xf7736000-0xf77363ff]
[    0.173896] pci 0000:00:1d.0: PME# supported from D0 D3hot D3cold
[    0.174196] pci 0000:00:1e.0: [8086:244e] type 01 class 0x060401
[    0.174552] pci 0000:00:1f.0: [8086:1e47] type 00 class 0x060100
[    0.174952] pci 0000:00:1f.2: [8086:1e00] type 00 class 0x01018f
[    0.174973] pci 0000:00:1f.2: reg 0x10: [io  0xf0f0-0xf0f7]
[    0.174983] pci 0000:00:1f.2: reg 0x14: [io  0xf0e0-0xf0e3]
[    0.174992] pci 0000:00:1f.2: reg 0x18: [io  0xf0d0-0xf0d7]
[    0.175000] pci 0000:00:1f.2: reg 0x1c: [io  0xf0c0-0xf0c3]
[    0.175013] pci 0000:00:1f.2: reg 0x20: [io  0xf0b0-0xf0bf]
[    0.175026] pci 0000:00:1f.2: reg 0x24: [io  0xf0a0-0xf0af]
[    0.175347] pci 0000:00:1f.3: [8086:1e22] type 00 class 0x0c0500
[    0.175370] pci 0000:00:1f.3: reg 0x10: [mem 0xf7735000-0xf77350ff 64bit]
[    0.175395] pci 0000:00:1f.3: reg 0x20: [io  0xf000-0xf01f]
[    0.175705] pci 0000:00:1f.5: [8086:1e08] type 00 class 0x010185
[    0.175726] pci 0000:00:1f.5: reg 0x10: [io  0xf090-0xf097]
[    0.175735] pci 0000:00:1f.5: reg 0x14: [io  0xf080-0xf083]
[    0.175745] pci 0000:00:1f.5: reg 0x18: [io  0xf070-0xf077]
[    0.175755] pci 0000:00:1f.5: reg 0x1c: [io  0xf060-0xf063]
[    0.175764] pci 0000:00:1f.5: reg 0x20: [io  0xf050-0xf05f]
[    0.175774] pci 0000:00:1f.5: reg 0x24: [io  0xf040-0xf04f]
[    0.176217] pci 0000:01:00.0: [1002:677b] type 00 class 0x030000
[    0.176242] pci 0000:01:00.0: reg 0x10: [mem 0xe0000000-0xefffffff 64bit pref]
[    0.176255] pci 0000:01:00.0: reg 0x18: [mem 0xf7620000-0xf763ffff 64bit]
[    0.176264] pci 0000:01:00.0: reg 0x20: [io  0xe000-0xe0ff]
[    0.176279] pci 0000:01:00.0: reg 0x30: [mem 0xf7600000-0xf761ffff pref]
[    0.176287] pci 0000:01:00.0: enabling Extended Tags
[    0.176341] pci 0000:01:00.0: supports D1 D2
[    0.176504] pci 0000:01:00.1: [1002:aa98] type 00 class 0x040300
[    0.176528] pci 0000:01:00.1: reg 0x10: [mem 0xf7640000-0xf7643fff 64bit]
[    0.176568] pci 0000:01:00.1: enabling Extended Tags
[    0.176621] pci 0000:01:00.1: supports D1 D2
[    0.179051] pci 0000:00:01.0: PCI bridge to [bus 01]
[    0.179067] pci 0000:00:01.0:   bridge window [io  0xe000-0xefff]
[    0.179070] pci 0000:00:01.0:   bridge window [mem 0xf7600000-0xf76fffff]
[    0.179075] pci 0000:00:01.0:   bridge window [mem 0xe0000000-0xefffffff 64bit pref]
[    0.179204] pci 0000:00:1c.0: PCI bridge to [bus 02]
[    0.179365] pci 0000:03:00.0: [8086:10d3] type 00 class 0x020000
[    0.179428] pci 0000:03:00.0: reg 0x10: [mem 0xf75c0000-0xf75dffff]
[    0.179454] pci 0000:03:00.0: reg 0x14: [mem 0xf7500000-0xf757ffff]
[    0.179480] pci 0000:03:00.0: reg 0x18: [io  0xd000-0xd01f]
[    0.179505] pci 0000:03:00.0: reg 0x1c: [mem 0xf75e0000-0xf75e3fff]
[    0.179579] pci 0000:03:00.0: reg 0x30: [mem 0xf7580000-0xf75bffff pref]
[    0.179749] pci 0000:03:00.0: PME# supported from D0 D3hot D3cold
[    0.183038] pci 0000:00:1c.4: PCI bridge to [bus 03]
[    0.183043] pci 0000:00:1c.4:   bridge window [io  0xd000-0xdfff]
[    0.183048] pci 0000:00:1c.4:   bridge window [mem 0xf7500000-0xf75fffff]
[    0.183130] pci 0000:04:00.0: [9710:9865] type 00 class 0x070002
[    0.183155] pci 0000:04:00.0: reg 0x10: [io  0xc030-0xc037]
[    0.183167] pci 0000:04:00.0: reg 0x14: [mem 0xf7407000-0xf7407fff]
[    0.183197] pci 0000:04:00.0: reg 0x20: [mem 0xf7406000-0xf7406fff]
[    0.183261] pci 0000:04:00.0: supports D1 D2
[    0.183263] pci 0000:04:00.0: PME# supported from D0 D1 D2 D3hot D3cold
[    0.183358] pci 0000:04:00.1: [9710:9865] type 00 class 0x070002
[    0.183382] pci 0000:04:00.1: reg 0x10: [io  0xc020-0xc027]
[    0.183394] pci 0000:04:00.1: reg 0x14: [mem 0xf7405000-0xf7405fff]
[    0.183424] pci 0000:04:00.1: reg 0x20: [mem 0xf7404000-0xf7404fff]
[    0.183486] pci 0000:04:00.1: supports D1 D2
[    0.183489] pci 0000:04:00.1: PME# supported from D0 D1 D2 D3hot D3cold
[    0.183582] pci 0000:04:00.2: [ffff:9865] type 00 class 0x070103
[    0.183606] pci 0000:04:00.2: reg 0x10: [io  0xc010-0xc017]
[    0.183618] pci 0000:04:00.2: reg 0x14: [io  0xc000-0xc007]
[    0.183630] pci 0000:04:00.2: reg 0x18: [mem 0xf7403000-0xf7403fff]
[    0.183651] pci 0000:04:00.2: reg 0x20: [mem 0xf7402000-0xf7402fff]
[    0.183713] pci 0000:04:00.2: supports D1 D2
[    0.183715] pci 0000:04:00.2: PME# supported from D0 D1 D2 D3hot D3cold
[    0.183815] pci 0000:04:01.0: [154a:0008] type 00 class 0xff0000
[    0.183835] pci 0000:04:01.0: reg 0x10: [mem 0xf7401000-0xf740103f]
[    0.183847] pci 0000:04:01.0: reg 0x14: [mem 0xf6000000-0xf6ffffff]
[    0.183858] pci 0000:04:01.0: reg 0x18: [mem 0xf7400000-0xf7400fff]
[    0.183869] pci 0000:04:01.0: reg 0x1c: [mem 0xf5000000-0xf5ffffff]
[    0.183881] pci 0000:04:01.0: reg 0x20: [mem 0xf7000000-0xf73fffff]
[    0.184037] pci 0000:00:1e.0: PCI bridge to [bus 04] (subtractive decode)
[    0.184042] pci 0000:00:1e.0:   bridge window [io  0xc000-0xcfff]
[    0.184047] pci 0000:00:1e.0:   bridge window [mem 0xf5000000-0xf74fffff]
[    0.184055] pci 0000:00:1e.0:   bridge window [io  0x0000-0x0cf7 window] (subtractive decode)
[    0.184058] pci 0000:00:1e.0:   bridge window [io  0x0d00-0xffff window] (subtractive decode)
[    0.184060] pci 0000:00:1e.0:   bridge window [mem 0x000a0000-0x000bffff window] (subtractive decode)
[    0.184063] pci 0000:00:1e.0:   bridge window [mem 0x000d4000-0x000d7fff window] (subtractive decode)
[    0.184066] pci 0000:00:1e.0:   bridge window [mem 0x000d8000-0x000dbfff window] (subtractive decode)
[    0.184068] pci 0000:00:1e.0:   bridge window [mem 0x000dc000-0x000dffff window] (subtractive decode)
[    0.184071] pci 0000:00:1e.0:   bridge window [mem 0x000e0000-0x000e3fff window] (subtractive decode)
[    0.184074] pci 0000:00:1e.0:   bridge window [mem 0x000e4000-0x000e7fff window] (subtractive decode)
[    0.184076] pci 0000:00:1e.0:   bridge window [mem 0xe0000000-0xfeafffff window] (subtractive decode)
[    0.186302] ACPI: PCI Interrupt Link [LNKA] (IRQs 3 4 5 6 10 *11 12 14 15)
[    0.186490] ACPI: PCI Interrupt Link [LNKB] (IRQs 3 4 5 6 *10 11 12 14 15)
[    0.186670] ACPI: PCI Interrupt Link [LNKC] (IRQs 3 4 5 6 *10 11 12 14 15)
[    0.186849] ACPI: PCI Interrupt Link [LNKD] (IRQs 3 4 *5 6 10 11 12 14 15)
[    0.187035] ACPI: PCI Interrupt Link [LNKE] (IRQs 3 4 5 6 10 *11 12 14 15)
[    0.187216] ACPI: PCI Interrupt Link [LNKF] (IRQs 3 4 5 6 10 *11 12 14 15)
[    0.187396] ACPI: PCI Interrupt Link [LNKG] (IRQs 3 4 5 6 *10 11 12 14 15)
[    0.187577] ACPI: PCI Interrupt Link [LNKH] (IRQs 3 4 *5 6 10 11 12 14 15)
[    0.189104] SCSI subsystem initialized
[    0.190002] libata version 3.00 loaded.
[    0.190222] pci 0000:01:00.0: vgaarb: setting as boot VGA device
[    0.190222] pci 0000:01:00.0: vgaarb: VGA device added: decodes=io+mem,owns=io+mem,locks=none
[    0.190222] pci 0000:01:00.0: vgaarb: bridge control possible
[    0.190222] vgaarb: loaded
[    0.190222] ACPI: bus type USB registered
[    0.190222] usbcore: registered new interface driver usbfs
[    0.190222] usbcore: registered new interface driver hub
[    0.190405] usbcore: registered new device driver usb
[    0.190533] EDAC MC: Ver: 3.0.0
[    0.190934] PCI: Using ACPI for IRQ routing
[    0.191969] PCI: pci_cache_line_size set to 64 bytes
[    0.192055] e820: reserve RAM buffer [mem 0x0009f800-0x0009ffff]
[    0.192060] e820: reserve RAM buffer [mem 0xde358000-0xdfffffff]
[    0.192063] e820: reserve RAM buffer [mem 0xdf000000-0xdfffffff]
[    0.192066] e820: reserve RAM buffer [mem 0x21e000000-0x21fffffff]
[    0.192385] NetLabel: Initializing
[    0.192387] NetLabel:  domain hash size = 128
[    0.192389] NetLabel:  protocols = UNLABELED CIPSOv4 CALIPSO
[    0.192424] NetLabel:  unlabeled traffic allowed by default
[    0.193491] hpet0: at MMIO 0xfed00000, IRQs 2, 8, 0, 0, 0, 0, 0, 0
[    0.193509] hpet0: 8 comparators, 64-bit 14.318180 MHz counter
[    0.196084] clocksource: Switched to clocksource hpet
[    0.244175] VFS: Disk quotas dquot_6.6.0
[    0.244205] VFS: Dquot-cache hash table entries: 512 (order 0, 4096 bytes)
[    0.244694] AppArmor: AppArmor Filesystem Enabled
[    0.244754] pnp: PnP ACPI init
