[    0.000000] microcode: microcode updated early to revision 0x21, date = 2019-02-13
[    0.000000] Linux version 4.15.18 (root@ele-a2459-04) (gcc version 7.4.0 (Ubuntu 7.4.0-1ubuntu1~18.04.1)) #2 SMP PREEMPT Fri Oct 25 11:32:16 EDT 2019 (Ubuntu 4.15.0-23.25-generic 4.15.18)
[    0.000000] Command line: BOOT_IMAGE=/boot/vmlinuz-4.15.18 root=UUID=08f513db-4ecd-40da-a6f2-bfe581a76ff5 ro quiet splash vt.handoff=1
[    0.000000] KERNEL supported cpus:
[    0.000000]   Intel GenuineIntel
[    0.000000]   AMD AuthenticAMD
[    0.000000]   Centaur CentaurHauls
[    0.000000] x86/fpu: Supporting XSAVE feature 0x001: 'x87 floating point registers'
[    0.000000] x86/fpu: Supporting XSAVE feature 0x002: 'SSE registers'
[    0.000000] x86/fpu: Supporting XSAVE feature 0x004: 'AVX registers'
[    0.000000] x86/fpu: xstate_offset[2]:  576, xstate_sizes[2]:  256
[    0.000000] x86/fpu: Enabled xstate features 0x7, context size is 832 bytes, using 'standard' format.
[    0.000000] e820: BIOS-provided physical RAM map:
[    0.000000] BIOS-e820: [mem 0x0000000000000000-0x000000000009f7ff] usable
[    0.000000] BIOS-e820: [mem 0x000000000009f800-0x000000000009ffff] reserved
[    0.000000] BIOS-e820: [mem 0x00000000000e0000-0x00000000000fffff] reserved
[    0.000000] BIOS-e820: [mem 0x0000000000100000-0x00000000de357fff] usable
[    0.000000] BIOS-e820: [mem 0x00000000de358000-0x00000000de93afff] reserved
[    0.000000] BIOS-e820: [mem 0x00000000de93b000-0x00000000deb69fff] ACPI NVS
[    0.000000] BIOS-e820: [mem 0x00000000deb6a000-0x00000000deb7bfff] ACPI data
[    0.000000] BIOS-e820: [mem 0x00000000deb7c000-0x00000000debbafff] ACPI NVS
[    0.000000] BIOS-e820: [mem 0x00000000debbb000-0x00000000debbffff] ACPI data
[    0.000000] BIOS-e820: [mem 0x00000000debc0000-0x00000000dec02fff] ACPI NVS
[    0.000000] BIOS-e820: [mem 0x00000000dec03000-0x00000000deffffff] usable
[    0.000000] BIOS-e820: [mem 0x00000000f8000000-0x00000000fbffffff] reserved
[    0.000000] BIOS-e820: [mem 0x00000000fec00000-0x00000000fec00fff] reserved
[    0.000000] BIOS-e820: [mem 0x00000000fed00000-0x00000000fed03fff] reserved
[    0.000000] BIOS-e820: [mem 0x00000000fed1c000-0x00000000fed44fff] reserved
[    0.000000] BIOS-e820: [mem 0x00000000fed90000-0x00000000fed93fff] reserved
[    0.000000] BIOS-e820: [mem 0x00000000fee00000-0x00000000fee00fff] reserved
[    0.000000] BIOS-e820: [mem 0x00000000ff000000-0x00000000ffffffff] reserved
[    0.000000] BIOS-e820: [mem 0x0000000100000000-0x000000021dffffff] usable
[    0.000000] NX (Execute Disable) protection: active
[    0.000000] random: fast init done
[    0.000000] SMBIOS 2.7 present.
[    0.000000] DMI: Hewlett-Packard HP Compaq Elite 8300 CMT/3396, BIOS K01 v02.05 05/07/2012
[    0.000000] e820: update [mem 0x00000000-0x00000fff] usable ==> reserved
[    0.000000] e820: remove [mem 0x000a0000-0x000fffff] usable
[    0.000000] e820: last_pfn = 0x21e000 max_arch_pfn = 0x400000000
[    0.000000] MTRR default type: uncachable
[    0.000000] MTRR fixed ranges enabled:
[    0.000000]   00000-9FFFF write-back
[    0.000000]   A0000-BFFFF uncachable
[    0.000000]   C0000-D3FFF write-protect
[    0.000000]   D4000-E7FFF uncachable
[    0.000000]   E8000-FFFFF write-protect
[    0.000000] MTRR variable ranges enabled:
[    0.000000]   0 base 000000000 mask E00000000 write-back
[    0.000000]   1 base 200000000 mask FE0000000 write-back
[    0.000000]   2 base 0E0000000 mask FE0000000 uncachable
[    0.000000]   3 base 21E000000 mask FFE000000 uncachable
[    0.000000]   4 disabled
[    0.000000]   5 disabled
[    0.000000]   6 disabled
[    0.000000]   7 disabled
[    0.000000]   8 disabled
[    0.000000]   9 disabled
[    0.000000] x86/PAT: Configuration [0-7]: WB  WC  UC- UC  WB  WP  UC- WT  
[    0.000000] total RAM covered: 8160M
[    0.000000] Found optimal setting for mtrr clean up
[    0.000000]  gran_size: 64K 	chunk_size: 64M 	num_reg: 6  	lose cover RAM: 0G
[    0.000000] e820: update [mem 0xe0000000-0xffffffff] usable ==> reserved
[    0.000000] e820: last_pfn = 0xdf000 max_arch_pfn = 0x400000000
[    0.000000] found SMP MP-table at [mem 0x000f4cd0-0x000f4cdf] mapped at [        (ptrval)]
[    0.000000] Scanning 1 areas for low memory corruption
[    0.000000] Base memory trampoline at [        (ptrval)] 99000 size 24576
[    0.000000] BRK [0xa2745000, 0xa2745fff] PGTABLE
[    0.000000] BRK [0xa2746000, 0xa2746fff] PGTABLE
[    0.000000] BRK [0xa2747000, 0xa2747fff] PGTABLE
[    0.000000] BRK [0xa2748000, 0xa2748fff] PGTABLE
[    0.000000] BRK [0xa2749000, 0xa2749fff] PGTABLE
[    0.000000] BRK [0xa274a000, 0xa274afff] PGTABLE
[    0.000000] BRK [0xa274b000, 0xa274bfff] PGTABLE
[    0.000000] BRK [0xa274c000, 0xa274cfff] PGTABLE
[    0.000000] BRK [0xa274d000, 0xa274dfff] PGTABLE
[    0.000000] BRK [0xa274e000, 0xa274efff] PGTABLE
[    0.000000] RAMDISK: [mem 0x311d1000-0x348dffff]
[    0.000000] ACPI: Early table checksum verification disabled
[    0.000000] ACPI: RSDP 0x00000000000F9810 000024 (v02 HPQOEM)
[    0.000000] ACPI: XSDT 0x00000000DEB6A080 00007C (v01 HPQOEM SLIC-BPC 01072009 AMI  00010013)
[    0.000000] ACPI: FACP 0x00000000DEB73FD8 0000F4 (v04 HPQOEM SLIC-BPC 01072009 AMI  00010013)
[    0.000000] ACPI: DSDT 0x00000000DEB6A188 009E4A (v02 HPQOEM SLIC-BPC 00000017 INTL 20051117)
[    0.000000] ACPI: FACS 0x00000000DEBB2F80 000040
[    0.000000] ACPI: APIC 0x00000000DEB740D0 0000BC (v03 HPQOEM SLIC-BPC 01072009 AMI  00010013)
[    0.000000] ACPI: MCFG 0x00000000DEB74190 00003C (v01 HPQOEM SLIC-BPC 01072009 MSFT 00000097)
[    0.000000] ACPI: HPET 0x00000000DEB741D0 000038 (v01 HPQOEM SLIC-BPC 01072009 AMI. 00000005)
[    0.000000] ACPI: SSDT 0x00000000DEB74208 000460 (v01 IdeRef IdeTable 00001000 INTL 20091112)
[    0.000000] ACPI: SSDT 0x00000000DEB74668 00544C (v01 COMPAQ WMI      00000001 MSFT 03000001)
[    0.000000] ACPI: SSDT 0x00000000DEB79AB8 0009AA (v01 PmRef  Cpu0Ist  00003000 INTL 20051117)
[    0.000000] ACPI: SSDT 0x00000000DEB7A468 000A92 (v01 PmRef  CpuPm    00003000 INTL 20051117)
[    0.000000] ACPI: TCPA 0x00000000DEB7AF00 000032 (v02 APTIO4 NAPAASF  00000001 MSFT 01000013)
[    0.000000] ACPI: ASF! 0x00000000DEB7AF38 0000A5 (v32 INTEL   HCG     00000001 TFSM 000F4240)
[    0.000000] ACPI: BGRT 0x00000000DEB7AFE0 00003C (v00 HPQOEM SLIC-BPC 01072009 AMI  00010013)
[    0.000000] ACPI: Local APIC address 0xfee00000
[    0.000000] No NUMA configuration found
[    0.000000] Faking a node at [mem 0x0000000000000000-0x000000021dffffff]
[    0.000000] NODE_DATA(0) allocated [mem 0x21dfd1000-0x21dffbfff]
[    0.000000] tsc: Fast TSC calibration using PIT
[    0.000000] Zone ranges:
[    0.000000]   DMA      [mem 0x0000000000001000-0x0000000000ffffff]
[    0.000000]   DMA32    [mem 0x0000000001000000-0x00000000ffffffff]
[    0.000000]   Normal   [mem 0x0000000100000000-0x000000021dffffff]
[    0.000000]   Device   empty
[    0.000000] Movable zone start for each node
[    0.000000] Early memory node ranges
[    0.000000]   node   0: [mem 0x0000000000001000-0x000000000009efff]
[    0.000000]   node   0: [mem 0x0000000000100000-0x00000000de357fff]
[    0.000000]   node   0: [mem 0x00000000dec03000-0x00000000deffffff]
[    0.000000]   node   0: [mem 0x0000000100000000-0x000000021dffffff]
[    0.000000] Initmem setup node 0 [mem 0x0000000000001000-0x000000021dffffff]
[    0.000000] On node 0 totalpages: 2082547
[    0.000000]   DMA zone: 64 pages used for memmap
[    0.000000]   DMA zone: 21 pages reserved
[    0.000000]   DMA zone: 3998 pages, LIFO batch:0
[    0.000000]   DMA32 zone: 14174 pages used for memmap
[    0.000000]   DMA32 zone: 907093 pages, LIFO batch:31
[    0.000000]   Normal zone: 18304 pages used for memmap
[    0.000000]   Normal zone: 1171456 pages, LIFO batch:31
[    0.000000] Reserved but unavailable: 98 pages
[    0.000000] ACPI: PM-Timer IO Port: 0x408
[    0.000000] ACPI: Local APIC address 0xfee00000
[    0.000000] ACPI: LAPIC_NMI (acpi_id[0x00] high edge lint[0x1])
[    0.000000] ACPI: LAPIC_NMI (acpi_id[0x02] high edge lint[0x1])
[    0.000000] ACPI: LAPIC_NMI (acpi_id[0x04] high edge lint[0x1])
[    0.000000] ACPI: LAPIC_NMI (acpi_id[0x06] high edge lint[0x1])
[    0.000000] ACPI: LAPIC_NMI (acpi_id[0x01] high edge lint[0x1])
[    0.000000] ACPI: LAPIC_NMI (acpi_id[0x03] high edge lint[0x1])
[    0.000000] ACPI: LAPIC_NMI (acpi_id[0x05] high edge lint[0x1])
[    0.000000] ACPI: LAPIC_NMI (acpi_id[0x07] high edge lint[0x1])
[    0.000000] IOAPIC[0]: apic_id 2, version 32, address 0xfec00000, GSI 0-23
[    0.000000] ACPI: INT_SRC_OVR (bus 0 bus_irq 0 global_irq 2 dfl dfl)
[    0.000000] ACPI: INT_SRC_OVR (bus 0 bus_irq 9 global_irq 9 high level)
[    0.000000] ACPI: IRQ0 used by override.
[    0.000000] ACPI: IRQ9 used by override.
[    0.000000] Using ACPI (MADT) for SMP configuration information
[    0.000000] ACPI: HPET id: 0x8086a701 base: 0xfed00000
[    0.000000] smpboot: Allowing 8 CPUs, 0 hotplug CPUs
[    0.000000] PM: Registered nosave memory: [mem 0x00000000-0x00000fff]
[    0.000000] PM: Registered nosave memory: [mem 0x0009f000-0x0009ffff]
[    0.000000] PM: Registered nosave memory: [mem 0x000a0000-0x000dffff]
[    0.000000] PM: Registered nosave memory: [mem 0x000e0000-0x000fffff]
[    0.000000] PM: Registered nosave memory: [mem 0xde358000-0xde93afff]
[    0.000000] PM: Registered nosave memory: [mem 0xde93b000-0xdeb69fff]
[    0.000000] PM: Registered nosave memory: [mem 0xdeb6a000-0xdeb7bfff]
[    0.000000] PM: Registered nosave memory: [mem 0xdeb7c000-0xdebbafff]
[    0.000000] PM: Registered nosave memory: [mem 0xdebbb000-0xdebbffff]
[    0.000000] PM: Registered nosave memory: [mem 0xdebc0000-0xdec02fff]
[    0.000000] PM: Registered nosave memory: [mem 0xdf000000-0xf7ffffff]
[    0.000000] PM: Registered nosave memory: [mem 0xf8000000-0xfbffffff]
[    0.000000] PM: Registered nosave memory: [mem 0xfc000000-0xfebfffff]
[    0.000000] PM: Registered nosave memory: [mem 0xfec00000-0xfec00fff]
[    0.000000] PM: Registered nosave memory: [mem 0xfec01000-0xfecfffff]
[    0.000000] PM: Registered nosave memory: [mem 0xfed00000-0xfed03fff]
[    0.000000] PM: Registered nosave memory: [mem 0xfed04000-0xfed1bfff]
[    0.000000] PM: Registered nosave memory: [mem 0xfed1c000-0xfed44fff]
[    0.000000] PM: Registered nosave memory: [mem 0xfed45000-0xfed8ffff]
[    0.000000] PM: Registered nosave memory: [mem 0xfed90000-0xfed93fff]
[    0.000000] PM: Registered nosave memory: [mem 0xfed94000-0xfedfffff]
[    0.000000] PM: Registered nosave memory: [mem 0xfee00000-0xfee00fff]
[    0.000000] PM: Registered nosave memory: [mem 0xfee01000-0xfeffffff]
[    0.000000] PM: Registered nosave memory: [mem 0xff000000-0xffffffff]
[    0.000000] e820: [mem 0xdf000000-0xf7ffffff] available for PCI devices
[    0.000000] Booting paravirtualized kernel on bare hardware
[    0.000000] clocksource: refined-jiffies: mask: 0xffffffff max_cycles: 0xffffffff, max_idle_ns: 1910969940391419 ns
[    0.000000] setup_percpu: NR_CPUS:8192 nr_cpumask_bits:8 nr_cpu_ids:8 nr_node_ids:1
[    0.000000] percpu: Embedded 494 pages/cpu @        (ptrval) s1986560 r8192 d28672 u2097152
[    0.000000] pcpu-alloc: s1986560 r8192 d28672 u2097152 alloc=1*2097152
[    0.000000] pcpu-alloc: [0] 0 [0] 1 [0] 2 [0] 3 [0] 4 [0] 5 [0] 6 [0] 7 
[    0.000000] Built 1 zonelists, mobility grouping on.  Total pages: 2049984
[    0.000000] Policy zone: Normal
[    0.000000] Kernel command line: BOOT_IMAGE=/boot/vmlinuz-4.15.18 root=UUID=08f513db-4ecd-40da-a6f2-bfe581a76ff5 ro quiet splash vt.handoff=1
[    0.000000] Calgary: detecting Calgary via BIOS EBDA area
[    0.000000] Calgary: Unable to locate Rio Grande table in EBDA - bailing!
[    0.000000] Memory: 8014240K/8330188K available (14348K kernel code, 4153K rwdata, 4332K rodata, 4208K init, 15328K bss, 315948K reserved, 0K cma-reserved)
[    0.000000] SLUB: HWalign=64, Order=0-3, MinObjects=0, CPUs=8, Nodes=1
[    0.000000] Kernel/User page tables isolation: enabled
[    0.000000] ftrace: allocating 39000 entries in 153 pages
[    0.000000] kmemleak: Kernel memory leak detector disabled
[    0.000000] Running RCU self tests
[    0.000000] Preemptible hierarchical RCU implementation.
[    0.000000] 	RCU lockdep checking is enabled.
[    0.000000] 	RCU restricting CPUs from NR_CPUS=8192 to nr_cpu_ids=8.
[    0.000000] 	Tasks RCU enabled.
[    0.000000] RCU: Adjusting geometry for rcu_fanout_leaf=16, nr_cpu_ids=8
[    0.000000] NR_IRQS: 524544, nr_irqs: 488, preallocated irqs: 16
[    0.000000] vt handoff: transparent VT on vt#1
[    0.000000] Console: colour dummy device 80x25
[    0.000000] console [tty0] enabled
[    0.000000] Lock dependency validator: Copyright (c) 2006 Red Hat, Inc., Ingo Molnar
[    0.000000] ... MAX_LOCKDEP_SUBCLASSES:  8
[    0.000000] ... MAX_LOCK_DEPTH:          48
[    0.000000] ... MAX_LOCKDEP_KEYS:        8191
[    0.000000] ... CLASSHASH_SIZE:          4096
[    0.000000] ... MAX_LOCKDEP_ENTRIES:     32768
[    0.000000] ... MAX_LOCKDEP_CHAINS:      65536
[    0.000000] ... CHAINHASH_SIZE:          32768
[    0.000000]  memory used by lock dependency info: 7903 kB
[    0.000000]  per task-struct memory footprint: 2688 bytes
[    0.000000] kmemleak: Early log buffer exceeded (2258), please increase DEBUG_KMEMLEAK_EARLY_LOG_SIZE
[    0.000000] ACPI: Core revision 20170831
[    0.000000] ACPI: 5 ACPI AML tables successfully acquired and loaded
[    0.000000] clocksource: hpet: mask: 0xffffffff max_cycles: 0xffffffff, max_idle_ns: 133484882848 ns
[    0.000000] hpet clockevent registered
[    0.000000] APIC: Switch to symmetric I/O mode setup
[    0.000000] x2apic: IRQ remapping doesn't support X2APIC mode
[    0.000000] ..TIMER: vector=0x30 apic1=0 pin1=2 apic2=-1 pin2=-1
[    0.005000] tsc: Fast TSC calibration using PIT
[    0.006000] tsc: Detected 3392.353 MHz processor
[    0.006000] Calibrating delay loop (skipped), value calculated using timer frequency.. 6784.70 BogoMIPS (lpj=3392353)
[    0.007004] pid_max: default: 32768 minimum: 301
[    0.007057] Security Framework initialized
[    0.007059] Yama: becoming mindful.
[    0.007089] AppArmor: AppArmor initialized
[    0.008396] Dentry cache hash table entries: 1048576 (order: 11, 8388608 bytes)
[    0.009034] Inode-cache hash table entries: 524288 (order: 10, 4194304 bytes)
[    0.009069] Mount-cache hash table entries: 16384 (order: 5, 131072 bytes)
[    0.009091] Mountpoint-cache hash table entries: 16384 (order: 5, 131072 bytes)
[    0.009535] CPU: Physical Processor ID: 0
[    0.009537] CPU: Processor Core ID: 0
[    0.009543] ENERGY_PERF_BIAS: Set to 'normal', was 'performance'
[    0.009545] ENERGY_PERF_BIAS: View and update with x86_energy_perf_policy(8)
[    0.009549] mce: CPU supports 9 MCE banks
[    0.009563] CPU0: Thermal monitoring enabled (TM1)
[    0.009575] process: using mwait in idle threads
[    0.009579] Last level iTLB entries: 4KB 512, 2MB 8, 4MB 8
[    0.009581] Last level dTLB entries: 4KB 512, 2MB 32, 4MB 32, 1GB 0
[    0.009583] Spectre V2 : Mitigation: Full generic retpoline
[    0.009585] Spectre V2 : Spectre v2 mitigation: Enabling Indirect Branch Prediction Barrier
[    0.009587] Spectre V2 : Enabling Restricted Speculation for firmware calls
[    0.009589] Speculative Store Bypass: Mitigation: Speculative Store Bypass disabled via prctl and seccomp
[    0.009741] Freeing SMP alternatives memory: 36K
[    0.010687] TSC deadline timer enabled
[    0.010694] smpboot: CPU0: Intel(R) Core(TM) i7-3770 CPU @ 3.40GHz (family: 0x6, model: 0x3a, stepping: 0x9)
[    0.014052] Performance Events: PEBS fmt1+, IvyBridge events, 16-deep LBR, full-width counters, Intel PMU driver.
[    0.014082] ... version:                3
[    0.014084] ... bit width:              48
[    0.014086] ... generic registers:      4
[    0.014088] ... value mask:             0000ffffffffffff
[    0.014089] ... max period:             00007fffffffffff
[    0.014091] ... fixed-purpose events:   3
[    0.014093] ... event mask:             000000070000000f
[    0.016017] Hierarchical SRCU implementation.
[    0.020342] NMI watchdog: Enabled. Permanently consumes one hw-PMU counter.
[    0.022016] smp: Bringing up secondary CPUs ...
[    0.030079] x86: Booting SMP configuration:
[    0.030084] .... node  #0, CPUs:      #1 #2 #3 #4 #5 #6 #7
[    0.086113] smp: Brought up 1 node, 8 CPUs
[    0.086117] smpboot: Max logical packages: 1
[    0.086119] smpboot: Total of 8 processors activated (54277.64 BogoMIPS)
[    0.087869] devtmpfs: initialized
[    0.088058] x86/mm: Memory block size: 128MB
[    0.090680] evm: security.selinux
[    0.090682] evm: security.SMACK64
[    0.090684] evm: security.SMACK64EXEC
[    0.090686] evm: security.SMACK64TRANSMUTE
[    0.090688] evm: security.SMACK64MMAP
[    0.090689] evm: security.apparmor
[    0.090691] evm: security.ima
[    0.090693] evm: security.capability
[    0.090827] PM: Registering ACPI NVS region [mem 0xde93b000-0xdeb69fff] (2289664 bytes)
[    0.091000] PM: Registering ACPI NVS region [mem 0xdeb7c000-0xdebbafff] (258048 bytes)
[    0.091026] PM: Registering ACPI NVS region [mem 0xdebc0000-0xdec02fff] (274432 bytes)
[    0.091057] reboot: HP Compaq Laptop series board detected. Selecting BIOS-method for reboots.
[    0.091914] clocksource: jiffies: mask: 0xffffffff max_cycles: 0xffffffff, max_idle_ns: 1911260446275000 ns
[    0.091942] futex hash table entries: 2048 (order: 6, 262144 bytes)
[    0.092236] pinctrl core: initialized pinctrl subsystem
[    0.092580] RTC time: 20:35:15, date: 11/23/19
[    0.092850] NET: Registered protocol family 16
[    0.093112] audit: initializing netlink subsys (disabled)
[    0.093169] audit: type=2000 audit(1574541314.093:1): state=initialized audit_enabled=0 res=1
[    0.093576] cpuidle: using governor ladder
[    0.093662] ACPI FADT declares the system doesn't support PCIe ASPM, so disable it
[    0.093670] ACPI: bus type PCI registered
[    0.093672] acpiphp: ACPI Hot Plug PCI Controller Driver version: 0.5
[    0.093820] PCI: MMCONFIG for domain 0000 [bus 00-3f] at [mem 0xf8000000-0xfbffffff] (base 0xf8000000)
[    0.093826] PCI: MMCONFIG at [mem 0xf8000000-0xfbffffff] reserved in E820
[    0.093840] PCI: Using configuration type 1 for base access
[    0.093958] core: PMU erratum BJ122, BV98, HSD29 worked around, HT is on
[    0.099226] HugeTLB registered 2.00 MiB page size, pre-allocated 0 pages
[    0.100101] ACPI: Added _OSI(Module Device)
[    0.100101] ACPI: Added _OSI(Processor Device)
[    0.100101] ACPI: Added _OSI(3.0 _SCP Extensions)
[    0.100101] ACPI: Added _OSI(Processor Aggregator Device)
[    0.100101] ACPI: Executed 1 blocks of module-level executable AML code
[    0.122956] ACPI: Dynamic OEM Table Load:
[    0.122975] ACPI: SSDT 0xFFFF94A092981000 00083B (v01 PmRef  Cpu0Cst  00003001 INTL 20051117)
[    0.123924] ACPI: Dynamic OEM Table Load:
[    0.123939] ACPI: SSDT 0xFFFF94A09297CC00 000303 (v01 PmRef  ApIst    00003000 INTL 20051117)
[    0.124640] ACPI: Dynamic OEM Table Load:
[    0.124655] ACPI: SSDT 0xFFFF94A092C6E600 000119 (v01 PmRef  ApCst    00003000 INTL 20051117)
[    0.130326] ACPI: Interpreter enabled
[    0.130373] ACPI: (supports S0 S3 S4 S5)
[    0.130375] ACPI: Using IOAPIC for interrupt routing
[    0.130434] PCI: Using host bridge windows from ACPI; if necessary, use "pci=nocrs" and report a bug
[    0.131385] ACPI: Enabled 14 GPEs in block 00 to 3F
[    0.162407] ACPI: Power Resource [FN00] (off)
[    0.162716] ACPI: Power Resource [FN01] (off)
[    0.162998] ACPI: Power Resource [FN02] (off)
[    0.163289] ACPI: Power Resource [FN03] (off)
[    0.163570] ACPI: Power Resource [FN04] (off)
[    0.166334] ACPI: PCI Root Bridge [PCI0] (domain 0000 [bus 00-3e])
[    0.166343] acpi PNP0A08:00: _OSC: OS supports [ExtendedConfig ASPM ClockPM Segments MSI]
[    0.167138] acpi PNP0A08:00: _OSC: platform does not support [PCIeHotplug PME]
[    0.167665] acpi PNP0A08:00: _OSC: OS now controls [AER PCIeCapability]
[    0.167668] acpi PNP0A08:00: FADT indicates ASPM is unsupported, using BIOS configuration
[    0.169435] PCI host bridge to bus 0000:00
[    0.169439] pci_bus 0000:00: root bus resource [io  0x0000-0x0cf7 window]
[    0.169442] pci_bus 0000:00: root bus resource [io  0x0d00-0xffff window]
[    0.169445] pci_bus 0000:00: root bus resource [mem 0x000a0000-0x000bffff window]
[    0.169448] pci_bus 0000:00: root bus resource [mem 0x000d4000-0x000d7fff window]
[    0.169450] pci_bus 0000:00: root bus resource [mem 0x000d8000-0x000dbfff window]
[    0.169453] pci_bus 0000:00: root bus resource [mem 0x000dc000-0x000dffff window]
[    0.169456] pci_bus 0000:00: root bus resource [mem 0x000e0000-0x000e3fff window]
[    0.169458] pci_bus 0000:00: root bus resource [mem 0x000e4000-0x000e7fff window]
[    0.169461] pci_bus 0000:00: root bus resource [mem 0xe0000000-0xfeafffff window]
[    0.169464] pci_bus 0000:00: root bus resource [bus 00-3e]
[    0.169485] pci 0000:00:00.0: [8086:0150] type 00 class 0x060000
[    0.169818] pci 0000:00:01.0: [8086:0151] type 01 class 0x060400
[    0.169875] pci 0000:00:01.0: PME# supported from D0 D3hot D3cold
[    0.170275] pci 0000:00:14.0: [8086:1e31] type 00 class 0x0c0330
[    0.170305] pci 0000:00:14.0: reg 0x10: [mem 0xf7f20000-0xf7f2ffff 64bit]
[    0.170393] pci 0000:00:14.0: PME# supported from D3hot D3cold
[    0.170693] pci 0000:00:16.0: [8086:1e3a] type 00 class 0x078000
[    0.171024] pci 0000:00:16.0: reg 0x10: [mem 0xf7f3b000-0xf7f3b00f 64bit]
[    0.171117] pci 0000:00:16.0: PME# supported from D0 D3hot D3cold
[    0.171400] pci 0000:00:16.3: [8086:1e3d] type 00 class 0x070002
[    0.171424] pci 0000:00:16.3: reg 0x10: [io  0xf100-0xf107]
[    0.171436] pci 0000:00:16.3: reg 0x14: [mem 0xf7f39000-0xf7f39fff]
[    0.171792] pci 0000:00:19.0: [8086:1502] type 00 class 0x020000
[    0.171815] pci 0000:00:19.0: reg 0x10: [mem 0xf7f00000-0xf7f1ffff]
[    0.171826] pci 0000:00:19.0: reg 0x14: [mem 0xf7f38000-0xf7f38fff]
[    0.171836] pci 0000:00:19.0: reg 0x18: [io  0xf020-0xf03f]
[    0.171913] pci 0000:00:19.0: PME# supported from D0 D3hot D3cold
[    0.172215] pci 0000:00:1a.0: [8086:1e2d] type 00 class 0x0c0320
[    0.172241] pci 0000:00:1a.0: reg 0x10: [mem 0xf7f37000-0xf7f373ff]
[    0.172344] pci 0000:00:1a.0: PME# supported from D0 D3hot D3cold
[    0.172642] pci 0000:00:1b.0: [8086:1e20] type 00 class 0x040300
[    0.172668] pci 0000:00:1b.0: reg 0x10: [mem 0xf7f30000-0xf7f33fff 64bit]
[    0.172762] pci 0000:00:1b.0: PME# supported from D0 D3hot D3cold
[    0.173078] pci 0000:00:1c.0: [8086:1e10] type 01 class 0x060400
[    0.173226] pci 0000:00:1c.0: PME# supported from D0 D3hot D3cold
[    0.173548] pci 0000:00:1c.4: [8086:1e18] type 01 class 0x060400
[    0.173651] pci 0000:00:1c.4: PME# supported from D0 D3hot D3cold
[    0.173966] pci 0000:00:1d.0: [8086:1e26] type 00 class 0x0c0320
[    0.173992] pci 0000:00:1d.0: reg 0x10: [mem 0xf7f36000-0xf7f363ff]
[    0.174096] pci 0000:00:1d.0: PME# supported from D0 D3hot D3cold
[    0.174391] pci 0000:00:1e.0: [8086:244e] type 01 class 0x060401
[    0.174747] pci 0000:00:1f.0: [8086:1e47] type 00 class 0x060100
[    0.175155] pci 0000:00:1f.2: [8086:1e00] type 00 class 0x01018f
[    0.175176] pci 0000:00:1f.2: reg 0x10: [io  0xf0f0-0xf0f7]
[    0.175186] pci 0000:00:1f.2: reg 0x14: [io  0xf0e0-0xf0e3]
[    0.175196] pci 0000:00:1f.2: reg 0x18: [io  0xf0d0-0xf0d7]
[    0.175206] pci 0000:00:1f.2: reg 0x1c: [io  0xf0c0-0xf0c3]
[    0.175215] pci 0000:00:1f.2: reg 0x20: [io  0xf0b0-0xf0bf]
[    0.175225] pci 0000:00:1f.2: reg 0x24: [io  0xf0a0-0xf0af]
[    0.175541] pci 0000:00:1f.3: [8086:1e22] type 00 class 0x0c0500
[    0.175564] pci 0000:00:1f.3: reg 0x10: [mem 0xf7f35000-0xf7f350ff 64bit]
[    0.175590] pci 0000:00:1f.3: reg 0x20: [io  0xf000-0xf01f]
[    0.175896] pci 0000:00:1f.5: [8086:1e08] type 00 class 0x010185
[    0.175917] pci 0000:00:1f.5: reg 0x10: [io  0xf090-0xf097]
[    0.175927] pci 0000:00:1f.5: reg 0x14: [io  0xf080-0xf083]
[    0.175937] pci 0000:00:1f.5: reg 0x18: [io  0xf070-0xf077]
[    0.175946] pci 0000:00:1f.5: reg 0x1c: [io  0xf060-0xf063]
[    0.175956] pci 0000:00:1f.5: reg 0x20: [io  0xf050-0xf05f]
[    0.175966] pci 0000:00:1f.5: reg 0x24: [io  0xf040-0xf04f]
[    0.176412] pci 0000:01:00.0: [1002:677b] type 00 class 0x030000
[    0.176437] pci 0000:01:00.0: reg 0x10: [mem 0xe0000000-0xefffffff 64bit pref]
[    0.176450] pci 0000:01:00.0: reg 0x18: [mem 0xf7e20000-0xf7e3ffff 64bit]
[    0.176458] pci 0000:01:00.0: reg 0x20: [io  0xe000-0xe0ff]
[    0.176474] pci 0000:01:00.0: reg 0x30: [mem 0xf7e00000-0xf7e1ffff pref]
[    0.176482] pci 0000:01:00.0: enabling Extended Tags
[    0.176535] pci 0000:01:00.0: supports D1 D2
[    0.176699] pci 0000:01:00.1: [1002:aa98] type 00 class 0x040300
[    0.176724] pci 0000:01:00.1: reg 0x10: [mem 0xf7e40000-0xf7e43fff 64bit]
[    0.176764] pci 0000:01:00.1: enabling Extended Tags
[    0.176817] pci 0000:01:00.1: supports D1 D2
[    0.179043] pci 0000:00:01.0: PCI bridge to [bus 01]
[    0.179052] pci 0000:00:01.0:   bridge window [io  0xe000-0xefff]
[    0.179068] pci 0000:00:01.0:   bridge window [mem 0xf7e00000-0xf7efffff]
[    0.179073] pci 0000:00:01.0:   bridge window [mem 0xe0000000-0xefffffff 64bit pref]
[    0.179202] pci 0000:00:1c.0: PCI bridge to [bus 02]
[    0.179362] pci 0000:03:00.0: [8086:10d3] type 00 class 0x020000
[    0.179425] pci 0000:03:00.0: reg 0x10: [mem 0xf7dc0000-0xf7ddffff]
[    0.179450] pci 0000:03:00.0: reg 0x14: [mem 0xf7d00000-0xf7d7ffff]
[    0.179476] pci 0000:03:00.0: reg 0x18: [io  0xd000-0xd01f]
[    0.179503] pci 0000:03:00.0: reg 0x1c: [mem 0xf7de0000-0xf7de3fff]
[    0.179574] pci 0000:03:00.0: reg 0x30: [mem 0xf7d80000-0xf7dbffff pref]
[    0.179745] pci 0000:03:00.0: PME# supported from D0 D3hot D3cold
[    0.182058] pci 0000:00:1c.4: PCI bridge to [bus 03]
[    0.182063] pci 0000:00:1c.4:   bridge window [io  0xd000-0xdfff]
[    0.182068] pci 0000:00:1c.4:   bridge window [mem 0xf7d00000-0xf7dfffff]
[    0.182151] pci 0000:04:00.0: [9710:9865] type 00 class 0x070002
[    0.182175] pci 0000:04:00.0: reg 0x10: [io  0xc030-0xc037]
[    0.182187] pci 0000:04:00.0: reg 0x14: [mem 0xf7c05000-0xf7c05fff]
[    0.182218] pci 0000:04:00.0: reg 0x20: [mem 0xf7c04000-0xf7c04fff]
[    0.182281] pci 0000:04:00.0: supports D1 D2
[    0.182284] pci 0000:04:00.0: PME# supported from D0 D1 D2 D3hot D3cold
[    0.182380] pci 0000:04:00.1: [9710:9865] type 00 class 0x070002
[    0.182404] pci 0000:04:00.1: reg 0x10: [io  0xc020-0xc027]
[    0.182416] pci 0000:04:00.1: reg 0x14: [mem 0xf7c03000-0xf7c03fff]
[    0.182446] pci 0000:04:00.1: reg 0x20: [mem 0xf7c02000-0xf7c02fff]
[    0.182508] pci 0000:04:00.1: supports D1 D2
[    0.182511] pci 0000:04:00.1: PME# supported from D0 D1 D2 D3hot D3cold
[    0.182605] pci 0000:04:00.2: [ffff:9865] type 00 class 0x070103
[    0.182629] pci 0000:04:00.2: reg 0x10: [io  0xc010-0xc017]
[    0.182641] pci 0000:04:00.2: reg 0x14: [io  0xc000-0xc007]
[    0.182653] pci 0000:04:00.2: reg 0x18: [mem 0xf7c01000-0xf7c01fff]
[    0.182674] pci 0000:04:00.2: reg 0x20: [mem 0xf7c00000-0xf7c00fff]
[    0.182736] pci 0000:04:00.2: supports D1 D2
[    0.182738] pci 0000:04:00.2: PME# supported from D0 D1 D2 D3hot D3cold
[    0.182880] pci 0000:00:1e.0: PCI bridge to [bus 04] (subtractive decode)
[    0.182885] pci 0000:00:1e.0:   bridge window [io  0xc000-0xcfff]
[    0.182890] pci 0000:00:1e.0:   bridge window [mem 0xf7c00000-0xf7cfffff]
[    0.182897] pci 0000:00:1e.0:   bridge window [io  0x0000-0x0cf7 window] (subtractive decode)
[    0.182900] pci 0000:00:1e.0:   bridge window [io  0x0d00-0xffff window] (subtractive decode)
[    0.182903] pci 0000:00:1e.0:   bridge window [mem 0x000a0000-0x000bffff window] (subtractive decode)
[    0.182905] pci 0000:00:1e.0:   bridge window [mem 0x000d4000-0x000d7fff window] (subtractive decode)
[    0.182910] pci 0000:00:1e.0:   bridge window [mem 0x000d8000-0x000dbfff window] (subtractive decode)
[    0.182913] pci 0000:00:1e.0:   bridge window [mem 0x000dc000-0x000dffff window] (subtractive decode)
[    0.182915] pci 0000:00:1e.0:   bridge window [mem 0x000e0000-0x000e3fff window] (subtractive decode)
[    0.182918] pci 0000:00:1e.0:   bridge window [mem 0x000e4000-0x000e7fff window] (subtractive decode)
[    0.182920] pci 0000:00:1e.0:   bridge window [mem 0xe0000000-0xfeafffff window] (subtractive decode)
[    0.185149] ACPI: PCI Interrupt Link [LNKA] (IRQs 3 4 5 6 10 *11 12 14 15)
[    0.185337] ACPI: PCI Interrupt Link [LNKB] (IRQs 3 4 5 6 *10 11 12 14 15)
[    0.185519] ACPI: PCI Interrupt Link [LNKC] (IRQs 3 4 5 6 *10 11 12 14 15)
[    0.185698] ACPI: PCI Interrupt Link [LNKD] (IRQs 3 4 *5 6 10 11 12 14 15)
[    0.185878] ACPI: PCI Interrupt Link [LNKE] (IRQs 3 4 5 6 10 *11 12 14 15)
[    0.186064] ACPI: PCI Interrupt Link [LNKF] (IRQs 3 4 5 6 10 *11 12 14 15)
[    0.186245] ACPI: PCI Interrupt Link [LNKG] (IRQs 3 4 5 6 *10 11 12 14 15)
[    0.186425] ACPI: PCI Interrupt Link [LNKH] (IRQs 3 4 *5 6 10 11 12 14 15)
[    0.187951] SCSI subsystem initialized
[    0.188051] libata version 3.00 loaded.
[    0.188204] pci 0000:01:00.0: vgaarb: setting as boot VGA device
[    0.188209] pci 0000:01:00.0: vgaarb: VGA device added: decodes=io+mem,owns=io+mem,locks=none
[    0.188214] pci 0000:01:00.0: vgaarb: bridge control possible
[    0.188216] vgaarb: loaded
[    0.188271] ACPI: bus type USB registered
[    0.188316] usbcore: registered new interface driver usbfs
[    0.188344] usbcore: registered new interface driver hub
[    0.188412] usbcore: registered new device driver usb
[    0.188587] EDAC MC: Ver: 3.0.0
[    0.188935] PCI: Using ACPI for IRQ routing
[    0.190811] PCI: pci_cache_line_size set to 64 bytes
[    0.190892] e820: reserve RAM buffer [mem 0x0009f800-0x0009ffff]
[    0.190897] e820: reserve RAM buffer [mem 0xde358000-0xdfffffff]
[    0.190899] e820: reserve RAM buffer [mem 0xdf000000-0xdfffffff]
[    0.190902] e820: reserve RAM buffer [mem 0x21e000000-0x21fffffff]
[    0.191229] NetLabel: Initializing
[    0.191231] NetLabel:  domain hash size = 128
[    0.191233] NetLabel:  protocols = UNLABELED CIPSOv4 CALIPSO
[    0.191267] NetLabel:  unlabeled traffic allowed by default
[    0.192345] hpet0: at MMIO 0xfed00000, IRQs 2, 8, 0, 0, 0, 0, 0, 0
[    0.192364] hpet0: 8 comparators, 64-bit 14.318180 MHz counter
[    0.194083] clocksource: Switched to clocksource hpet
[    0.242134] VFS: Disk quotas dquot_6.6.0
[    0.242165] VFS: Dquot-cache hash table entries: 512 (order 0, 4096 bytes)
[    0.242654] AppArmor: AppArmor Filesystem Enabled
[    0.242715] pnp: PnP ACPI init
[    0.242957] system 00:00: [mem 0xfed40000-0xfed44fff] has been reserved
[    0.242977] system 00:00: Plug and Play ACPI device, IDs PNP0c01 (active)
[    0.243212] system 00:01: [io  0x0680-0x069f] has been reserved
[    0.243216] system 00:01: [io  0x0200-0x020f] has been reserved
[    0.243220] system 00:01: [io  0xffff] has been reserved
[    0.243223] system 00:01: [io  0xffff] has been reserved
[    0.243227] system 00:01: [io  0x0400-0x0453] has been reserved
[    0.243230] system 00:01: [io  0x0458-0x047f] has been reserved
[    0.243234] system 00:01: [io  0x0500-0x057f] has been reserved
[    0.243237] system 00:01: [io  0x164e-0x164f] has been reserved
[    0.243247] system 00:01: Plug and Play ACPI device, IDs PNP0c02 (active)
[    0.243313] pnp 00:02: Plug and Play ACPI device, IDs PNP0b00 (active)
[    0.243470] system 00:03: [io  0x0454-0x0457] has been reserved
[    0.243480] system 00:03: Plug and Play ACPI device, IDs INT3f0d PNP0c02 (active)
[    0.243857] system 00:04: [io  0x0a20-0x0a3f] has been reserved
[    0.243861] system 00:04: [io  0x0a10-0x0a1f] has been reserved
[    0.243871] system 00:04: Plug and Play ACPI device, IDs PNP0c02 (active)
[    0.243986] pnp 00:05: Plug and Play ACPI device, IDs PNP0303 PNP030b (active)
[    0.244137] pnp 00:06: Plug and Play ACPI device, IDs PNP0f03 PNP0f13 (active)
[    0.244286] system 00:07: [io  0x04d0-0x04d1] has been reserved
[    0.244295] system 00:07: Plug and Play ACPI device, IDs PNP0c02 (active)
[    0.244799] pnp 00:08: [dma 0 disabled]
[    0.244925] pnp 00:08: Plug and Play ACPI device, IDs PNP0501 (active)
[    0.245432] pnp 00:09: [dma 0 disabled]
[    0.245556] pnp 00:09: Plug and Play ACPI device, IDs PNP0501 (active)
[    0.245941] pnp 00:0a: Plug and Play ACPI device, IDs IFX0102 PNP0c31 (active)
[    0.246680] system 00:0b: [mem 0xfed1c000-0xfed1ffff] has been reserved
[    0.246684] system 00:0b: [mem 0xfed10000-0xfed17fff] has been reserved
[    0.246687] system 00:0b: [mem 0xfed18000-0xfed18fff] has been reserved
[    0.246691] system 00:0b: [mem 0xfed19000-0xfed19fff] has been reserved
[    0.246695] system 00:0b: [mem 0xf8000000-0xfbffffff] has been reserved
[    0.246698] system 00:0b: [mem 0xfed20000-0xfed3ffff] has been reserved
[    0.246702] system 00:0b: [mem 0xfed90000-0xfed93fff] has been reserved
[    0.246705] system 00:0b: [mem 0xfed45000-0xfed8ffff] has been reserved
[    0.246709] system 00:0b: [mem 0xff000000-0xffffffff] has been reserved
[    0.246713] system 00:0b: [mem 0xfee00000-0xfeefffff] could not be reserved
[    0.246717] system 00:0b: [mem 0xf0000000-0xf0000fff] has been reserved
[    0.246727] system 00:0b: Plug and Play ACPI device, IDs PNP0c02 (active)
[    0.247195] pnp: PnP ACPI: found 12 devices
[    0.255969] clocksource: acpi_pm: mask: 0xffffff max_cycles: 0xffffff, max_idle_ns: 2085701024 ns
[    0.256025] pci 0000:00:01.0: PCI bridge to [bus 01]
[    0.256029] pci 0000:00:01.0:   bridge window [io  0xe000-0xefff]
[    0.256033] pci 0000:00:01.0:   bridge window [mem 0xf7e00000-0xf7efffff]
[    0.256037] pci 0000:00:01.0:   bridge window [mem 0xe0000000-0xefffffff 64bit pref]
[    0.256041] pci 0000:00:1c.0: PCI bridge to [bus 02]
[    0.256060] pci 0000:00:1c.4: PCI bridge to [bus 03]
[    0.256064] pci 0000:00:1c.4:   bridge window [io  0xd000-0xdfff]
[    0.256070] pci 0000:00:1c.4:   bridge window [mem 0xf7d00000-0xf7dfffff]
[    0.256080] pci 0000:00:1e.0: PCI bridge to [bus 04]
[    0.256083] pci 0000:00:1e.0:   bridge window [io  0xc000-0xcfff]
[    0.256089] pci 0000:00:1e.0:   bridge window [mem 0xf7c00000-0xf7cfffff]
[    0.256099] pci_bus 0000:00: resource 4 [io  0x0000-0x0cf7 window]
[    0.256102] pci_bus 0000:00: resource 5 [io  0x0d00-0xffff window]
[    0.256104] pci_bus 0000:00: resource 6 [mem 0x000a0000-0x000bffff window]
[    0.256107] pci_bus 0000:00: resource 7 [mem 0x000d4000-0x000d7fff window]
[    0.256109] pci_bus 0000:00: resource 8 [mem 0x000d8000-0x000dbfff window]
[    0.256111] pci_bus 0000:00: resource 9 [mem 0x000dc000-0x000dffff window]
[    0.256114] pci_bus 0000:00: resource 10 [mem 0x000e0000-0x000e3fff window]
[    0.256116] pci_bus 0000:00: resource 11 [mem 0x000e4000-0x000e7fff window]
[    0.256118] pci_bus 0000:00: resource 12 [mem 0xe0000000-0xfeafffff window]
[    0.256121] pci_bus 0000:01: resource 0 [io  0xe000-0xefff]
[    0.256123] pci_bus 0000:01: resource 1 [mem 0xf7e00000-0xf7efffff]
[    0.256126] pci_bus 0000:01: resource 2 [mem 0xe0000000-0xefffffff 64bit pref]
[    0.256128] pci_bus 0000:03: resource 0 [io  0xd000-0xdfff]
[    0.256131] pci_bus 0000:03: resource 1 [mem 0xf7d00000-0xf7dfffff]
[    0.256133] pci_bus 0000:04: resource 0 [io  0xc000-0xcfff]
[    0.256136] pci_bus 0000:04: resource 1 [mem 0xf7c00000-0xf7cfffff]
[    0.256138] pci_bus 0000:04: resource 4 [io  0x0000-0x0cf7 window]
[    0.256140] pci_bus 0000:04: resource 5 [io  0x0d00-0xffff window]
[    0.256143] pci_bus 0000:04: resource 6 [mem 0x000a0000-0x000bffff window]
[    0.256145] pci_bus 0000:04: resource 7 [mem 0x000d4000-0x000d7fff window]
[    0.256147] pci_bus 0000:04: resource 8 [mem 0x000d8000-0x000dbfff window]
[    0.256150] pci_bus 0000:04: resource 9 [mem 0x000dc000-0x000dffff window]
[    0.256152] pci_bus 0000:04: resource 10 [mem 0x000e0000-0x000e3fff window]
[    0.256154] pci_bus 0000:04: resource 11 [mem 0x000e4000-0x000e7fff window]
[    0.256157] pci_bus 0000:04: resource 12 [mem 0xe0000000-0xfeafffff window]
[    0.256486] NET: Registered protocol family 2
[    0.256951] TCP established hash table entries: 65536 (order: 7, 524288 bytes)
[    0.257363] TCP bind hash table entries: 65536 (order: 10, 5242880 bytes)
[    0.260307] TCP: Hash tables configured (established 65536 bind 65536)
[    0.260448] UDP hash table entries: 4096 (order: 7, 786432 bytes)
[    0.260888] UDP-Lite hash table entries: 4096 (order: 7, 786432 bytes)
[    0.261571] NET: Registered protocol family 1
[    0.296400] pci 0000:01:00.0: Video device with shadowed ROM at [mem 0x000c0000-0x000dffff]
[    0.296420] PCI: CLS 64 bytes, default 64
[    0.296579] Unpacking initramfs...
[    1.009767] Freeing initrd memory: 56380K
[    1.009773] PCI-DMA: Using software bounce buffering for IO (SWIOTLB)
[    1.009777] software IO TLB [mem 0xda358000-0xde358000] (64MB) mapped at [000000008e5660fc-000000005e53c37a]
[    1.010381] Scanning for low memory corruption every 60 seconds
[    1.010621] cryptomgr_test (83) used greatest stack depth: 14800 bytes left
[    1.012247] Initialise system trusted keyrings
[    1.012305] Key type blacklist registered
[    1.012372] workingset: timestamp_bits=36 max_order=21 bucket_order=0
[    1.017448] zbud: loaded
[    1.018962] squashfs: version 4.0 (2009/01/31) Phillip Lougher
[    1.019486] fuse init (API version 7.26)
[    1.020176] cryptomgr_test (90) used greatest stack depth: 14696 bytes left
[    1.021822] Key type asymmetric registered
[    1.021832] Asymmetric key parser 'x509' registered
[    1.021855] Block layer SCSI generic (bsg) driver version 0.4 loaded (major 246)
[    1.021953] io scheduler noop registered
[    1.021956] io scheduler deadline registered
[    1.022059] io scheduler cfq registered (default)
[    1.024152] vesafb: mode is 1400x1050x32, linelength=5632, pages=0
[    1.024155] vesafb: scrolling: redraw
[    1.024158] vesafb: Truecolor: size=0:8:8:8, shift=0:16:8:0
[    1.024172] vesafb: framebuffer at 0xe0000000, mapped to 0x000000003bd6eab7, using 5824k, total 5824k
[    1.024461] Console: switching to colour frame buffer device 175x65
[    1.024493] fb0: VESA VGA frame buffer device
[    1.024526] intel_idle: MWAIT substates: 0x1120
[    1.024528] intel_idle: v0.4.1 model 0x3A
[    1.025296] intel_idle: lapic_timer_reliable_states 0xffffffff
[    1.025605] input: Power Button as /devices/LNXSYSTM:00/LNXSYBUS:00/PNP0C0C:00/input/input0
[    1.025738] ACPI: Power Button [PWRB]
[    1.025838] input: Power Button as /devices/LNXSYSTM:00/LNXPWRBN:00/input/input1
[    1.025872] ACPI: Power Button [PWRF]
[    1.028282] (NULL device *): hwmon_device_register() is deprecated. Please convert the driver to use hwmon_device_register_with_info().
[    1.028824] thermal LNXTHERM:00: registered as thermal_zone0
[    1.028827] ACPI: Thermal Zone [TZ00] (28 C)
[    1.029753] thermal LNXTHERM:01: registered as thermal_zone1
[    1.029756] ACPI: Thermal Zone [TZ01] (30 C)
[    1.030596] Linux agpgart interface v0.103
[    1.057458] tpm_tis 00:0a: 1.2 TPM (device-id 0xB, rev-id 16)
[    1.174795] tpm tpm0: A TPM error (7) occurred attempting to read a pcr value
[    1.174809] tpm tpm0: TPM is disabled/deactivated (0x7)
[    1.183061] loop: module loaded
[    1.183368] ata_piix 0000:00:1f.2: version 2.13
[    1.183729] ata_piix 0000:00:1f.2: MAP [ P0 P2 P1 P3 ]
[    1.336369] scsi host0: ata_piix
[    1.336706] scsi host1: ata_piix
[    1.336812] ata1: SATA max UDMA/133 cmd 0xf0f0 ctl 0xf0e0 bmdma 0xf0b0 irq 19
[    1.336818] ata2: SATA max UDMA/133 cmd 0xf0d0 ctl 0xf0c0 bmdma 0xf0b8 irq 19
[    1.337206] ata_piix 0000:00:1f.5: MAP [ P0 -- P1 -- ]
[    1.495098] ata_piix 0000:00:1f.5: SCR access via SIDPR is available but doesn't work
[    1.495940] scsi host2: ata_piix
[    1.496223] scsi host3: ata_piix
[    1.496320] ata3: SATA max UDMA/133 cmd 0xf090 ctl 0xf080 bmdma 0xf050 irq 19
[    1.496322] ata4: SATA max UDMA/133 cmd 0xf070 ctl 0xf060 bmdma 0xf058 irq 19
[    1.496562] libphy: Fixed MDIO Bus: probed
[    1.496565] tun: Universal TUN/TAP device driver, 1.6
[    1.496672] PPP generic driver version 2.4.2
[    1.496802] ehci_hcd: USB 2.0 'Enhanced' Host Controller (EHCI) Driver
[    1.496811] ehci-pci: EHCI PCI platform driver
[    1.497255] ehci-pci 0000:00:1a.0: EHCI Host Controller
[    1.497304] ehci-pci 0000:00:1a.0: new USB bus registered, assigned bus number 1
[    1.497336] ehci-pci 0000:00:1a.0: debug port 2
[    1.501251] ehci-pci 0000:00:1a.0: cache line size of 64 is not supported
[    1.501291] ehci-pci 0000:00:1a.0: irq 16, io mem 0xf7f37000
[    1.508097] ehci-pci 0000:00:1a.0: USB 2.0 started, EHCI 1.00
[    1.508297] usb usb1: New USB device found, idVendor=1d6b, idProduct=0002
[    1.508303] usb usb1: New USB device strings: Mfr=3, Product=2, SerialNumber=1
[    1.508306] usb usb1: Product: EHCI Host Controller
[    1.508308] usb usb1: Manufacturer: Linux 4.15.18 ehci_hcd
[    1.508310] usb usb1: SerialNumber: 0000:00:1a.0
[    1.508795] hub 1-0:1.0: USB hub found
[    1.508828] hub 1-0:1.0: 3 ports detected
[    1.509852] ehci-pci 0000:00:1d.0: EHCI Host Controller
[    1.509864] ehci-pci 0000:00:1d.0: new USB bus registered, assigned bus number 2
[    1.509878] ehci-pci 0000:00:1d.0: debug port 2
[    1.513793] ehci-pci 0000:00:1d.0: cache line size of 64 is not supported
[    1.513821] ehci-pci 0000:00:1d.0: irq 23, io mem 0xf7f36000
[    1.520078] ehci-pci 0000:00:1d.0: USB 2.0 started, EHCI 1.00
[    1.520210] usb usb2: New USB device found, idVendor=1d6b, idProduct=0002
[    1.520213] usb usb2: New USB device strings: Mfr=3, Product=2, SerialNumber=1
[    1.520215] usb usb2: Product: EHCI Host Controller
[    1.520217] usb usb2: Manufacturer: Linux 4.15.18 ehci_hcd
[    1.520220] usb usb2: SerialNumber: 0000:00:1d.0
[    1.520566] hub 2-0:1.0: USB hub found
[    1.520586] hub 2-0:1.0: 3 ports detected
[    1.521078] ehci-platform: EHCI generic platform driver
[    1.521100] ohci_hcd: USB 1.1 'Open' Host Controller (OHCI) Driver
[    1.521108] ohci-pci: OHCI PCI platform driver
[    1.521135] ohci-platform: OHCI generic platform driver
[    1.521153] uhci_hcd: USB Universal Host Controller Interface driver
[    1.521567] xhci_hcd 0000:00:14.0: xHCI Host Controller
[    1.521579] xhci_hcd 0000:00:14.0: new USB bus registered, assigned bus number 3
[    1.522691] xhci_hcd 0000:00:14.0: hcc params 0x20007181 hci version 0x100 quirks 0x0000b930
[    1.522697] xhci_hcd 0000:00:14.0: cache line size of 64 is not supported
[    1.523070] usb usb3: New USB device found, idVendor=1d6b, idProduct=0002
[    1.523073] usb usb3: New USB device strings: Mfr=3, Product=2, SerialNumber=1
[    1.523076] usb usb3: Product: xHCI Host Controller
[    1.523078] usb usb3: Manufacturer: Linux 4.15.18 xhci-hcd
[    1.523081] usb usb3: SerialNumber: 0000:00:14.0
[    1.523430] hub 3-0:1.0: USB hub found
[    1.523465] hub 3-0:1.0: 4 ports detected
[    1.524625] xhci_hcd 0000:00:14.0: xHCI Host Controller
[    1.524634] xhci_hcd 0000:00:14.0: new USB bus registered, assigned bus number 4
[    1.524766] usb usb4: New USB device found, idVendor=1d6b, idProduct=0003
[    1.524770] usb usb4: New USB device strings: Mfr=3, Product=2, SerialNumber=1
[    1.524773] usb usb4: Product: xHCI Host Controller
[    1.524775] usb usb4: Manufacturer: Linux 4.15.18 xhci-hcd
[    1.524777] usb usb4: SerialNumber: 0000:00:14.0
[    1.525142] hub 4-0:1.0: USB hub found
[    1.525173] hub 4-0:1.0: 4 ports detected
[    1.526454] i8042: PNP: PS/2 Controller [PNP0303:PS2K,PNP0f03:PS2M] at 0x60,0x64 irq 1,12
[    1.529892] serio: i8042 KBD port at 0x60,0x64 irq 1
[    1.530066] serio: i8042 AUX port at 0x60,0x64 irq 12
[    1.530410] mousedev: PS/2 mouse device common for all mice
[    1.530871] rtc_cmos 00:02: RTC can wake from S4
[    1.531115] rtc_cmos 00:02: rtc core: registered rtc_cmos as rtc0
[    1.531149] rtc_cmos 00:02: alarms up to one month, y3k, 242 bytes nvram, hpet irqs
[    1.531168] i2c /dev entries driver
[    1.531295] device-mapper: uevent: version 1.0.3
[    1.531487] device-mapper: ioctl: 4.37.0-ioctl (2017-09-20) initialised: dm-devel@redhat.com
[    1.531494] intel_pstate: Intel P-state driver initializing
[    1.532473] ledtrig-cpu: registered to indicate activity on CPUs
[    1.533370] NET: Registered protocol family 10
[    1.535822] modprobe (146) used greatest stack depth: 13544 bytes left
[    1.540820] Segment Routing with IPv6
[    1.540840] NET: Registered protocol family 17
[    1.540985] Key type dns_resolver registered
[    1.542053] RAS: Correctable Errors collector initialized.
[    1.542156] microcode: sig=0x306a9, pf=0x2, revision=0x21
[    1.542402] microcode: Microcode Update Driver: v2.2.
[    1.542421] sched_clock: Marking stable (1542394513, 0)->(1555511808, -13117295)
[    1.542867] registered taskstats version 1
[    1.542886] Loading compiled-in X.509 certificates
[    1.546278] Loaded X.509 cert 'Build time autogenerated kernel key: a899a7beda85ddcaf0aa710b34b24e84bebd9499'
[    1.546342] zswap: loaded using pool lzo/zbud
[    1.551923] Key type big_key registered
[    1.551930] Key type trusted registered
[    1.554584] Key type encrypted registered
[    1.554589] AppArmor: AppArmor sha1 policy hashing enabled
[    1.575796] tpm tpm0: A TPM error (7) occurred attempting to read a pcr value
[    1.575814] ima: No TPM chip found, activating TPM-bypass! (rc=7)
[    1.575879] evm: HMAC attrs: 0x1
[    1.576440]   Magic number: 11:910:599
[    1.576588] rtc_cmos 00:02: setting system clock to 2019-11-23 20:35:16 UTC (1574541316)
[    1.576817] BIOS EDD facility v0.16 2004-Jun-25, 0 devices found
[    1.576819] EDD information not available.
[    1.833075] usb 1-1: new high-speed USB device number 2 using ehci-pci
[    1.842055] usb 2-1: new high-speed USB device number 2 using ehci-pci
[    1.850057] usb 3-1: new low-speed USB device number 2 using xhci_hcd
[    1.961814] usb 1-1: New USB device found, idVendor=8087, idProduct=0024
[    1.961820] usb 1-1: New USB device strings: Mfr=0, Product=0, SerialNumber=0
[    1.962412] hub 1-1:1.0: USB hub found
[    1.962686] hub 1-1:1.0: 6 ports detected
[    1.971813] usb 2-1: New USB device found, idVendor=8087, idProduct=0024
[    1.971816] usb 2-1: New USB device strings: Mfr=0, Product=0, SerialNumber=0
[    1.972371] hub 2-1:1.0: USB hub found
[    1.972537] hub 2-1:1.0: 8 ports detected
[    1.979909] usb 3-1: New USB device found, idVendor=046d, idProduct=c077
[    1.979917] usb 3-1: New USB device strings: Mfr=1, Product=2, SerialNumber=0
[    1.979922] usb 3-1: Product: USB Optical Mouse
[    1.979926] usb 3-1: Manufacturer: Logitech
[    2.015112] tsc: Refined TSC clocksource calibration: 3392.294 MHz
[    2.015124] clocksource: tsc: mask: 0xffffffffffffffff max_cycles: 0x30e5debfb38, max_idle_ns: 440795265279 ns
[    2.103119] ata1.00: SATA link up 6.0 Gbps (SStatus 133 SControl 330)
[    2.103135] ata1.01: SATA link up 1.5 Gbps (SStatus 113 SControl 330)
[    2.124819] ata1.00: ATA-9: WDC WD10EZEX-60ZF5A0, 80.00A80, max UDMA/100
[    2.124822] ata1.00: 1953525168 sectors, multi 16: LBA48 NCQ (depth 0/32)
[    2.124827] ata1.01: ATAPI: hp      DVD-RAM GH82N, R204, max UDMA/100
[    2.127461] ata1.00: configured for UDMA/100
[    2.149302] ata1.01: configured for UDMA/100
[    2.155386] scsi 0:0:0:0: Direct-Access     ATA      WDC WD10EZEX-60Z 0A80 PQ: 0 ANSI: 5
[    2.156303] sd 0:0:0:0: Attached scsi generic sg0 type 0
[    2.156331] sd 0:0:0:0: [sda] 1953525168 512-byte logical blocks: (1.00 TB/932 GiB)
[    2.156340] sd 0:0:0:0: [sda] 4096-byte physical blocks
[    2.156404] sd 0:0:0:0: [sda] Write Protect is off
[    2.156407] sd 0:0:0:0: [sda] Mode Sense: 00 3a 00 00
[    2.156512] sd 0:0:0:0: [sda] Write cache: enabled, read cache: enabled, doesn't support DPO or FUA
[    2.159855] scsi 0:0:1:0: CD-ROM            hp       DVD-RAM GH82N    R204 PQ: 0 ANSI: 5
[    2.206955] sr 0:0:1:0: [sr0] scsi3-mmc drive: 40x/40x writer dvd-ram cd/rw xa/form2 cdda tray
[    2.206961] cdrom: Uniform CD-ROM driver Revision: 3.20
[    2.207480] sr 0:0:1:0: Attached scsi CD-ROM sr0
[    2.207650] sr 0:0:1:0: Attached scsi generic sg1 type 5
[    2.218699]  sda: sda1 sda2 sda3
[    2.220789] sd 0:0:0:0: [sda] Attached SCSI disk
[    2.239058] usb 1-1.5: new low-speed USB device number 3 using ehci-pci
[    2.335043] usb 1-1.5: New USB device found, idVendor=03f0, idProduct=0024
[    2.335050] usb 1-1.5: New USB device strings: Mfr=1, Product=2, SerialNumber=0
[    2.335062] usb 1-1.5: Product: HP Basic USB Keyboard
[    2.335064] usb 1-1.5: Manufacturer: CHICONY
[    2.375057] ata2.00: failed to resume link (SControl 30)
[    2.400058] usb 1-1.6: new high-speed USB device number 4 using ehci-pci
[    2.481050] usb 1-1.6: New USB device found, idVendor=05e3, idProduct=0610
[    2.481058] usb 1-1.6: New USB device strings: Mfr=0, Product=1, SerialNumber=0
[    2.481062] usb 1-1.6: Product: USB2.0 Hub
[    2.481708] hub 1-1.6:1.0: USB hub found
[    2.482097] hub 1-1.6:1.0: 4 ports detected
[    2.760059] usb 1-1.6.1: new high-speed USB device number 5 using ehci-pci
[    2.841035] usb 1-1.6.1: New USB device found, idVendor=05e3, idProduct=0610
[    2.841043] usb 1-1.6.1: New USB device strings: Mfr=0, Product=1, SerialNumber=0
[    2.841047] usb 1-1.6.1: Product: USB2.0 Hub
[    2.841722] hub 1-1.6.1:1.0: USB hub found
[    2.842094] hub 1-1.6.1:1.0: 4 ports detected
[    2.910054] usb 1-1.6.3: new low-speed USB device number 6 using ehci-pci
[    2.996233] usb 1-1.6.3: New USB device found, idVendor=0529, idProduct=0001
[    2.996241] usb 1-1.6.3: New USB device strings: Mfr=1, Product=2, SerialNumber=0
[    2.996246] usb 1-1.6.3: Product: HASP HL 3.25
[    2.996250] usb 1-1.6.3: Manufacturer: AKS
[    3.023313] clocksource: Switched to clocksource tsc
[    3.415049] ata2.01: failed to resume link (SControl 30)
[    3.426265] ata2.00: SATA link down (SStatus 4 SControl 30)
[    3.426278] ata2.01: SATA link down (SStatus 4 SControl 30)
[    3.430647] Freeing unused kernel memory: 4208K
[    3.430678] Write protecting the kernel read-only data: 22528k
[    3.431863] Freeing unused kernel memory: 2008K
[    3.435012] Freeing unused kernel memory: 1812K
[    3.439902] x86/mm: Checked W+X mappings: passed, no W+X pages found.
[    3.439903] x86/mm: Checking user space page tables
[    3.444652] x86/mm: Checked W+X mappings: passed, no W+X pages found.
[    3.450767] exe (186) used greatest stack depth: 13088 bytes left
[    3.622684] ACPI: Video Device [PEG0] (multi-head: yes  rom: no  post: no)
[    3.623685] input: Video Bus as /devices/LNXSYSTM:00/LNXSYBUS:00/PNP0A08:00/LNXVIDEO:00/input/input4
[    3.624236] ACPI: Video Device [VGA] (multi-head: yes  rom: no  post: no)
[    3.627194] acpi device:1a: registered as cooling_device13
[    3.627312] input: Video Bus as /devices/LNXSYSTM:00/LNXSYBUS:00/PNP0A08:00/LNXVIDEO:00/LNXVIDEO:01/input/input5
[    3.627512] [Firmware Bug]: Duplicate ACPI video bus devices for the same VGA controller, please try module parameter "video.allow_duplicates=1"if the current driver doesn't work.
[    3.648891] pps_core: LinuxPPS API ver. 1 registered
[    3.648895] pps_core: Software ver. 5.3.6 - Copyright 2005-2007 Rodolfo Giometti <giometti@linux.it>
[    3.650403] PTP clock support registered
[    3.654761] e1000e: Intel(R) PRO/1000 Network Driver - 3.2.6-k
[    3.654764] e1000e: Copyright(c) 1999 - 2015 Intel Corporation.
[    3.655409] e1000e 0000:00:19.0: Interrupt Throttling Rate (ints/sec) set to dynamic conservative mode
[    3.667622] hidraw: raw HID events driver (C) Jiri Kosina
[    3.678870] usbcore: registered new interface driver usbhid
[    3.678874] usbhid: USB HID core driver
[    3.695992] [drm] radeon kernel modesetting enabled.
[    3.696149] checking generic (e0000000 5b0000) vs hw (e0000000 10000000)
[    3.696152] fb: switching to radeondrmfb from VESA VGA
[    3.696245] Console: switching to colour dummy device 80x25
[    3.698195] [drm] initializing kernel modesetting (CAICOS 0x1002:0x677B 0x103C:0x90B7 0x00).
[    3.698328] resource sanity check: requesting [mem 0x000c0000-0x000dffff], which spans more than PCI Bus 0000:00 [mem 0x000d4000-0x000d7fff window]
[    3.698336] caller pci_map_rom+0x5d/0xf0 mapping multiple BARs
[    3.698393] ATOM BIOS: HP
[    3.698910] radeon 0000:01:00.0: VRAM: 1024M 0x0000000000000000 - 0x000000003FFFFFFF (1024M used)
[    3.698914] radeon 0000:01:00.0: GTT: 1024M 0x0000000040000000 - 0x000000007FFFFFFF
[    3.698922] [drm] Detected VRAM RAM=1024M, BAR=256M
[    3.698925] [drm] RAM width 64bits DDR
[    3.699294] [TTM] Zone  kernel: Available graphics memory: 4039342 kiB
[    3.699301] [TTM] Zone   dma32: Available graphics memory: 2097152 kiB
[    3.699304] [TTM] Initializing pool allocator
[    3.699343] [TTM] Initializing DMA pool allocator
[    3.699632] [drm] radeon: 1024M of VRAM memory ready
[    3.699638] [drm] radeon: 1024M of GTT memory ready.
[    3.699689] [drm] Loading CAICOS Microcode
[    3.700218] [drm] Internal thermal controller with fan control
[    3.704668] [drm] radeon: dpm initialized
[    3.704918] [drm] GART: num cpu pages 262144, num gpu pages 262144
[    3.706285] [drm] enabling PCIE gen 2 link speeds, disable with radeon.pcie_gen2=0
[    3.718906] [drm] PCIE GART of 1024M enabled (table at 0x0000000000162000).
[    3.719136] radeon 0000:01:00.0: WB enabled
[    3.719141] radeon 0000:01:00.0: fence driver on ring 0 use gpu addr 0x0000000040000c00 and cpu addr 0x0000000064e85f10
[    3.719145] radeon 0000:01:00.0: fence driver on ring 3 use gpu addr 0x0000000040000c0c and cpu addr 0x0000000052a1c9ee
[    3.719901] radeon 0000:01:00.0: fence driver on ring 5 use gpu addr 0x0000000000072118 and cpu addr 0x00000000b6131329
[    3.719913] [drm] Supports vblank timestamp caching Rev 2 (21.10.2013).
[    3.719915] [drm] Driver supports precise vblank timestamp query.
[    3.719919] radeon 0000:01:00.0: radeon: MSI limited to 32-bit
[    3.720165] radeon 0000:01:00.0: radeon: using MSI.
[    3.720283] [drm] radeon: irq initialized.
[    3.737767] [drm] ring test on 0 succeeded in 2 usecs
[    3.737780] [drm] ring test on 3 succeeded in 6 usecs
[    3.744954] e1000e 0000:00:19.0 0000:00:19.0 (uninitialized): registered PHC clock
[    3.793893] input: Logitech USB Optical Mouse as /devices/pci0000:00/0000:00:14.0/usb3/3-1/3-1:1.0/0003:046D:C077.0001/input/input7
[    3.794711] hid-generic 0003:046D:C077.0001: input,hidraw0: USB HID v1.11 Mouse [Logitech USB Optical Mouse] on usb-0000:00:14.0-1/input0
[    3.795168] input: CHICONY HP Basic USB Keyboard as /devices/pci0000:00/0000:00:1a.0/usb1/1-1/1-1.5/1-1.5:1.0/0003:03F0:0024.0002/input/input8
[    3.822781] ata_id (245) used greatest stack depth: 13064 bytes left
[    3.830845] e1000e 0000:00:19.0 eth0: (PCI Express:2.5GT/s:Width x1) b4:b5:2f:c9:74:b9
[    3.830891] e1000e 0000:00:19.0 eth0: Intel(R) PRO/1000 Network Connection
[    3.830922] e1000e 0000:00:19.0 eth0: MAC: 10, PHY: 11, PBA No: 0100FF-0FF
[    3.831292] e1000e 0000:03:00.0: Interrupt Throttling Rate (ints/sec) set to dynamic conservative mode
[    3.847311] hid-generic 0003:03F0:0024.0002: input,hidraw1: USB HID v1.11 Keyboard [CHICONY HP Basic USB Keyboard] on usb-0000:00:1a.0-1.5/input0
[    3.872748] e1000e 0000:03:00.0 0000:03:00.0 (uninitialized): registered PHC clock
[    3.915013] [drm] ring test on 5 succeeded in 2 usecs
[    3.915022] [drm] UVD initialized successfully.
[    3.915744] [drm] ib test on ring 0 succeeded in 0 usecs
[    3.915832] [drm] ib test on ring 3 succeeded in 0 usecs
[    3.920619] e1000e 0000:03:00.0 eth1: (PCI Express:2.5GT/s:Width x1) 68:05:ca:0e:df:da
[    3.920622] e1000e 0000:03:00.0 eth1: Intel(R) PRO/1000 Network Connection
[    3.920682] e1000e 0000:03:00.0 eth1: MAC: 3, PHY: 8, PBA No: G17304-005
[    3.922620] e1000e 0000:00:19.0 eno1: renamed from eth0
[    4.079778] e1000e 0000:03:00.0 enp3s0: renamed from eth1
[    4.567230] [drm] ib test on ring 5 succeeded
[    4.569779] [drm] Radeon Display Connectors
[    4.569781] [drm] Connector 0:
[    4.569783] [drm]   DP-1
[    4.569784] [drm]   HPD2
[    4.569786] [drm]   DDC: 0x6460 0x6460 0x6464 0x6464 0x6468 0x6468 0x646c 0x646c
[    4.569788] [drm]   Encoders:
[    4.569789] [drm]     DFP1: INTERNAL_UNIPHY1
[    4.569791] [drm] Connector 1:
[    4.569792] [drm]   DVI-I-1
[    4.569794] [drm]   HPD4
[    4.569796] [drm]   DDC: 0x6450 0x6450 0x6454 0x6454 0x6458 0x6458 0x645c 0x645c
[    4.569797] [drm]   Encoders:
[    4.569799] [drm]     DFP2: INTERNAL_UNIPHY
[    4.569800] [drm]     CRT1: INTERNAL_KLDSCP_DAC1
[    4.636074] [drm] fb mappable at 0xE0363000
[    4.636081] [drm] vram apper at 0xE0000000
[    4.636082] [drm] size 8294400
[    4.636084] [drm] fb depth is 24
[    4.636085] [drm]    pitch is 7680
[    4.636342] fbcon: radeondrmfb (fb0) is primary device
[    4.636522] Console: switching to colour frame buffer device 240x67
[    4.636550] radeon 0000:01:00.0: fb0: radeondrmfb frame buffer device
[    4.641247] [drm] Initialized radeon 2.50.0 20080528 for 0000:01:00.0 on minor 0
[    4.679762] systemd-udevd (234) used greatest stack depth: 11880 bytes left
[    4.825321] random: crng init done
[    8.006612] EXT4-fs (sda3): mounted filesystem with ordered data mode. Opts: (null)
[    9.136490] ip_tables: (C) 2000-2006 Netfilter Core Team
[    9.174342] systemd[1]: systemd 237 running in system mode. (+PAM +AUDIT +SELINUX +IMA +APPARMOR +SMACK +SYSVINIT +UTMP +LIBCRYPTSETUP +GCRYPT +GNUTLS +ACL +XZ +LZ4 +SECCOMP +BLKID +ELFUTILS +KMOD -IDN2 +IDN -PCRE2 default-hierarchy=hybrid)
[    9.186369] systemd[1]: Detected architecture x86-64.
[    9.195973] systemd[1]: Set hostname to <ele-a2459-16>.
[   10.717617] systemd[1]: Created slice User and Session Slice.
[   10.718224] systemd[1]: Set up automount Arbitrary Executable File Formats File System Automount Point.
[   10.718377] systemd[1]: Started Forward Password Requests to Wall Directory Watch.
[   10.718390] systemd[1]: Reached target User and Group Name Lookups.
[   10.718402] systemd[1]: Reached target System Time Synchronized.
[   10.718763] systemd[1]: Created slice System Slice.
[   10.718784] systemd[1]: Reached target Slices.
[   11.349300] lp: driver loaded but no devices found
[   11.371389] EXT4-fs (sda3): re-mounted. Opts: errors=remount-ro
[   11.435393] ppdev: user-space parallel port driver
[   11.547400] systemd-journald[304]: Received request to flush runtime journal from PID 1
[   11.623169] RPC: Registered named UNIX socket transport module.
[   11.623178] RPC: Registered udp transport module.
[   11.623181] RPC: Registered tcp transport module.
[   11.623184] RPC: Registered tcp NFSv4.1 backchannel transport module.
[   11.674621] Adding 2097148k swap on /swapfile.  Priority:-2 extents:6 across:2260988k FS
[   11.713639] PCI parallel port detected: 9710:9865, I/O at 0xc030(0x0), IRQ 20
[   11.713965] PCI parallel port detected: 9710:9865, I/O at 0xc020(0x0), IRQ 21
[   12.114563] systemd-journald[304]: File /var/log/journal/b976318a295f4b52967604b3214ff620/system.journal corrupted or uncleanly shut down, renaming and replacing.
[   20.427925] audit: type=1400 audit(1574541335.349:2): apparmor="STATUS" operation="profile_load" profile="unconfined" name="libreoffice-senddoc" pid=447 comm="apparmor_parser"
[   20.428483] audit: type=1400 audit(1574541335.350:3): apparmor="STATUS" operation="profile_load" profile="unconfined" name="libreoffice-oopslash" pid=446 comm="apparmor_parser"
[   20.428863] audit: type=1400 audit(1574541335.350:4): apparmor="STATUS" operation="profile_load" profile="unconfined" name="/usr/bin/man" pid=445 comm="apparmor_parser"
[   20.428875] audit: type=1400 audit(1574541335.350:5): apparmor="STATUS" operation="profile_load" profile="unconfined" name="man_filter" pid=445 comm="apparmor_parser"
[   20.428887] audit: type=1400 audit(1574541335.350:6): apparmor="STATUS" operation="profile_load" profile="unconfined" name="man_groff" pid=445 comm="apparmor_parser"
[   20.430284] audit: type=1400 audit(1574541335.352:7): apparmor="STATUS" operation="profile_load" profile="unconfined" name="/sbin/dhclient" pid=442 comm="apparmor_parser"
[   20.430296] audit: type=1400 audit(1574541335.352:8): apparmor="STATUS" operation="profile_load" profile="unconfined" name="/usr/lib/NetworkManager/nm-dhcp-client.action" pid=442 comm="apparmor_parser"
[   20.430306] audit: type=1400 audit(1574541335.352:9): apparmor="STATUS" operation="profile_load" profile="unconfined" name="/usr/lib/NetworkManager/nm-dhcp-helper" pid=442 comm="apparmor_parser"
[   20.430317] audit: type=1400 audit(1574541335.352:10): apparmor="STATUS" operation="profile_load" profile="unconfined" name="/usr/lib/connman/scripts/dhclient-script" pid=442 comm="apparmor_parser"
[   20.430385] audit: type=1400 audit(1574541335.352:11): apparmor="STATUS" operation="profile_load" profile="unconfined" name="/usr/sbin/cups-browsed" pid=451 comm="apparmor_parser"
[   21.638371] shpchp: Standard Hot Plug PCI Controller Driver version: 0.4
[   21.647579] Serial: 8250/16550 driver, 32 ports, IRQ sharing enabled
[   21.668731] 00:08: ttyS0 at I/O 0x3f8 (irq = 4, base_baud = 115200) is a 16550A
[   21.690622] 00:09: ttyS1 at I/O 0x2f8 (irq = 3, base_baud = 115200) is a 16550A
[   21.738979] snd_hda_intel 0000:01:00.1: Handle vga_switcheroo audio client
[   21.750382] input: HDA ATI HDMI HDMI/DP,pcm=3 as /devices/pci0000:00/0000:00:01.0/0000:01:00.1/sound/card1/input9
[   21.776042] radeon_dp_aux_transfer_native: 74 callbacks suppressed
[   21.777869] 0000:00:16.3: ttyS4 at I/O 0xf100 (irq = 19, base_baud = 115200) is a 16550A
[   21.780232] snd_hda_codec_realtek hdaudioC0D0: ALC221: SKU not ready 0x411111f0
[   21.780604] snd_hda_codec_realtek hdaudioC0D0: autoconfig for ALC221: line_outs=1 (0x14/0x0/0x0/0x0/0x0) type:line
[   21.780608] snd_hda_codec_realtek hdaudioC0D0:    speaker_outs=1 (0x17/0x0/0x0/0x0/0x0)
[   21.780612] snd_hda_codec_realtek hdaudioC0D0:    hp_outs=1 (0x21/0x0/0x0/0x0/0x0)
[   21.780616] snd_hda_codec_realtek hdaudioC0D0:    mono: mono_out=0x0
[   21.780619] snd_hda_codec_realtek hdaudioC0D0:    inputs:
[   21.780623] snd_hda_codec_realtek hdaudioC0D0:      Mic=0x1a
[   21.780627] snd_hda_codec_realtek hdaudioC0D0:      Line=0x1b
[   21.808015] 0000:04:00.0: ttyS5 at I/O 0xc030 (irq = 20, base_baud = 115200) is a ST16650V2
[   21.830656] 0000:04:00.1: ttyS6 at I/O 0xc020 (irq = 21, base_baud = 115200) is a ST16650V2
[   21.836571] input: HDA Intel PCH Mic as /devices/pci0000:00/0000:00:1b.0/sound/card0/input10
[   21.836934] input: HDA Intel PCH Line as /devices/pci0000:00/0000:00:1b.0/sound/card0/input11
[   21.837335] input: HDA Intel PCH Line Out as /devices/pci0000:00/0000:00:1b.0/sound/card0/input12
[   21.837759] input: HDA Intel PCH Front Headphone as /devices/pci0000:00/0000:00:1b.0/sound/card0/input13
[   21.843927] ACPI Warning: SystemIO range 0x0000000000000428-0x000000000000042F conflicts with OpRegion 0x0000000000000400-0x000000000000047F (\PMIO) (20170831/utaddress-247)
[   21.843944] ACPI: If an ACPI driver is available for this device, you should use it instead of the native driver
[   21.843952] ACPI Warning: SystemIO range 0x0000000000000540-0x000000000000054F conflicts with OpRegion 0x0000000000000500-0x0000000000000563 (\GPIO) (20170831/utaddress-247)
[   21.843965] ACPI: If an ACPI driver is available for this device, you should use it instead of the native driver
[   21.843970] ACPI Warning: SystemIO range 0x0000000000000530-0x000000000000053F conflicts with OpRegion 0x0000000000000500-0x0000000000000563 (\GPIO) (20170831/utaddress-247)
[   21.843982] ACPI: If an ACPI driver is available for this device, you should use it instead of the native driver
[   21.843987] ACPI Warning: SystemIO range 0x0000000000000500-0x000000000000052F conflicts with OpRegion 0x0000000000000500-0x0000000000000563 (\GPIO) (20170831/utaddress-247)
[   21.844296] ACPI: If an ACPI driver is available for this device, you should use it instead of the native driver
[   21.844297] lpc_ich: Resource conflict(s) found affecting gpio_ich
[   21.888336] RAPL PMU: API unit is 2^-32 Joules, 3 fixed counters, 163840 ms ovfl timer
[   21.888339] RAPL PMU: hw unit of domain pp0-core 2^-16 Joules
[   21.888341] RAPL PMU: hw unit of domain package 2^-16 Joules
[   21.888343] RAPL PMU: hw unit of domain pp1-gpu 2^-16 Joules
[   21.896560] AVX version of gcm_enc/dec engaged.
[   21.896563] AES CTR mode by8 optimization enabled
[   21.954801] intel_rapl: Found RAPL domain package
[   21.954812] intel_rapl: Found RAPL domain core
[   21.954817] intel_rapl: RAPL package 0 domain package locked by BIOS
[   23.076140] input: HP WMI hotkeys as /devices/virtual/input/input14
[   27.025526] systemd-udevd (487) used greatest stack depth: 11680 bytes left
[   28.511483] IPv6: ADDRCONF(NETDEV_UP): eno1: link is not ready
[   28.727787] IPv6: ADDRCONF(NETDEV_UP): eno1: link is not ready
[   28.734202] IPv6: ADDRCONF(NETDEV_UP): enp3s0: link is not ready
[   28.793795] IPv6: ADDRCONF(NETDEV_UP): enp3s0: link is not ready
[   30.628072] radeon_dp_aux_transfer_native: 32 callbacks suppressed
[   32.639016] e1000e: eno1 NIC Link is Up 1000 Mbps Full Duplex, Flow Control: None
[   32.639080] IPv6: ADDRCONF(NETDEV_CHANGE): eno1: link becomes ready
[   64.127734] FS-Cache: Loaded
[   64.170313] FS-Cache: Netfs 'nfs' registered for caching
[   64.208339] NFS: Registering the id_resolver key type
[   64.208356] Key type id_resolver registered
[   64.208359] Key type id_legacy registered
[   64.315759] mount.nfs (1408) used greatest stack depth: 10696 bytes left
[   65.361503] radeon_dp_aux_transfer_native: 32 callbacks suppressed
[   70.677379] radeon_dp_aux_transfer_native: 116 callbacks suppressed
[   71.259909] rfkill: input handler disabled
[   78.909424] mount.nfs (1963) used greatest stack depth: 10480 bytes left
[  551.844671] serial 00:09: disabled
[  551.845872] serial 00:08: disabled
[  557.405590] SerialDriver: loading out-of-tree module taints kernel.
[  557.405689] SerialDriver: module verification failed: signature and/or required key missing - tainting kernel
[  557.406992] Starting 
[  557.407000] PORT 0 ADDR : 49184 
[  557.407003] PORT 0 IRQ : 21 
[  557.407305] Requesting IRQ (21) 
[  557.407332] Request IRQ Status (0) 
[  557.407337] Adding Serial Driver 0 (err. 0)
[  557.407348] DLL VAL 1
[  557.407351] DLM VAL 0
[  557.407367] Before SCR 7
[  557.407375] After SCR 7
[  557.407384] PORT 1 ADDR : 49200 
[  557.407386] PORT 1 IRQ : 20 
[  557.407631] Requesting IRQ (20) 
[  557.407653] Request IRQ Status (0) 
[  557.407659] Adding Serial Driver 1 (err. 0)
[  557.407670] DLL VAL 1
[  557.407673] DLM VAL 0
[  557.407697] Before SCR 7
[  557.407703] After SCR 7
[  600.754493] Exiting
[  600.754948] Removing Serial Driver 0: Goodbye !
[  600.755285] Removing Serial Driver 1: Goodbye !
[  636.980880] Starting 
[  636.980890] PORT 0 ADDR : 49184 
[  636.980893] PORT 0 IRQ : 21 
[  636.981293] Requesting IRQ (21) 
[  636.981326] Request IRQ Status (0) 
[  636.981331] Adding Serial Driver 0 (err. 0)
[  636.981342] DLL VAL 0
[  636.981345] DLM VAL 0
[  636.981360] Before SCR 7
[  636.981367] After SCR 7
[  636.981377] PORT 1 ADDR : 49200 
[  636.981380] PORT 1 IRQ : 20 
[  636.981697] Requesting IRQ (20) 
[  636.981728] Request IRQ Status (0) 
[  636.981736] Adding Serial Driver 1 (err. 0)
[  636.981750] DLL VAL 0
[  636.981756] DLM VAL 0
[  636.981773] Before SCR 7
[  636.981782] After SCR 7
[  666.227869] Exiting
[  666.228312] Removing Serial Driver 0: Goodbye !
[  666.228621] Removing Serial Driver 1: Goodbye !
[  699.106918] Starting 
[  699.106925] PORT 0 ADDR : 49184 
[  699.106928] PORT 0 IRQ : 21 
[  699.107212] Requesting IRQ (21) 
[  699.107237] Request IRQ Status (0) 
[  699.107241] Adding Serial Driver 0 (err. 0)
[  699.107251] DLL VAL 0
[  699.107253] DLM VAL 0
[  699.107267] Before SCR 7
[  699.107273] After SCR 7
[  699.107282] PORT 1 ADDR : 49200 
[  699.107284] PORT 1 IRQ : 20 
[  699.107461] Requesting IRQ (20) 
[  699.107526] Request IRQ Status (0) 
[  699.107531] Adding Serial Driver 1 (err. 0)
[  699.107541] DLL VAL 0
[  699.107545] DLM VAL 0
[  699.107569] Before SCR 7
[  699.107575] After SCR 7
[  754.835038] Exiting
[  754.835464] Removing Serial Driver 0: Goodbye !
[  754.835809] Removing Serial Driver 1: Goodbye !
[  879.954803] general protection fault: 0000 [#1] PREEMPT SMP PTI
[  879.954811] Modules linked in: SerialDriver(OE+) nfsv3 nfs_acl rpcsec_gss_krb5 auth_rpcgss nfsv4 nfs lockd grace fscache input_leds hp_wmi sparse_keymap wmi_bmof serio_raw tpm_infineon intel_rapl x86_pkg_temp_thermal intel_powerclamp coretemp kvm_intel kvm irqbypass crct10dif_pclmul crc32_pclmul ghash_clmulni_intel pcbc aesni_intel aes_x86_64 crypto_simd glue_helper cryptd intel_cstate intel_rapl_perf lpc_ich snd_seq_midi snd_seq_midi_event snd_hda_codec_realtek snd_hda_codec_generic snd_rawmidi snd_hda_codec_hdmi snd_hda_intel snd_hda_codec snd_hda_core snd_seq snd_hwdep snd_seq_device snd_pcm snd_timer snd mac_hid soundcore mei_me mei shpchp ie31200_edac binfmt_misc sch_fq_codel parport_pc sunrpc ppdev lp parport ip_tables x_tables autofs4 hid_generic radeon psmouse i2c_algo_bit ttm usbhid drm_kms_helper
[  879.954937]  hid syscopyarea sysfillrect sysimgblt fb_sys_fops drm pata_acpi e1000e ptp pps_core wmi video [last unloaded: SerialDriver]
[  879.954964] CPU: 3 PID: 3278 Comm: insmod Tainted: G           OE    4.15.18 #2
[  879.954968] Hardware name: Hewlett-Packard HP Compaq Elite 8300 CMT/3396, BIOS K01 v02.05 05/07/2012
[  879.954976] RIP: 0010:__kmalloc_track_caller+0xe4/0x340
[  879.954980] RSP: 0018:ffffa0b6886c7cb0 EFLAGS: 00010282
[  879.954986] RAX: 0000000000000000 RBX: 8c614b1e4101c631 RCX: 0000000070914003
[  879.954990] RDX: 0000000070912003 RSI: 0000000070912003 RDI: 00000000001e7040
[  879.954994] RBP: ffffa0b6886c7ce8 R08: 0000000000000001 R09: ffff94a000898720
[  879.954997] R10: 739edfbe41884111 R11: 0000000000000000 R12: ffff94a000898720
[  879.955001] R13: 00000000014000c0 R14: 0000000000000005 R15: ffff94a094007b80
[  879.955006] FS:  00007fc8846d2540(0000) GS:ffff94a094c00000(0000) knlGS:0000000000000000
[  879.955010] CS:  0010 DS: 0000 ES: 0000 CR0: 0000000080050033
[  879.955013] CR2: 000055c7e76ade18 CR3: 000000017da1a006 CR4: 00000000001606e0
[  879.955017] Call Trace:
[  879.955025]  ? load_module+0x1d0b/0x2070
[  879.955035]  kstrdup+0x31/0x60
[  879.955042]  load_module+0x1d0b/0x2070
[  879.955050]  ? show_coresize+0x30/0x30
[  879.955060]  ? ima_post_read_file+0x96/0xa0
[  879.955074]  SYSC_finit_module+0xfc/0x120
[  879.955078]  ? SYSC_finit_module+0xfc/0x120
[  879.955090]  SyS_finit_module+0xe/0x10
[  879.955098]  do_syscall_64+0x7b/0x1e0
[  879.955107]  entry_SYSCALL_64_after_hwframe+0x42/0xb7
[  879.955112] RIP: 0033:0x7fc8841f5839
[  879.955115] RSP: 002b:00007ffcf29fd3a8 EFLAGS: 00000246 ORIG_RAX: 0000000000000139
[  879.955121] RAX: ffffffffffffffda RBX: 000055c7e76aa7c0 RCX: 00007fc8841f5839
[  879.955125] RDX: 0000000000000000 RSI: 000055c7e76aa260 RDI: 0000000000000003
[  879.955129] RBP: 000055c7e76aa260 R08: 0000000000000000 R09: 0000000000000000
[  879.955132] R10: 0000000000000003 R11: 0000000000000246 R12: 0000000000000000
[  879.955136] R13: 000055c7e76ace10 R14: 0000000000000000 R15: 000055c7e76aa260
[  879.955147] Code: 4d 01 e1 4d 8b 11 4d 33 97 a0 01 00 00 4c 89 cb 4c 31 d3 65 48 0f c7 0f 0f 94 c0 84 c0 74 9d 4d 39 d1 74 14 49 63 47 20 48 01 c3 <48> 33 1b 49 33 9f a0 01 00 00 0f 18 0b 41 f7 c5 00 80 00 00 49 
[  879.955266] RIP: __kmalloc_track_caller+0xe4/0x340 RSP: ffffa0b6886c7cb0
[  879.955272] ---[ end trace 679401c928d9ddf8 ]---
[  883.938073] general protection fault: 0000 [#2] PREEMPT SMP PTI
[  883.938079] Modules linked in: SerialDriver(OE+) nfsv3 nfs_acl rpcsec_gss_krb5 auth_rpcgss nfsv4 nfs lockd grace fscache input_leds hp_wmi sparse_keymap wmi_bmof serio_raw tpm_infineon intel_rapl x86_pkg_temp_thermal intel_powerclamp coretemp kvm_intel kvm irqbypass crct10dif_pclmul crc32_pclmul ghash_clmulni_intel pcbc aesni_intel aes_x86_64 crypto_simd glue_helper cryptd intel_cstate intel_rapl_perf lpc_ich snd_seq_midi snd_seq_midi_event snd_hda_codec_realtek snd_hda_codec_generic snd_rawmidi snd_hda_codec_hdmi snd_hda_intel snd_hda_codec snd_hda_core snd_seq snd_hwdep snd_seq_device snd_pcm snd_timer snd mac_hid soundcore mei_me mei shpchp ie31200_edac binfmt_misc sch_fq_codel parport_pc sunrpc ppdev lp parport ip_tables x_tables autofs4 hid_generic radeon psmouse i2c_algo_bit ttm usbhid drm_kms_helper
[  883.938178]  hid syscopyarea sysfillrect sysimgblt fb_sys_fops drm pata_acpi e1000e ptp pps_core wmi video [last unloaded: SerialDriver]
[  883.938197] CPU: 3 PID: 1587 Comm: gnome-shell Tainted: G      D    OE    4.15.18 #2
[  883.938199] Hardware name: Hewlett-Packard HP Compaq Elite 8300 CMT/3396, BIOS K01 v02.05 05/07/2012
[  883.938205] RIP: 0010:__kmalloc_node+0x1fd/0x440
[  883.938207] RSP: 0018:ffffa0b6838b7be0 EFLAGS: 00010282
[  883.938211] RAX: 8c614b1e4101c631 RBX: 0000000001080020 RCX: 0000000070916003
[  883.938213] RDX: 0000000070914003 RSI: 0000000070914003 RDI: 00000000001e7040
[  883.938215] RBP: ffffa0b6838b7c18 R08: ffff94a094007b80 R09: 8c614b1e4101c631
[  883.938218] R10: ffff94a0940415f0 R11: 0000000000000000 R12: 0000000001080020
[  883.938220] R13: ffff94a094007b80 R14: 0000000000000008 R15: 8c614b1e4101c631
[  883.938223] FS:  00007fbfe4dcdac0(0000) GS:ffff94a094c00000(0000) knlGS:0000000000000000
[  883.938225] CS:  0010 DS: 0000 ES: 0000 CR0: 0000000080050033
[  883.938227] CR2: 000024ae95c5a803 CR3: 00000002041bc004 CR4: 00000000001606e0
[  883.938229] Call Trace:
[  883.938237]  ? alloc_cpumask_var_node+0x1f/0x30
[  883.938243]  ? flush_tlb_func_common.constprop.11+0x420/0x420
[  883.938246]  alloc_cpumask_var_node+0x1f/0x30
[  883.938250]  alloc_cpumask_var+0xe/0x10
[  883.938255]  native_send_call_func_ipi+0x30/0x130
[  883.938261]  smp_call_function_many+0x1f7/0x260
[  883.938265]  native_flush_tlb_others+0x59/0x220
[  883.938269]  flush_tlb_mm_range+0xcc/0x160
[  883.938276]  change_protection+0x9b0/0xa30
[  883.938286]  mprotect_fixup+0x118/0x270
[  883.938292]  do_mprotect_pkey+0x227/0x300
[  883.938297]  SyS_mprotect+0x13/0x20
[  883.938302]  do_syscall_64+0x7b/0x1e0
[  883.938308]  entry_SYSCALL_64_after_hwframe+0x42/0xb7
[  883.938311] RIP: 0033:0x7fbfe1e9bae7
[  883.938313] RSP: 002b:00007fff6eab62e8 EFLAGS: 00000246 ORIG_RAX: 000000000000000a
[  883.938317] RAX: ffffffffffffffda RBX: 000024ae95cf8000 RCX: 00007fbfe1e9bae7
[  883.938319] RDX: 0000000000000003 RSI: 0000000000010000 RDI: 000024ae95ce8000
[  883.938321] RBP: 00007fff6eab6310 R08: 0000000000000000 R09: 000055fa99b79460
[  883.938324] R10: 0000000000000000 R11: 0000000000000246 R12: 000024ae95ce8000
[  883.938326] R13: 0000000000000001 R14: 000000000000fff0 R15: 00007fbfb8016220
[  883.938333] Code: 65 ff 0d 77 8b f7 71 0f 85 32 ff ff ff e8 eb 5d d6 ff e9 28 ff ff ff 4d 63 48 20 49 8b 38 48 8d 8a 00 20 00 00 4c 89 f8 4d 01 f9 <4d> 8b 19 4d 33 98 a0 01 00 00 4c 89 cb 4c 31 db 65 48 0f c7 0f 
[  883.938411] RIP: __kmalloc_node+0x1fd/0x440 RSP: ffffa0b6838b7be0
[  883.938415] ---[ end trace 679401c928d9ddf9 ]---
[  883.938418] BUG: sleeping function called from invalid context at ./include/linux/percpu-rwsem.h:34
[  883.938421] in_atomic(): 1, irqs_disabled(): 0, pid: 1587, name: gnome-shell
[  883.938423] INFO: lockdep is turned off.
[  883.938425] Preemption disabled at:
[  883.938428] [<000000000774020f>] flush_tlb_mm_range+0x57/0x160
[  883.938432] CPU: 3 PID: 1587 Comm: gnome-shell Tainted: G      D    OE    4.15.18 #2
[  883.938435] Hardware name: Hewlett-Packard HP Compaq Elite 8300 CMT/3396, BIOS K01 v02.05 05/07/2012
[  883.938437] Call Trace:
[  883.938440]  dump_stack+0x8e/0xcb
[  883.938446]  ___might_sleep+0x185/0x260
[  883.938450]  __might_sleep+0x4a/0x80
[  883.938455]  exit_signals+0x33/0x2d0
[  883.938460]  do_exit+0xb1/0xd40
[  883.938468]  rewind_stack_do_exit+0x17/0x20
[  883.938470] RIP: 0033:0x7fbfe1e9bae7
[  883.938473] RSP: 002b:00007fff6eab62e8 EFLAGS: 00000246 ORIG_RAX: 000000000000000a
[  883.938476] RAX: ffffffffffffffda RBX: 000024ae95cf8000 RCX: 00007fbfe1e9bae7
[  883.938479] RDX: 0000000000000003 RSI: 0000000000010000 RDI: 000024ae95ce8000
[  883.938481] RBP: 00007fff6eab6310 R08: 0000000000000000 R09: 000055fa99b79460
[  883.938484] R10: 0000000000000000 R11: 0000000000000246 R12: 000024ae95ce8000
[  883.938486] R13: 0000000000000001 R14: 000000000000fff0 R15: 00007fbfb8016220
[  883.938496] note: gnome-shell[1587] exited with preempt_count 1
